Component: Arm Compiler for Embedded 6.24 Tool: armlink [5f371500]

==============================================================================

Section Cross References

    tb6612.o(.text.tb6612_init) refers to zf_driver_gpio.o(.text.gpio_init) for gpio_init
    tb6612.o(.text.tb6612_init) refers to zf_driver_pwm.o(.text.pwm_init) for pwm_init
    tb6612.o(.text.tb6612_init) refers to tb6612.o(.text.tb6612_stop_all) for tb6612_stop_all
    tb6612.o(.ARM.exidx.text.tb6612_init) refers to tb6612.o(.text.tb6612_init) for [Anonymous Symbol]
    tb6612.o(.text.tb6612_stop_all) refers to tb6612.o(.text.tb6612_set_motor) for tb6612_set_motor
    tb6612.o(.ARM.exidx.text.tb6612_stop_all) refers to tb6612.o(.text.tb6612_stop_all) for [Anonymous Symbol]
    tb6612.o(.text.tb6612_set_motor) refers to tb6612.o(.text.tb6612_apply) for tb6612_apply
    tb6612.o(.ARM.exidx.text.tb6612_set_motor) refers to tb6612.o(.text.tb6612_set_motor) for [Anonymous Symbol]
    tb6612.o(.text.tb6612_apply) refers to tb6612.o(.text.tb6612_limit_duty) for tb6612_limit_duty
    tb6612.o(.text.tb6612_apply) refers to zf_driver_gpio.o(.text.gpio_set_level) for gpio_set_level
    tb6612.o(.text.tb6612_apply) refers to zf_driver_pwm.o(.text.pwm_set_duty) for pwm_set_duty
    tb6612.o(.ARM.exidx.text.tb6612_apply) refers to tb6612.o(.text.tb6612_apply) for [Anonymous Symbol]
    tb6612.o(.text.tb6612_stop_motor) refers to tb6612.o(.text.tb6612_set_motor) for tb6612_set_motor
    tb6612.o(.ARM.exidx.text.tb6612_stop_motor) refers to tb6612.o(.text.tb6612_stop_motor) for [Anonymous Symbol]
    tb6612.o(.ARM.exidx.text.tb6612_limit_duty) refers to tb6612.o(.text.tb6612_limit_duty) for [Anonymous Symbol]
    wheel_encoder.o(.text.wheel_encoder_init) refers to zf_driver_exti.o(.text.exti_init) for exti_init
    wheel_encoder.o(.text.wheel_encoder_init) refers to wheel_encoder.o(.text.wheel_encoder_read_state) for wheel_encoder_read_state
    wheel_encoder.o(.text.wheel_encoder_init) refers to wheel_encoder.o(.text.wheel_encoder_clear_all) for wheel_encoder_clear_all
    wheel_encoder.o(.text.wheel_encoder_init) refers to wheel_encoder.o(.text.wheel_encoder_edge_callback) for wheel_encoder_edge_callback
    wheel_encoder.o(.text.wheel_encoder_init) refers to wheel_encoder.o(.data.wheel_encoder_callback_context) for [Anonymous Symbol]
    wheel_encoder.o(.text.wheel_encoder_init) refers to wheel_encoder.o(.bss.wheel_encoder_previous_state) for [Anonymous Symbol]
    wheel_encoder.o(.ARM.exidx.text.wheel_encoder_init) refers to wheel_encoder.o(.text.wheel_encoder_init) for [Anonymous Symbol]
    wheel_encoder.o(.text.wheel_encoder_edge_callback) refers to wheel_encoder.o(.text.wheel_encoder_read_state) for wheel_encoder_read_state
    wheel_encoder.o(.text.wheel_encoder_edge_callback) refers to wheel_encoder.o(.bss.wheel_encoder_edge_count) for [Anonymous Symbol]
    wheel_encoder.o(.text.wheel_encoder_edge_callback) refers to wheel_encoder.o(.bss.wheel_encoder_previous_state) for [Anonymous Symbol]
    wheel_encoder.o(.text.wheel_encoder_edge_callback) refers to wheel_encoder.o(.rodata.quadrature_transition) for [Anonymous Symbol]
    wheel_encoder.o(.text.wheel_encoder_edge_callback) refers to wheel_encoder.o(.bss.wheel_encoder_count) for [Anonymous Symbol]
    wheel_encoder.o(.ARM.exidx.text.wheel_encoder_edge_callback) refers to wheel_encoder.o(.text.wheel_encoder_edge_callback) for [Anonymous Symbol]
    wheel_encoder.o(.text.wheel_encoder_read_state) refers to zf_driver_gpio.o(.text.gpio_get_level) for gpio_get_level
    wheel_encoder.o(.ARM.exidx.text.wheel_encoder_read_state) refers to wheel_encoder.o(.text.wheel_encoder_read_state) for [Anonymous Symbol]
    wheel_encoder.o(.text.wheel_encoder_clear_all) refers to wheel_encoder.o(.text.wheel_encoder_clear) for wheel_encoder_clear
    wheel_encoder.o(.ARM.exidx.text.wheel_encoder_clear_all) refers to wheel_encoder.o(.text.wheel_encoder_clear_all) for [Anonymous Symbol]
    wheel_encoder.o(.text.wheel_encoder_get_count) refers to wheel_encoder.o(.bss.wheel_encoder_count) for [Anonymous Symbol]
    wheel_encoder.o(.ARM.exidx.text.wheel_encoder_get_count) refers to wheel_encoder.o(.text.wheel_encoder_get_count) for [Anonymous Symbol]
    wheel_encoder.o(.text.wheel_encoder_get_edge_count) refers to wheel_encoder.o(.bss.wheel_encoder_edge_count) for [Anonymous Symbol]
    wheel_encoder.o(.ARM.exidx.text.wheel_encoder_get_edge_count) refers to wheel_encoder.o(.text.wheel_encoder_get_edge_count) for [Anonymous Symbol]
    wheel_encoder.o(.text.wheel_encoder_get_state) refers to wheel_encoder.o(.text.wheel_encoder_read_state) for wheel_encoder_read_state
    wheel_encoder.o(.ARM.exidx.text.wheel_encoder_get_state) refers to wheel_encoder.o(.text.wheel_encoder_get_state) for [Anonymous Symbol]
    wheel_encoder.o(.text.wheel_encoder_clear) refers to wheel_encoder.o(.bss.wheel_encoder_count) for [Anonymous Symbol]
[...]
    _fp_trap_init                             - Undefined Weak Reference
    _fp_trap_shutdown                         - Undefined Weak Reference
    _get_lc_collate                           - Undefined Weak Reference
    _get_lc_monetary                          - Undefined Weak Reference
    _get_lc_time                              - Undefined Weak Reference
    _getenv_init                              - Undefined Weak Reference
    _handle_redirection                       - Undefined Weak Reference
    _init_alloc                               - Undefined Weak Reference
    _init_user_alloc                          - Undefined Weak Reference
    _initio                                   - Undefined Weak Reference
    _printf_mbtowc                            - Undefined Weak Reference
    _printf_wc                                - Undefined Weak Reference
    _rand_init                                - Undefined Weak Reference
    _signal_finish                            - Undefined Weak Reference
    _signal_init                              - Undefined Weak Reference
    _terminate_alloc                          - Undefined Weak Reference
    _terminate_user_alloc                     - Undefined Weak Reference
    _terminateio                              - Undefined Weak Reference
    __Vectors_End                            0x000000c0   Data           0  startup_mspm0g350x_uvision.o(RESET)
    __Vectors_Size                           0x000000c0   Number         0  startup_mspm0g350x_uvision.o ABSOLUTE
    __main                                   0x000000c1   Thumb Code     8  __main.o(!!!main)
    __scatterload                            0x000000c9   Thumb Code     0  __scatter.o(!!!scatter)
    __scatterload_rt2                        0x000000c9   Thumb Code    74  __scatter.o(!!!scatter)
    __scatterload_rt2_thumb_only             0x000000c9   Thumb Code     0  __scatter.o(!!!scatter)
    __scatterload_loop                       0x000000d3   Thumb Code     0  __scatter.o(!!!scatter)
    __scatterload_copy                       0x00000121   Thumb Code    26  __scatter_copy.o(!!handler_copy)
    __scatterload_null                       0x00000141   Thumb Code     2  __scatter.o(!!handler_null)
    __scatterload_zeroinit                   0x00000149   Thumb Code    28  __scatter_zi.o(!!handler_zi)
    _printf_percent                          0x00000165   Thumb Code     0  _printf_percent.o(.ARM.Collect$$_printf_percent$$00000000)
    _printf_n                                0x00000167   Thumb Code     0  _printf_n.o(.ARM.Collect$$_printf_percent$$00000001)
    _printf_p                                0x00000171   Thumb Code     0  _printf_p.o(.ARM.Collect$$_printf_percent$$00000002)
    _printf_f                                0x0000017b   Thumb Code     0  _printf_f.o(.ARM.Collect$$_printf_percent$$00000003)
    _printf_e                                0x00000185   Thumb Code     0  _printf_e.o(.ARM.Collect$$_printf_percent$$00000004)
    _printf_g                                0x0000018f   Thumb Code     0  _printf_g.o(.ARM.Collect$$_printf_percent$$00000005)
    _printf_a                                0x00000199   Thumb Code     0  _printf_a.o(.ARM.Collect$$_printf_percent$$00000006)
    _printf_ll                               0x000001a3   Thumb Code     0  _printf_ll.o(.ARM.Collect$$_printf_percent$$00000007)
    _printf_i                                0x000001ad   Thumb Code     0  _printf_i.o(.ARM.Collect$$_printf_percent$$00000008)
    _printf_d                                0x000001b7   Thumb Code     0  _printf_d.o(.ARM.Collect$$_printf_percent$$00000009)
    _printf_u                                0x000001c1   Thumb Code     0  _printf_u.o(.ARM.Collect$$_printf_percent$$0000000A)
    _printf_o                                0x000001cb   Thumb Code     0  _printf_o.o(.ARM.Collect$$_printf_percent$$0000000B)
    _printf_x                                0x000001d5   Thumb Code     0  _printf_x.o(.ARM.Collect$$_printf_percent$$0000000C)
    _printf_lli                              0x000001df   Thumb Code     0  _printf_lli.o(.ARM.Collect$$_printf_percent$$0000000D)
    _printf_lld                              0x000001e9   Thumb Code     0  _printf_lld.o(.ARM.Collect$$_printf_percent$$0000000E)
    _printf_llu                              0x000001f3   Thumb Code     0  _printf_llu.o(.ARM.Collect$$_printf_percent$$0000000F)
    _printf_llo                              0x000001fd   Thumb Code     0  _printf_llo.o(.ARM.Collect$$_printf_percent$$00000010)
    _printf_llx                              0x00000207   Thumb Code     0  _printf_llx.o(.ARM.Collect$$_printf_percent$$00000011)
    _printf_l                                0x00000211   Thumb Code     0  _printf_l.o(.ARM.Collect$$_printf_percent$$00000012)
    _printf_c                                0x0000021b   Thumb Code     0  _printf_c.o(.ARM.Collect$$_printf_percent$$00000013)
    _printf_s                                0x00000225   Thumb Code     0  _printf_s.o(.ARM.Collect$$_printf_percent$$00000014)
    _printf_lc                               0x0000022f   Thumb Code     0  _printf_lc.o(.ARM.Collect$$_printf_percent$$00000015)
    _printf_ls                               0x00000239   Thumb Code     0  _printf_ls.o(.ARM.Collect$$_printf_percent$$00000016)
    _printf_percent_end                      0x00000243   Thumb Code     0  _printf_percent_end.o(.ARM.Collect$$_printf_percent$$00000017)
    __rt_lib_init                            0x00000247   Thumb Code     0  libinit.o(.ARM.Collect$$libinit$$00000000)
    __rt_lib_init_fp_1                       0x00000249   Thumb Code     0  libinit2.o(.ARM.Collect$$libinit$$00000002)
    __rt_lib_init_heap_1                     0x00000249   Thumb Code     0  libinit2.o(.ARM.Collect$$libinit$$0000000C)
    __rt_lib_init_lc_common                  0x00000249   Thumb Code     0  libinit2.o(.ARM.Collect$$libinit$$00000011)
    __rt_lib_init_preinit_1                  0x00000249   Thumb Code     0  libinit2.o(.ARM.Collect$$libinit$$00000006)
    __rt_lib_init_rand_1                     0x00000249   Thumb Code     0  libinit2.o(.ARM.Collect$$libinit$$00000010)
    __rt_lib_init_relocate_pie_1             0x00000249   Thumb Code     0  libinit2.o(.ARM.Collect$$libinit$$00000004)
    __rt_lib_init_user_alloc_1               0x00000249   Thumb Code     0  libinit2.o(.ARM.Collect$$libinit$$0000000E)
    __rt_lib_init_lc_collate_1               0x0000024f   Thumb Code     0  libinit2.o(.ARM.Collect$$libinit$$00000013)
    __rt_lib_init_lc_ctype_2                 0x0000024f   Thumb Code     0  libinit2.o(.ARM.Collect$$libinit$$00000014)
    __rt_lib_init_lc_ctype_1                 0x0000025b   Thumb Code     0  libinit2.o(.ARM.Collect$$libinit$$00000015)
    __rt_lib_init_lc_monetary_1              0x0000025b   Thumb Code     0  libinit2.o(.ARM.Collect$$libinit$$00000017)
    __rt_lib_init_lc_numeric_2               0x0000025b   Thumb Code     0  libinit2.o(.ARM.Collect$$libinit$$00000018)
    __rt_lib_init_alloca_1                   0x00000265   Thumb Code     0  libinit2.o(.ARM.Collect$$libinit$$00000030)
    __rt_lib_init_argv_1                     0x00000265   Thumb Code     0  libinit2.o(.ARM.Collect$$libinit$$0000002E)
    __rt_lib_init_atexit_1                   0x00000265   Thumb Code     0  libinit2.o(.ARM.Collect$$libinit$$0000001D)
    __rt_lib_init_clock_1                    0x00000265   Thumb Code     0  libinit2.o(.ARM.Collect$$libinit$$00000023)
    __rt_lib_init_cpp_1                      0x00000265   Thumb Code     0  libinit2.o(.ARM.Collect$$libinit$$00000034)
    __rt_lib_init_exceptions_1               0x00000265   Thumb Code     0  libinit2.o(.ARM.Collect$$libinit$$00000032)
    __rt_lib_init_fp_trap_1                  0x00000265   Thumb Code     0  libinit2.o(.ARM.Collect$$libinit$$00000021)
    __rt_lib_init_getenv_1                   0x00000265   Thumb Code     0  libinit2.o(.ARM.Collect$$libinit$$00000025)
    __rt_lib_init_lc_numeric_1               0x00000265   Thumb Code     0  libinit2.o(.ARM.Collect$$libinit$$00000019)
    __rt_lib_init_lc_time_1                  0x00000265   Thumb Code     0  libinit2.o(.ARM.Collect$$libinit$$0000001B)
    __rt_lib_init_return                     0x00000265   Thumb Code     0  libinit2.o(.ARM.Collect$$libinit$$00000035)
    __rt_lib_init_signal_1                   0x00000265   Thumb Code     0  libinit2.o(.ARM.Collect$$libinit$$0000001F)
    __rt_lib_init_stdio_1                    0x00000265   Thumb Code     0  libinit2.o(.ARM.Collect$$libinit$$00000027)
    __rt_lib_shutdown                        0x00000267   Thumb Code     0  libshutdown.o(.ARM.Collect$$libshutdown$$00000000)
    __rt_lib_shutdown_cpp_1                  0x00000269   Thumb Code     0  libshutdown2.o(.ARM.Collect$$libshutdown$$00000002)
    __rt_lib_shutdown_fp_trap_1              0x00000269   Thumb Code     0  libshutdown2.o(.ARM.Collect$$libshutdown$$00000007)
    __rt_lib_shutdown_heap_1                 0x00000269   Thumb Code     0  libshutdown2.o(.ARM.Collect$$libshutdown$$0000000F)
    __rt_lib_shutdown_return                 0x00000269   Thumb Code     0  libshutdown2.o(.ARM.Collect$$libshutdown$$00000010)
    __rt_lib_shutdown_signal_1               0x00000269   Thumb Code     0  libshutdown2.o(.ARM.Collect$$libshutdown$$0000000A)
    __rt_lib_shutdown_stdio_1                0x00000269   Thumb Code     0  libshutdown2.o(.ARM.Collect$$libshutdown$$00000004)
    __rt_lib_shutdown_user_alloc_1           0x00000269   Thumb Code     0  libshutdown2.o(.ARM.Collect$$libshutdown$$0000000C)
    __rt_entry                               0x0000026b   Thumb Code     0  __rtentry.o(.ARM.Collect$$rtentry$$00000000)
    __rt_entry_presh_1                       0x0000026b   Thumb Code     0  __rtentry2.o(.ARM.Collect$$rtentry$$00000002)
    __rt_entry_sh                            0x0000026b   Thumb Code     0  __rtentry4.o(.ARM.Collect$$rtentry$$00000004)
    __rt_entry_li                            0x00000271   Thumb Code     0  __rtentry2.o(.ARM.Collect$$rtentry$$0000000A)
    __rt_entry_postsh_1                      0x00000271   Thumb Code     0  __rtentry2.o(.ARM.Collect$$rtentry$$00000009)
    __rt_entry_main                          0x00000275   Thumb Code     0  __rtentry2.o(.ARM.Collect$$rtentry$$0000000D)
    __rt_entry_postli_1                      0x00000275   Thumb Code     0  __rtentry2.o(.ARM.Collect$$rtentry$$0000000C)
    __rt_exit                                0x0000027d   Thumb Code     0  rtexit.o(.ARM.Collect$$rtexit$$00000000)
    __rt_exit_ls                             0x0000027f   Thumb Code     0  rtexit2.o(.ARM.Collect$$rtexit$$00000003)
    __rt_exit_prels_1                        0x0000027f   Thumb Code     0  rtexit2.o(.ARM.Collect$$rtexit$$00000002)
    __rt_exit_exit                           0x00000283   Thumb Code     0  rtexit2.o(.ARM.Collect$$rtexit$$00000004)
    __aeabi_memcpy4                          0x00000289   Thumb Code    56  rt_memcpy.o(.emb_text)
    __aeabi_memcpy8                          0x00000289   Thumb Code     0  rt_memcpy.o(.emb_text)
    Reset_Handler                            0x000002c1   Thumb Code     4  startup_mspm0g350x_uvision.o(.text)
    NMI_Handler                              0x000002c5   Thumb Code     2  startup_mspm0g350x_uvision.o(.text)
    HardFault_Handler                        0x000002c7   Thumb Code     2  startup_mspm0g350x_uvision.o(.text)
    SVC_Handler                              0x000002c9   Thumb Code     2  startup_mspm0g350x_uvision.o(.text)
    PendSV_Handler                           0x000002cb   Thumb Code     2  startup_mspm0g350x_uvision.o(.text)
    SysTick_Handler                          0x000002cd   Thumb Code     2  startup_mspm0g350x_uvision.o(.text)
    ADC0_IRQHandler                          0x000002cf   Thumb Code     0  startup_mspm0g350x_uvision.o(.text)
    ADC1_IRQHandler                          0x000002cf   Thumb Code     0  startup_mspm0g350x_uvision.o(.text)
    AES_IRQHandler                           0x000002cf   Thumb Code     0  startup_mspm0g350x_uvision.o(.text)
    CANFD0_IRQHandler                        0x000002cf   Thumb Code     0  startup_mspm0g350x_uvision.o(.text)
    DAC0_IRQHandler                          0x000002cf   Thumb Code     0  startup_mspm0g350x_uvision.o(.text)
    DMA_IRQHandler                           0x000002cf   Thumb Code     0  startup_mspm0g350x_uvision.o(.text)
    Default_Handler                          0x000002cf   Thumb Code     2  startup_mspm0g350x_uvision.o(.text)
    GROUP0_IRQHandler                        0x000002cf   Thumb Code     0  startup_mspm0g350x_uvision.o(.text)
    I2C0_IRQHandler                          0x000002cf   Thumb Code     0  startup_mspm0g350x_uvision.o(.text)
    I2C1_IRQHandler                          0x000002cf   Thumb Code     0  startup_mspm0g350x_uvision.o(.text)
    RTC_IRQHandler                           0x000002cf   Thumb Code     0  startup_mspm0g350x_uvision.o(.text)
    SPI0_IRQHandler                          0x000002cf   Thumb Code     0  startup_mspm0g350x_uvision.o(.text)
    SPI1_IRQHandler                          0x000002cf   Thumb Code     0  startup_mspm0g350x_uvision.o(.text)
    __user_initial_stackheap                 0x000002d1   Thumb Code    10  startup_mspm0g350x_uvision.o(.text)
    sprintf                                  0x000002f1   Thumb Code    40  sprintf.o(.text)
    strlen                                   0x0000031d   Thumb Code    62  strlen.o(.text)
    __aeabi_memcpy                           0x00000361   Thumb Code   130  rt_memcpy.o(.text)
    __rt_memcpy                              0x00000361   Thumb Code     0  rt_memcpy.o(.text)
    _memset_w                                0x000003e3   Thumb Code    26  rt_memclr.o(.text)
    _memset                                  0x000003fd   Thumb Code    30  rt_memclr.o(.text)
    __aeabi_memclr                           0x0000041b   Thumb Code     4  rt_memclr.o(.text)
    __rt_memclr                              0x0000041b   Thumb Code     0  rt_memclr.o(.text)
    __aeabi_memclr4                          0x0000041f   Thumb Code     0  rt_memclr.o(.text)
    __aeabi_memclr8                          0x0000041f   Thumb Code     0  rt_memclr.o(.text)
    __rt_memclr_w                            0x0000041f   Thumb Code     4  rt_memclr.o(.text)
    strcmp                                   0x00000425   Thumb Code   132  strcmp.o(.text)
    __aeabi_uidiv                            0x000004ad   Thumb Code     0  aeabi_sdiv.o(.text)
    __aeabi_uidivmod                         0x000004ad   Thumb Code    20  aeabi_sdiv.o(.text)
    __aeabi_idiv                             0x000004c1   Thumb Code     0  aeabi_sdiv.o(.text)
    __aeabi_idivmod                          0x000004c1   Thumb Code   338  aeabi_sdiv.o(.text)
    __use_two_region_memory                  0x00000619   Thumb Code     2  heapauxi.o(.text)
    __rt_heap_escrow$2region                 0x0000061b   Thumb Code     2  heapauxi.o(.text)
    __rt_heap_expand$2region                 0x0000061d   Thumb Code     2  heapauxi.o(.text)
    __adddf3                                 0x00000919   Thumb Code     0  daddsub.o(.text)
    __aeabi_dadd                             0x00000919   Thumb Code     0  daddsub.o(.text)
    _dadd                                    0x00000919   Thumb Code    26  daddsub.o(.text)
    __aeabi_dsub                             0x00000933   Thumb Code     0  daddsub.o(.text)
    __subdf3                                 0x00000933   Thumb Code     0  daddsub.o(.text)
    _dsub                                    0x00000933   Thumb Code    22  daddsub.o(.text)
    __aeabi_drsub                            0x00000949   Thumb Code     0  daddsub.o(.text)
    _drsb                                    0x00000949   Thumb Code    28  daddsub.o(.text)
    __aeabi_ddiv                             0x00000979   Thumb Code     0  ddiv.o(.text)
    __divdf3                                 0x00000979   Thumb Code     0  ddiv.o(.text)
    _ddiv                                    0x00000979   Thumb Code  1072  ddiv.o(.text)
    _drdiv                                   0x00000da9   Thumb Code    20  ddiv.o(.text)
    __aeabi_d2iz                             0x00000dc1   Thumb Code     0  dfixi.o(.text)
    _dfix                                    0x00000dc1   Thumb Code    98  dfixi.o(.text)
    __aeabi_i2d_normalise                    0x00000e2d   Thumb Code    66  dflti.o(.text)
    __aeabi_i2d                              0x00000e6f   Thumb Code    16  dflti.o(.text)
    _dflt                                    0x00000e6f   Thumb Code     0  dflti.o(.text)
    __aeabi_ui2d                             0x00000e7f   Thumb Code     6  dflti.o(.text)
    _dfltu                                   0x00000e7f   Thumb Code     0  dflti.o(.text)
    __aeabi_dmul                             0x00000e85   Thumb Code     0  dmul.o(.text)
    __muldf3                                 0x00000e85   Thumb Code     0  dmul.o(.text)
    _dmul                                    0x00000e85   Thumb Code   558  dmul.o(.text)
    __aeabi_fdiv                             0x000010cd   Thumb Code     0  fdiv.o(.text)
    __divsf3                                 0x000010cd   Thumb Code     0  fdiv.o(.text)
    _fdiv                                    0x000010cd   Thumb Code   334  fdiv.o(.text)
    _frdiv                                   0x0000121b   Thumb Code     8  fdiv.o(.text)
    __aeabi_f2iz                             0x0000122d   Thumb Code     0  ffixi.o(.text)
    _ffix                                    0x0000122d   Thumb Code    76  ffixi.o(.text)
    __aeabi_f2uiz                            0x00001279   Thumb Code     0  ffixui.o(.text)
    _ffixu                                   0x00001279   Thumb Code    48  ffixui.o(.text)
    __aeabi_i2f_normalise                    0x000012a9   Thumb Code    72  fflti.o(.text)
    __aeabi_i2f                              0x000012f1   Thumb Code    16  fflti.o(.text)
    _fflt                                    0x000012f1   Thumb Code     0  fflti.o(.text)
    __aeabi_ui2f                             0x00001301   Thumb Code     6  fflti.o(.text)
    _ffltu                                   0x00001301   Thumb Code     0  fflti.o(.text)
    _printf_pre_padding                      0x00001307   Thumb Code    44  _printf_pad.o(.text)
    _printf_post_padding                     0x00001333   Thumb Code    34  _printf_pad.o(.text)
    _printf_truncate_signed                  0x00001355   Thumb Code    18  _printf_truncate.o(.text)
    _printf_truncate_unsigned                0x00001367   Thumb Code    18  _printf_truncate.o(.text)
    _printf_str                              0x00001379   Thumb Code    82  _printf_str.o(.text)
    _printf_int_dec                          0x000013cd   Thumb Code    90  _printf_dec.o(.text)
    _printf_charcount                        0x00001439   Thumb Code    38  _printf_charcount.o(.text)
    _printf_char_common                      0x0000146b   Thumb Code    32  _printf_char_common.o(.text)
    _sputc                                   0x00001491   Thumb Code    10  _sputc.o(.text)
    _printf_wctomb                           0x0000149d   Thumb Code   182  _printf_wctomb.o(.text)
    _printf_longlong_dec                     0x00001559   Thumb Code    94  _printf_longlong_dec.o(.text)
    _printf_longlong_oct                     0x000015c9   Thumb Code    68  _printf_oct_int_ll.o(.text)
    _printf_int_oct                          0x0000160d   Thumb Code    24  _printf_oct_int_ll.o(.text)
    _printf_ll_oct                           0x00001625   Thumb Code    10  _printf_oct_int_ll.o(.text)
    _printf_longlong_hex                     0x00001639   Thumb Code    88  _printf_hex_int_ll_ptr.o(.text)
    _printf_int_hex                          0x00001691   Thumb Code    28  _printf_hex_int_ll_ptr.o(.text)
    _printf_ll_hex                           0x000016ad   Thumb Code    10  _printf_hex_int_ll_ptr.o(.text)
    _printf_hex_ptr                          0x000016b7   Thumb Code    22  _printf_hex_int_ll_ptr.o(.text)
    __printf                                 0x000016d1   Thumb Code   386  __printf_flags_ss_wp.o(.text)
    _ll_udiv10                               0x00001859   Thumb Code   122  lludiv10.o(.text)
    _printf_int_common                       0x000018d3   Thumb Code   176  _printf_intcommon.o(.text)
    _printf_fp_dec_real                      0x00001b21   Thumb Code   620  _printf_fp_dec.o(.text)
    _printf_fp_hex_real                      0x00001d99   Thumb Code   718  _printf_fp_hex.o(.text)
    _printf_cs_common                        0x00002071   Thumb Code    22  _printf_char.o(.text)
    _printf_char                             0x00002087   Thumb Code    16  _printf_char.o(.text)
    _printf_string                           0x00002097   Thumb Code     8  _printf_char.o(.text)
    _printf_lcs_common                       0x0000209f   Thumb Code    22  _printf_wchar.o(.text)
    _printf_wchar                            0x000020b5   Thumb Code    16  _printf_wchar.o(.text)
    _printf_wstring                          0x000020c5   Thumb Code     8  _printf_wchar.o(.text)
    _c16rtomb                                0x000020cd   Thumb Code    66  _c16rtomb.o(.text)
    _wcrtomb                                 0x000020cd   Thumb Code     0  _c16rtomb.o(.text)
    __rt_udiv10                              0x0000210f   Thumb Code    40  rtudiv10.o(.text)
    __fpl_dcmp_InfNaN                        0x00002139   Thumb Code   154  dcmpin.o(.text)
    __fpl_fcmp_InfNaN                        0x000021d9   Thumb Code    96  fcmpin.o(.text)
    __user_libspace                          0x0000223d   Thumb Code     8  libspace.o(.text)
    __user_perproc_libspace                  0x0000223d   Thumb Code     0  libspace.o(.text)
    __user_perthread_libspace                0x0000223d   Thumb Code     0  libspace.o(.text)
    __user_setup_stackheap                   0x00002245   Thumb Code    62  sys_stackheap_outer.o(.text)
    __rt_ctype_table                         0x00002285   Thumb Code    16  rt_ctype_table.o(.text)
    __rt_locale                              0x00002295   Thumb Code     8  rt_locale_intlibspace.o(.text)
    _printf_fp_infnan                        0x0000229d   Thumb Code   120  _printf_fp_infnan.o(.text)
    _btod_etento                             0x00002325   Thumb Code   210  bigflt0.o(.text)
    _btod_d2e                                0x000023fd   Thumb Code    64  btod.o(.text)
    _btod_emul                               0x00002831   Thumb Code    28  btod.o(.text)
    _btod_emuld                              0x0000284d   Thumb Code   144  btod.o(.text)
    _btod_ediv                               0x000028dd   Thumb Code    26  btod.o(.text)
    _btod_edivd                              0x000028f7   Thumb Code   124  btod.o(.text)
    exit                                     0x0000297d   Thumb Code    16  exit.o(.text)
    __fpl_cmpreturn                          0x0000298d   Thumb Code    46  cmpret.o(.text)
    __fpl_dcheck_NaN2                        0x000029bd   Thumb Code    14  dnan2.o(.text)
    __fpl_fcheck_NaN2                        0x000029d1   Thumb Code    10  fnan2.o(.text)
    __fpl_return_NaN                         0x000029e1   Thumb Code    94  retnan.o(.text)
    DL_Common_delayCycles                    0x00002a8d   Thumb Code    20  dl_common.o(.text.DL_Common_delayCycles)
    DL_SYSCTL_configFCC                      0x00002c01   Thumb Code    36  dl_sysctl_mspm0g1x0x_g3x0x.o(.text.DL_SYSCTL_configFCC)
    DL_SYSCTL_configSYSPLL                   0x00002c25   Thumb Code   200  dl_sysctl_mspm0g1x0x_g3x0x.o(.text.DL_SYSCTL_configSYSPLL)
    DL_SYSCTL_setHFCLKSourceHFXTParams       0x00002e35   Thumb Code    96  dl_sysctl_mspm0g1x0x_g3x0x.o(.text.DL_SYSCTL_setHFCLKSourceHFXTParams)
    DL_SYSCTL_setLFCLKSourceLFXT             0x00002ee5   Thumb Code    68  dl_sysctl_mspm0g1x0x_g3x0x.o(.text.DL_SYSCTL_setLFCLKSourceLFXT)
    DL_SYSCTL_switchMCLKfromSYSOSCtoHSCLK    0x00002f9d   Thumb Code    72  dl_sysctl_mspm0g1x0x_g3x0x.o(.text.DL_SYSCTL_switchMCLKfromSYSOSCtoHSCLK)
    DL_UART_init                             0x000030ad   Thumb Code    68  dl_uart.o(.text.DL_UART_init)
    DL_UART_setClockConfig                   0x00003191   Thumb Code    32  dl_uart.o(.text.DL_UART_setClockConfig)
    DL_VREF_configReference                  0x000031e9   Thumb Code    48  dl_vref.o(.text.DL_VREF_configReference)
    GROUP1_IRQHandler                        0x00003271   Thumb Code   252  isr.o(.text.GROUP1_IRQHandler)
    SYSCFG_DL_GPIO_init                      0x0000337d   Thumb Code    48  ti_msp_dl_config.o(.text.SYSCFG_DL_GPIO_init)
    SYSCFG_DL_SYSCTL_SYSPLL_init             0x000033ad   Thumb Code   168  ti_msp_dl_config.o(.text.SYSCFG_DL_SYSCTL_SYSPLL_init)
    SYSCFG_DL_SYSCTL_init                    0x0000345d   Thumb Code   140  ti_msp_dl_config.o(.text.SYSCFG_DL_SYSCTL_init)
    SYSCFG_DL_SYSTICK_init                   0x000034f1   Thumb Code    14  ti_msp_dl_config.o(.text.SYSCFG_DL_SYSTICK_init)
    SYSCFG_DL_VREF_init                      0x00003501   Thumb Code    12  ti_msp_dl_config.o(.text.SYSCFG_DL_VREF_init)
    SYSCFG_DL_init                           0x00003511   Thumb Code    24  ti_msp_dl_config.o(.text.SYSCFG_DL_init)
    SYSCFG_DL_initPower                      0x00003529   Thumb Code    56  ti_msp_dl_config.o(.text.SYSCFG_DL_initPower)
    TIMA0_IRQHandler                         0x0000356d   Thumb Code    16  isr.o(.text.TIMA0_IRQHandler)
    TIMA1_IRQHandler                         0x0000357d   Thumb Code    16  isr.o(.text.TIMA1_IRQHandler)
    TIMG0_IRQHandler                         0x0000358d   Thumb Code    16  isr.o(.text.TIMG0_IRQHandler)
    TIMG12_IRQHandler                        0x0000359d   Thumb Code    16  isr.o(.text.TIMG12_IRQHandler)
    TIMG6_IRQHandler                         0x000035ad   Thumb Code    16  isr.o(.text.TIMG6_IRQHandler)
    TIMG7_IRQHandler                         0x000035bd   Thumb Code    16  isr.o(.text.TIMG7_IRQHandler)
    TIMG8_IRQHandler                         0x000035cd   Thumb Code    16  isr.o(.text.TIMG8_IRQHandler)
    UART0_IRQHandler                         0x000035e5   Thumb Code    76  isr.o(.text.UART0_IRQHandler)
    UART1_IRQHandler                         0x00003639   Thumb Code    80  isr.o(.text.UART1_IRQHandler)
    UART2_IRQHandler                         0x00003695   Thumb Code    72  isr.o(.text.UART2_IRQHandler)
    UART3_IRQHandler                         0x000036e5   Thumb Code    72  isr.o(.text.UART3_IRQHandler)
    _sys_exit                                0x00003769   Thumb Code     8  zf_common_debug.o(.text._sys_exit)
    afio_init                                0x00003771   Thumb Code   328  zf_driver_gpio.o(.text.afio_init)
    clock_init                               0x00003cdd   Thumb Code    30  zf_common_clock.o(.text.clock_init)
    debug_assert_handler                     0x00003e49   Thumb Code    92  zf_common_debug.o(.text.debug_assert_handler)
    debug_interrupr_handler                  0x00003ef1   Thumb Code    28  zf_common_debug.o(.text.debug_interrupr_handler)
    exti_init                                0x0000426d   Thumb Code   292  zf_driver_exti.o(.text.exti_init)
    fifo_write_buffer                        0x00004455   Thumb Code   932  zf_common_fifo.o(.text.fifo_write_buffer)
    gpio_get_level                           0x000047fd   Thumb Code    52  zf_driver_gpio.o(.text.gpio_get_level)
    gpio_init                                0x00004831   Thumb Code   424  zf_driver_gpio.o(.text.gpio_init)
    gpio_set_a0_a1_output                    0x000049f9   Thumb Code    50  zf_driver_gpio.o(.text.gpio_set_a0_a1_output)
    gpio_set_level                           0x00004a2d   Thumb Code   100  zf_driver_gpio.o(.text.gpio_set_level)
    interrupt_enable                         0x00004a99   Thumb Code    22  zf_common_interrupt.o(.text.interrupt_enable)
    interrupt_global_disable                 0x00004ab1   Thumb Code    28  zf_common_interrupt.o(.text.interrupt_global_disable)
    interrupt_init                           0x00004ad1   Thumb Code     2  zf_common_interrupt.o(.text.interrupt_init)
    line_follow_init                         0x00004b01   Thumb Code    48  line_follow.o(.text.line_follow_init)
    line_follow_update                       0x00004bb1   Thumb Code   784  line_follow.o(.text.line_follow_update)
    line_sensor_init                         0x00004ee5   Thumb Code    62  line_sensor.o(.text.line_sensor_init)
    line_sensor_read                         0x00004f25   Thumb Code   184  line_sensor.o(.text.line_sensor_read)
    main                                     0x00005015   Thumb Code  1652  main.o(.text.main)
    pwm_init                                 0x000056d9   Thumb Code   476  zf_driver_pwm.o(.text.pwm_init)
    pwm_set_duty                             0x000058d5   Thumb Code   244  zf_driver_pwm.o(.text.pwm_set_duty)
    soft_iic_init                            0x000059e9   Thumb Code   128  zf_driver_soft_iic.o(.text.soft_iic_init)
    soft_iic_send_data                       0x00005a71   Thumb Code   280  zf_driver_soft_iic.o(.text.soft_iic_send_data)
    soft_iic_start                           0x00005b89   Thumb Code   208  zf_driver_soft_iic.o(.text.soft_iic_start)
    soft_iic_stop                            0x00005c59   Thumb Code   208  zf_driver_soft_iic.o(.text.soft_iic_stop)
    soft_iic_wait_ack                        0x00005d2d   Thumb Code   244  zf_driver_soft_iic.o(.text.soft_iic_wait_ack)
    soft_iic_write_8bit_array                0x00005e2d   Thumb Code   100  zf_driver_soft_iic.o(.text.soft_iic_write_8bit_array)
    speed_pid_init                           0x00005e95   Thumb Code    34  speed_pid.o(.text.speed_pid_init)
    speed_pid_reset                          0x00005efb   Thumb Code    28  speed_pid.o(.text.speed_pid_reset)
    speed_pid_set_target                     0x00005f17   Thumb Code   100  speed_pid.o(.text.speed_pid_set_target)
    speed_pid_update                         0x00005fc1   Thumb Code   300  speed_pid.o(.text.speed_pid_update)
    system_delay_init                        0x000060fd   Thumb Code     2  zf_driver_delay.o(.text.system_delay_init)
    system_delay_ms                          0x00006101   Thumb Code    68  zf_driver_delay.o(.text.system_delay_ms)
    system_delay_us                          0x00006149   Thumb Code    48  zf_driver_delay.o(.text.system_delay_us)
    tb6612_init                              0x00006229   Thumb Code    88  tb6612.o(.text.tb6612_init)
    tb6612_set_motor                         0x000062d5   Thumb Code    64  tb6612.o(.text.tb6612_set_motor)
    tb6612_stop_all                          0x0000631d   Thumb Code    26  tb6612.o(.text.tb6612_stop_all)
    timer_clock_enable                       0x00006339   Thumb Code    32  zf_driver_timer.o(.text.timer_clock_enable)
    timer_funciton_check                     0x00006361   Thumb Code    88  zf_driver_timer.o(.text.timer_funciton_check)
    uart_init                                0x000063c9   Thumb Code   264  zf_driver_uart.o(.text.uart_init)
    uart_query_byte                          0x000064e9   Thumb Code    88  zf_driver_uart.o(.text.uart_query_byte)
    uart_write_string                        0x00006541   Thumb Code    88  zf_driver_uart.o(.text.uart_write_string)
    wheel_encoder_clear                      0x000065a1   Thumb Code    36  wheel_encoder.o(.text.wheel_encoder_clear)
    wheel_encoder_clear_all                  0x000065c5   Thumb Code    16  wheel_encoder.o(.text.wheel_encoder_clear_all)
    wheel_encoder_get_count                  0x00006641   Thumb Code    20  wheel_encoder.o(.text.wheel_encoder_get_count)
    wheel_encoder_init                       0x00006659   Thumb Code    96  wheel_encoder.o(.text.wheel_encoder_init)
    __ARM_common_ll_muluu                    0x00006717   Thumb Code    48  btod.o(i.__ARM_common_ll_muluu)
    __ARM_fpclassify                         0x00006749   Thumb Code    40  fpclassify.o(i.__ARM_fpclassify)
    __aeabi_dcmpge                           0x00006775   Thumb Code     0  dcmp.o(i._dgeq)
    _dgeq                                    0x00006775   Thumb Code    22  dcmp.o(i._dgeq)
    __aeabi_dcmple                           0x0000678b   Thumb Code     0  dcmp.o(i._dleq)
    _dleq                                    0x0000678b   Thumb Code    26  dcmp.o(i._dleq)
    __aeabi_fcmpeq                           0x000067a5   Thumb Code     0  fcmp.o(i._feq)
    _feq                                     0x000067a5   Thumb Code    22  fcmp.o(i._feq)
    __aeabi_fcmpge                           0x000067bb   Thumb Code     0  fcmp.o(i._fgeq)
    _fgeq                                    0x000067bb   Thumb Code    22  fcmp.o(i._fgeq)
    __aeabi_fcmple                           0x000067d1   Thumb Code     0  fcmp.o(i._fleq)
    _fleq                                    0x000067d1   Thumb Code    26  fcmp.o(i._fleq)
    __aeabi_fcmplt                           0x000067eb   Thumb Code     0  fcmp.o(i._fls)
    _fls                                     0x000067eb   Thumb Code    22  fcmp.o(i._fls)
    _is_digit                                0x00006801   Thumb Code    14  __printf_wp.o(i._is_digit)
    _get_lc_numeric                          0x00006811   Thumb Code    44  lc_numeric_c.o(locale$$code)
    _get_lc_ctype                            0x0000683d   Thumb Code    44  lc_ctype_c.o(locale$$code)
    _dcmpge                                  0x00006869   Thumb Code    94  dgef.o(x$fpl$dgeqf)
    __aeabi_cdcmple                          0x000068cd   Thumb Code     0  dlef.o(x$fpl$dleqf)
    _dcmple                                  0x000068cd   Thumb Code    94  dlef.o(x$fpl$dleqf)
    __aeabi_fadd                             0x00006931   Thumb Code     0  faddsub.o(x$fpl$fadd)
    _fadd                                    0x00006931   Thumb Code   134  faddsub.o(x$fpl$fadd)
    __aeabi_cfcmpeq                          0x000069bd   Thumb Code     0  feqf.o(x$fpl$feqf)
    _fcmpeq                                  0x000069bd   Thumb Code    78  feqf.o(x$fpl$feqf)
    _fcmpge                                  0x00006a11   Thumb Code    78  fgef.o(x$fpl$fgeqf)
    __aeabi_cfcmple                          0x00006a65   Thumb Code     0  flef.o(x$fpl$fleqf)
    _fcmple                                  0x00006a65   Thumb Code    78  flef.o(x$fpl$fleqf)
    __aeabi_fmul                             0x00006ab9   Thumb Code     0  fmul.o(x$fpl$fmul)
    _fmul                                    0x00006ab9   Thumb Code   172  fmul.o(x$fpl$fmul)
    __aeabi_fsub                             0x00006b69   Thumb Code     0  faddsub.o(x$fpl$fsub)
    _fsub                                    0x00006b69   Thumb Code   204  faddsub.o(x$fpl$fsub)
    _printf_fp_dec                           0x00006c39   Thumb Code    16  printf1.o(x$fpl$printf1)
    _printf_fp_hex                           0x00006c49   Thumb Code    16  printf2.o(x$fpl$printf2)
    __I$use$fp                               0x00006c58   Number         0  usenofp.o(x$fpl$usenofp)
    ascii_font_6x8                           0x00006e14   Data         552  zf_common_font.o(.rodata.ascii_font_6x8)
    gpio_iomux_index                         0x00007074   Data          60  zf_driver_gpio.o(.rodata.gpio_iomux_index)
    timer_reg                                0x00007564   Data          28  zf_driver_timer.o(.rodata.timer_reg)
    Region$$Table$$Base                      0x00007590   Number         0  anon$$obj.o(Region$$Table)
    Region$$Table$$Limit                     0x000075b0   Number         0  anon$$obj.o(Region$$Table)
    __ctype                                  0x000075d9   Data           0  lc_ctype_c.o(locale$$data)
    exti_callback_list                       0x20200000   Data         128  zf_driver_exti.o(.data.exti_callback_list)
    gpio_group                               0x20200080   Data           8  zf_driver_gpio.o(.data.gpio_group)
    pit_callback_ptr_list                    0x20200088   Data          28  zf_driver_pit.o(.data.pit_callback_ptr_list)
    uart_callback_list                       0x202000a4   Data          16  zf_driver_uart.o(.data.uart_callback_list)
    wireless_module_uart_handler             0x202000cc   Data           4  zf_device_type.o(.data.wireless_module_uart_handler)
    __libspace_start                         0x202000d8   Data          96  libspace.o(.bss)
    __temporary_stack_top$libspace           0x20200138   Data           0  libspace.o(.bss)
    debug_uart_data                          0x20200160   Data           1  zf_common_debug.o(.bss.debug_uart_data)
    debug_uart_fifo                          0x20200161   Data          22  zf_common_debug.o(.bss.debug_uart_fifo)
    exti_callback_ptr_list                   0x20200178   Data         128  zf_driver_exti.o(.bss.exti_callback_ptr_list)
    pit_callback_list                        0x2020020c   Data          28  zf_driver_pit.o(.bss.pit_callback_list)
    timer_function_state                     0x20200228   Data           7  zf_driver_timer.o(.bss.timer_function_state)
    uart_callback_ptr_list                   0x20200230   Data          16  zf_driver_uart.o(.bss.uart_callback_ptr_list)



==============================================================================

Memory Map of the image

  Image Entry point : 0x000000c1

  Load Region LR_IROM1 (Base: 0x00000000, Size: 0x000077b8, Max: 0x00020000, ABSOLUTE)

    Execution Region ER_IROM1 (Exec base: 0x00000000, Load base: 0x00000000, Size: 0x000076dc, Max: 0x00020000, ABSOLUTE)

    Exec Addr    Load Addr    Size         Type   Attr      Idx    E Section Name        Object

    0x00000000   0x00000000   0x000000c0   Data   RO         1627    RESET               startup_mspm0g350x_uvision.o
    0x000000c0   0x000000c0   0x00000008   Code   RO         2941  * !!!main             c_p.l(__main.o)
    0x000000c8   0x000000c8   0x00000054   Code   RO         3448    !!!scatter          c_p.l(__scatter.o)
    0x0000011c   0x0000011c   0x00000004   PAD
    0x00000120   0x00000120   0x0000001a   Code   RO         3452    !!handler_copy      c_p.l(__scatter_copy.o)
    0x0000013a   0x0000013a   0x00000006   PAD
    0x00000140   0x00000140   0x00000002   Code   RO         3449    !!handler_null      c_p.l(__scatter.o)
    0x00000142   0x00000142   0x00000006   PAD
    0x00000148   0x00000148   0x0000001c   Code   RO         3454    !!handler_zi        c_p.l(__scatter_zi.o)
    0x00000164   0x00000164   0x00000002   Code   RO         3129    .ARM.Collect$$_printf_percent$$00000000  c_p.l(_printf_percent.o)
    0x00000166   0x00000166   0x0000000a   Code   RO         3118    .ARM.Collect$$_printf_percent$$00000001  c_p.l(_printf_n.o)
    0x00000170   0x00000170   0x0000000a   Code   RO         3120    .ARM.Collect$$_printf_percent$$00000002  c_p.l(_printf_p.o)
    0x0000017a   0x0000017a   0x0000000a   Code   RO         3125    .ARM.Collect$$_printf_percent$$00000003  c_p.l(_printf_f.o)
    0x00000184   0x00000184   0x0000000a   Code   RO         3126    .ARM.Collect$$_printf_percent$$00000004  c_p.l(_printf_e.o)
    0x0000018e   0x0000018e   0x0000000a   Code   RO         3127    .ARM.Collect$$_printf_percent$$00000005  c_p.l(_printf_g.o)
    0x00000198   0x00000198   0x0000000a   Code   RO         3128    .ARM.Collect$$_printf_percent$$00000006  c_p.l(_printf_a.o)
    0x000001a2   0x000001a2   0x0000000a   Code   RO         3133    .ARM.Collect$$_printf_percent$$00000007  c_p.l(_printf_ll.o)
    0x000001ac   0x000001ac   0x0000000a   Code   RO         3122    .ARM.Collect$$_printf_percent$$00000008  c_p.l(_printf_i.o)
    0x000001b6   0x000001b6   0x0000000a   Code   RO         3123    .ARM.Collect$$_printf_percent$$00000009  c_p.l(_printf_d.o)
    0x000001c0   0x000001c0   0x0000000a   Code   RO         3124    .ARM.Collect$$_printf_percent$$0000000A  c_p.l(_printf_u.o)
    0x000001ca   0x000001ca   0x0000000a   Code   RO         3121    .ARM.Collect$$_printf_percent$$0000000B  c_p.l(_printf_o.o)
    0x000001d4   0x000001d4   0x0000000a   Code   RO         3119    .ARM.Collect$$_printf_percent$$0000000C  c_p.l(_printf_x.o)
    0x000001de   0x000001de   0x0000000a   Code   RO         3130    .ARM.Collect$$_printf_percent$$0000000D  c_p.l(_printf_lli.o)
    0x000001e8   0x000001e8   0x0000000a   Code   RO         3131    .ARM.Collect$$_printf_percent$$0000000E  c_p.l(_printf_lld.o)
    0x000001f2   0x000001f2   0x0000000a   Code   RO         3132    .ARM.Collect$$_printf_percent$$0000000F  c_p.l(_printf_llu.o)
    0x000001fc   0x000001fc   0x0000000a   Code   RO         3137    .ARM.Collect$$_printf_percent$$00000010  c_p.l(_printf_llo.o)
    0x00000206   0x00000206   0x0000000a   Code   RO         3138    .ARM.Collect$$_printf_percent$$00000011  c_p.l(_printf_llx.o)
    0x00000210   0x00000210   0x0000000a   Code   RO         3134    .ARM.Collect$$_printf_percent$$00000012  c_p.l(_printf_l.o)
    0x0000021a   0x0000021a   0x0000000a   Code   RO         3116    .ARM.Collect$$_printf_percent$$00000013  c_p.l(_printf_c.o)
    0x00000224   0x00000224   0x0000000a   Code   RO         3117    .ARM.Collect$$_printf_percent$$00000014  c_p.l(_printf_s.o)
    0x0000022e   0x0000022e   0x0000000a   Code   RO         3135    .ARM.Collect$$_printf_percent$$00000015  c_p.l(_printf_lc.o)
    0x00000238   0x00000238   0x0000000a   Code   RO         3136    .ARM.Collect$$_printf_percent$$00000016  c_p.l(_printf_ls.o)
    0x00000242   0x00000242   0x00000004   Code   RO         3246    .ARM.Collect$$_printf_percent$$00000017  c_p.l(_printf_percent_end.o)
    0x00000246   0x00000246   0x00000002   Code   RO         3300    .ARM.Collect$$libinit$$00000000  c_p.l(libinit.o)
    0x00000248   0x00000248   0x00000000   Code   RO         3324    .ARM.Collect$$libinit$$00000002  c_p.l(libinit2.o)
    0x00000248   0x00000248   0x00000000   Code   RO         3326    .ARM.Collect$$libinit$$00000004  c_p.l(libinit2.o)
    0x00000248   0x00000248   0x00000000   Code   RO         3328    .ARM.Collect$$libinit$$00000006  c_p.l(libinit2.o)
    0x00000248   0x00000248   0x00000000   Code   RO         3331    .ARM.Collect$$libinit$$0000000C  c_p.l(libinit2.o)
    0x00000248   0x00000248   0x00000000   Code   RO         3333    .ARM.Collect$$libinit$$0000000E  c_p.l(libinit2.o)
    0x00000248   0x00000248   0x00000000   Code   RO         3335    .ARM.Collect$$libinit$$00000010  c_p.l(libinit2.o)
    0x00000248   0x00000248   0x00000006   Code   RO         3336    .ARM.Collect$$libinit$$00000011  c_p.l(libinit2.o)
    0x0000024e   0x0000024e   0x00000000   Code   RO         3338    .ARM.Collect$$libinit$$00000013  c_p.l(libinit2.o)
    0x0000024e   0x0000024e   0x0000000c   Code   RO         3339    .ARM.Collect$$libinit$$00000014  c_p.l(libinit2.o)
    0x0000025a   0x0000025a   0x00000000   Code   RO         3340    .ARM.Collect$$libinit$$00000015  c_p.l(libinit2.o)
    0x0000025a   0x0000025a   0x00000000   Code   RO         3342    .ARM.Collect$$libinit$$00000017  c_p.l(libinit2.o)
    0x0000025a   0x0000025a   0x0000000a   Code   RO         3343    .ARM.Collect$$libinit$$00000018  c_p.l(libinit2.o)
    0x00000264   0x00000264   0x00000000   Code   RO         3344    .ARM.Collect$$libinit$$00000019  c_p.l(libinit2.o)
    0x00000264   0x00000264   0x00000000   Code   RO         3346    .ARM.Collect$$libinit$$0000001B  c_p.l(libinit2.o)
    0x00000264   0x00000264   0x00000000   Code   RO         3348    .ARM.Collect$$libinit$$0000001D  c_p.l(libinit2.o)
    0x00000264   0x00000264   0x00000000   Code   RO         3350    .ARM.Collect$$libinit$$0000001F  c_p.l(libinit2.o)
    0x00000264   0x00000264   0x00000000   Code   RO         3352    .ARM.Collect$$libinit$$00000021  c_p.l(libinit2.o)
    0x00000264   0x00000264   0x00000000   Code   RO         3354    .ARM.Collect$$libinit$$00000023  c_p.l(libinit2.o)
    0x00000264   0x00000264   0x00000000   Code   RO         3356    .ARM.Collect$$libinit$$00000025  c_p.l(libinit2.o)
    0x00000264   0x00000264   0x00000000   Code   RO         3358    .ARM.Collect$$libinit$$00000027  c_p.l(libinit2.o)
    0x00000264   0x00000264   0x00000000   Code   RO         3362    .ARM.Collect$$libinit$$0000002E  c_p.l(libinit2.o)
    0x00000264   0x00000264   0x00000000   Code   RO         3364    .ARM.Collect$$libinit$$00000030  c_p.l(libinit2.o)
    0x00000264   0x00000264   0x00000000   Code   RO         3366    .ARM.Collect$$libinit$$00000032  c_p.l(libinit2.o)
    0x00000264   0x00000264   0x00000000   Code   RO         3368    .ARM.Collect$$libinit$$00000034  c_p.l(libinit2.o)
    0x00000264   0x00000264   0x00000002   Code   RO         3369    .ARM.Collect$$libinit$$00000035  c_p.l(libinit2.o)
    0x00000266   0x00000266   0x00000002   Code   RO         3401    .ARM.Collect$$libshutdown$$00000000  c_p.l(libshutdown.o)
    0x00000268   0x00000268   0x00000000   Code   RO         3432    .ARM.Collect$$libshutdown$$00000002  c_p.l(libshutdown2.o)
    0x00000268   0x00000268   0x00000000   Code   RO         3434    .ARM.Collect$$libshutdown$$00000004  c_p.l(libshutdown2.o)
    0x00000268   0x00000268   0x00000000   Code   RO         3437    .ARM.Collect$$libshutdown$$00000007  c_p.l(libshutdown2.o)
    0x00000268   0x00000268   0x00000000   Code   RO         3440    .ARM.Collect$$libshutdown$$0000000A  c_p.l(libshutdown2.o)
    0x00000268   0x00000268   0x00000000   Code   RO         3442    .ARM.Collect$$libshutdown$$0000000C  c_p.l(libshutdown2.o)
    0x00000268   0x00000268   0x00000000   Code   RO         3445    .ARM.Collect$$libshutdown$$0000000F  c_p.l(libshutdown2.o)
    0x00000268   0x00000268   0x00000002   Code   RO         3446    .ARM.Collect$$libshutdown$$00000010  c_p.l(libshutdown2.o)
    0x0000026a   0x0000026a   0x00000000   Code   RO         3039    .ARM.Collect$$rtentry$$00000000  c_p.l(__rtentry.o)
    0x0000026a   0x0000026a   0x00000000   Code   RO         3208    .ARM.Collect$$rtentry$$00000002  c_p.l(__rtentry2.o)
    0x0000026a   0x0000026a   0x00000006   Code   RO         3220    .ARM.Collect$$rtentry$$00000004  c_p.l(__rtentry4.o)
    0x00000270   0x00000270   0x00000000   Code   RO         3210    .ARM.Collect$$rtentry$$00000009  c_p.l(__rtentry2.o)
    0x00000270   0x00000270   0x00000004   Code   RO         3211    .ARM.Collect$$rtentry$$0000000A  c_p.l(__rtentry2.o)
    0x00000274   0x00000274   0x00000000   Code   RO         3213    .ARM.Collect$$rtentry$$0000000C  c_p.l(__rtentry2.o)
    0x00000274   0x00000274   0x00000008   Code   RO         3214    .ARM.Collect$$rtentry$$0000000D  c_p.l(__rtentry2.o)
    0x0000027c   0x0000027c   0x00000002   Code   RO         3310    .ARM.Collect$$rtexit$$00000000  c_p.l(rtexit.o)
    0x0000027e   0x0000027e   0x00000000   Code   RO         3373    .ARM.Collect$$rtexit$$00000002  c_p.l(rtexit2.o)
    0x0000027e   0x0000027e   0x00000004   Code   RO         3374    .ARM.Collect$$rtexit$$00000003  c_p.l(rtexit2.o)
    0x00000282   0x00000282   0x00000006   Code   RO         3375    .ARM.Collect$$rtexit$$00000004  c_p.l(rtexit2.o)
    0x00000288   0x00000288   0x00000038   Code   RO         2923    .emb_text           c_p.l(rt_memcpy.o)
    0x000002c0   0x000002c0   0x00000030   Code   RO         1628    .text               startup_mspm0g350x_uvision.o
    0x000002f0   0x000002f0   0x0000002c   Code   RO         2909    .text               c_p.l(sprintf.o)
    0x0000031c   0x0000031c   0x00000044   Code   RO         2919    .text               c_p.l(strlen.o)
    0x00000360   0x00000360   0x00000082   Code   RO         2924    .text               c_p.l(rt_memcpy.o)
    0x000003e2   0x000003e2   0x00000040   Code   RO         2931    .text               c_p.l(rt_memclr.o)
    0x00000422   0x00000422   0x00000002   PAD
    0x00000424   0x00000424   0x00000088   Code   RO         2933    .text               c_p.l(strcmp.o)
    0x000004ac   0x000004ac   0x0000016c   Code   RO         2935    .text               c_p.l(aeabi_sdiv.o)
    0x00000618   0x00000618   0x00000006   Code   RO         2939    .text               c_p.l(heapauxi.o)
    0x0000061e   0x0000061e   0x00000002   PAD
    0x00000620   0x00000620   0x00000358   Code   RO         2943    .text               fz_ps.l(daddsub.o)
    0x00000978   0x00000978   0x00000448   Code   RO         2969    .text               fz_ps.l(ddiv.o)
    0x00000dc0   0x00000dc0   0x0000006c   Code   RO         2972    .text               fz_ps.l(dfixi.o)
    0x00000e2c   0x00000e2c   0x00000058   Code   RO         2976    .text               fz_ps.l(dflti.o)
    0x00000e84   0x00000e84   0x00000248   Code   RO         2978    .text               fz_ps.l(dmul.o)
    0x000010cc   0x000010cc   0x00000160   Code   RO         3012    .text               fz_ps.l(fdiv.o)
    0x0000122c   0x0000122c   0x0000004c   Code   RO         3015    .text               fz_ps.l(ffixi.o)
    0x00001278   0x00001278   0x00000030   Code   RO         3017    .text               fz_ps.l(ffixui.o)
    0x000012a8   0x000012a8   0x0000005e   Code   RO         3019    .text               fz_ps.l(fflti.o)
    0x00001306   0x00001306   0x0000004e   Code   RO         3048    .text               c_p.l(_printf_pad.o)
    0x00001354   0x00001354   0x00000024   Code   RO         3050    .text               c_p.l(_printf_truncate.o)
    0x00001378   0x00001378   0x00000052   Code   RO         3052    .text               c_p.l(_printf_str.o)
    0x000013ca   0x000013ca   0x00000002   PAD
    0x000013cc   0x000013cc   0x0000006c   Code   RO         3054    .text               c_p.l(_printf_dec.o)
    0x00001438   0x00001438   0x00000026   Code   RO         3056    .text               c_p.l(_printf_charcount.o)
    0x0000145e   0x0000145e   0x00000002   PAD
    0x00001460   0x00001460   0x00000030   Code   RO         3058    .text               c_p.l(_printf_char_common.o)
    0x00001490   0x00001490   0x0000000a   Code   RO         3060    .text               c_p.l(_sputc.o)
    0x0000149a   0x0000149a   0x00000002   PAD
    0x0000149c   0x0000149c   0x000000bc   Code   RO         3064    .text               c_p.l(_printf_wctomb.o)
    0x00001558   0x00001558   0x00000070   Code   RO         3067    .text               c_p.l(_printf_longlong_dec.o)
    0x000015c8   0x000015c8   0x00000070   Code   RO         3073    .text               c_p.l(_printf_oct_int_ll.o)
    0x00001638   0x00001638   0x00000098   Code   RO         3093    .text               c_p.l(_printf_hex_int_ll_ptr.o)
    0x000016d0   0x000016d0   0x00000188   Code   RO         3113    .text               c_p.l(__printf_flags_ss_wp.o)
    0x00001858   0x00001858   0x0000007a   Code   RO         3229    .text               c_p.l(lludiv10.o)
    0x000018d2   0x000018d2   0x000000b0   Code   RO         3231    .text               c_p.l(_printf_intcommon.o)
    0x00001982   0x00001982   0x00000002   PAD
    0x00001984   0x00001984   0x00000414   Code   RO         3233    .text               c_p.l(_printf_fp_dec.o)
    0x00001d98   0x00001d98   0x000002d8   Code   RO         3237    .text               c_p.l(_printf_fp_hex.o)
    0x00002070   0x00002070   0x0000002e   Code   RO         3242    .text               c_p.l(_printf_char.o)
    0x0000209e   0x0000209e   0x0000002e   Code   RO         3244    .text               c_p.l(_printf_wchar.o)
    0x000020cc   0x000020cc   0x00000042   Code   RO         3247    .text               c_p.l(_c16rtomb.o)
    0x0000210e   0x0000210e   0x00000028   Code   RO         3249    .text               c_p.l(rtudiv10.o)
    0x00002136   0x00002136   0x00000002   PAD
    0x00002138   0x00002138   0x000000a0   Code   RO         3251    .text               fz_ps.l(dcmpin.o)
    0x000021d8   0x000021d8   0x00000064   Code   RO         3255    .text               fz_ps.l(fcmpin.o)
    0x0000223c   0x0000223c   0x00000008   Code   RO         3261    .text               c_p.l(libspace.o)
    0x00002244   0x00002244   0x0000003e   Code   RO         3264    .text               c_p.l(sys_stackheap_outer.o)
    0x00002282   0x00002282   0x00000002   PAD
    0x00002284   0x00002284   0x00000010   Code   RO         3267    .text               c_p.l(rt_ctype_table.o)
    0x00002294   0x00002294   0x00000008   Code   RO         3272    .text               c_p.l(rt_locale_intlibspace.o)
    0x0000229c   0x0000229c   0x00000088   Code   RO         3274    .text               c_p.l(_printf_fp_infnan.o)
    0x00002324   0x00002324   0x000000d8   Code   RO         3276    .text               c_p.l(bigflt0.o)
    0x000023fc   0x000023fc   0x00000580   Code   RO         3279    .text               c_p.l(btod.o)
    0x0000297c   0x0000297c   0x00000010   Code   RO         3289    .text               c_p.l(exit.o)
    0x0000298c   0x0000298c   0x0000002e   Code   RO         3301    .text               fz_ps.l(cmpret.o)
    0x000029ba   0x000029ba   0x00000002   PAD
    0x000029bc   0x000029bc   0x00000014   Code   RO         3303    .text               fz_ps.l(dnan2.o)
    0x000029d0   0x000029d0   0x00000010   Code   RO         3305    .text               fz_ps.l(fnan2.o)
    0x000029e0   0x000029e0   0x0000005e   Code   RO         3370    .text               fz_ps.l(retnan.o)
    0x00002a3e   0x00002a3e   0x00000002   PAD
    0x00002a40   0x00002a40   0x00000014   Code   RO          184    .text.DL_ADC12_enablePower  zf_common_clock.o
    0x00002a54   0x00002a54   0x00000010   Code   RO          182    .text.DL_ADC12_reset  zf_common_clock.o
    0x00002a64   0x00002a64   0x0000001c   Code   RO         2853    .text.DL_CORE_configInstruction  dl_sysctl_mspm0g1x0x_g3x0x.o
    0x00002a80   0x00002a80   0x0000000c   Code   RO         2851    .text.DL_CORE_getInstructionConfig  dl_sysctl_mspm0g1x0x_g3x0x.o
    0x00002a8c   0x00002a8c   0x00000014   Code   RO         1764    .text.DL_Common_delayCycles  dl_common.o
    0x00002aa0   0x00002aa0   0x00000028   Code   RO          709    .text.DL_Common_updateReg  zf_driver_uart.o
    0x00002ac8   0x00002ac8   0x00000028   Code   RO         1699    .text.DL_Common_updateReg  ti_msp_dl_config.o
    0x00002af0   0x00002af0   0x00000028   Code   RO         2776    .text.DL_Common_updateReg  dl_uart.o
    0x00002b18   0x00002b18   0x00000028   Code   RO         2849    .text.DL_Common_updateReg  dl_sysctl_mspm0g1x0x_g3x0x.o
    0x00002b40   0x00002b40   0x00000014   Code   RO          168    .text.DL_GPIO_enablePower  zf_common_clock.o
    0x00002b54   0x00002b54   0x00000014   Code   RO         1651    .text.DL_GPIO_enablePower  ti_msp_dl_config.o
    0x00002b68   0x00002b68   0x00000030   Code   RO         1657    .text.DL_GPIO_initDigitalInputFeatures  ti_msp_dl_config.o
    0x00002b98   0x00002b98   0x00000018   Code   RO         1655    .text.DL_GPIO_initPeripheralAnalogFunction  ti_msp_dl_config.o
    0x00002bb0   0x00002bb0   0x00000010   Code   RO          166    .text.DL_GPIO_reset  zf_common_clock.o
    0x00002bc0   0x00002bc0   0x00000010   Code   RO         1647    .text.DL_GPIO_reset  ti_msp_dl_config.o
    0x00002bd0   0x00002bd0   0x00000018   Code   RO          180    .text.DL_SPI_enablePower  zf_common_clock.o
    0x00002be8   0x00002be8   0x00000018   Code   RO          178    .text.DL_SPI_reset  zf_common_clock.o
    0x00002c00   0x00002c00   0x00000024   Code   RO         2885    .text.DL_SYSCTL_configFCC  dl_sysctl_mspm0g1x0x_g3x0x.o
    0x00002c24   0x00002c24   0x000000e0   Code   RO         2843    .text.DL_SYSCTL_configSYSPLL  dl_sysctl_mspm0g1x0x_g3x0x.o
    0x00002d04   0x00002d04   0x00000010   Code   RO         2883    .text.DL_SYSCTL_disableHFCLKStartupMonitor  dl_sysctl_mspm0g1x0x_g3x0x.o
    0x00002d14   0x00002d14   0x0000000c   Code   RO         1675    .text.DL_SYSCTL_disableHFXT  ti_msp_dl_config.o
    0x00002d20   0x00002d20   0x0000000c   Code   RO         2873    .text.DL_SYSCTL_disableHFXT  dl_sysctl_mspm0g1x0x_g3x0x.o
    0x00002d2c   0x00002d2c   0x00000010   Code   RO         1677    .text.DL_SYSCTL_disableSYSPLL  ti_msp_dl_config.o
    0x00002d3c   0x00002d3c   0x00000010   Code   RO         2845    .text.DL_SYSCTL_disableSYSPLL  dl_sysctl_mspm0g1x0x_g3x0x.o
    0x00002d4c   0x00002d4c   0x00000010   Code   RO         2879    .text.DL_SYSCTL_enableHFCLKStartupMonitor  dl_sysctl_mspm0g1x0x_g3x0x.o
    0x00002d5c   0x00002d5c   0x00000010   Code   RO         1687    .text.DL_SYSCTL_enableMFCLK  ti_msp_dl_config.o
    0x00002d6c   0x00002d6c   0x00000010   Code   RO         1689    .text.DL_SYSCTL_enableMFPCLK  ti_msp_dl_config.o
    0x00002d7c   0x00002d7c   0x00000010   Code   RO         1679    .text.DL_SYSCTL_enableSYSPLL  ti_msp_dl_config.o
    0x00002d8c   0x00002d8c   0x00000010   Code   RO         2855    .text.DL_SYSCTL_enableSYSPLL  dl_sysctl_mspm0g1x0x_g3x0x.o
    0x00002d9c   0x00002d9c   0x00000008   Code   RO         1681    .text.DL_SYSCTL_getClockStatus  ti_msp_dl_config.o
    0x00002da4   0x00002da4   0x0000000c   Code   RO         2847    .text.DL_SYSCTL_getClockStatus  dl_sysctl_mspm0g1x0x_g3x0x.o
    0x00002db0   0x00002db0   0x00000010   Code   RO         1665    .text.DL_SYSCTL_isFCCDone  ti_msp_dl_config.o
    0x00002dc0   0x00002dc0   0x0000000c   Code   RO         1667    .text.DL_SYSCTL_readFCC  ti_msp_dl_config.o
    0x00002dcc   0x00002dcc   0x00000018   Code   RO         1669    .text.DL_SYSCTL_setBORThreshold  ti_msp_dl_config.o
    0x00002de4   0x00002de4   0x00000018   Code   RO         1661    .text.DL_SYSCTL_setFCCPeriods  ti_msp_dl_config.o
    0x00002dfc   0x00002dfc   0x0000001c   Code   RO         1671    .text.DL_SYSCTL_setFlashWaitState  ti_msp_dl_config.o
    0x00002e18   0x00002e18   0x0000001c   Code   RO         1685    .text.DL_SYSCTL_setHFCLKDividerForMFPCLK  ti_msp_dl_config.o
    0x00002e34   0x00002e34   0x00000064   Code   RO         2881    .text.DL_SYSCTL_setHFCLKSourceHFXTParams  dl_sysctl_mspm0g1x0x_g3x0x.o
    0x00002e98   0x00002e98   0x0000001c   Code   RO         2875    .text.DL_SYSCTL_setHFXTFrequencyRange  dl_sysctl_mspm0g1x0x_g3x0x.o
    0x00002eb4   0x00002eb4   0x00000018   Code   RO         2877    .text.DL_SYSCTL_setHFXTStartupTime  dl_sysctl_mspm0g1x0x_g3x0x.o
    0x00002ecc   0x00002ecc   0x00000018   Code   RO         2867    .text.DL_SYSCTL_setHSCLKSource  dl_sysctl_mspm0g1x0x_g3x0x.o
    0x00002ee4   0x00002ee4   0x00000054   Code   RO         2857    .text.DL_SYSCTL_setLFCLKSourceLFXT  dl_sysctl_mspm0g1x0x_g3x0x.o
    0x00002f38   0x00002f38   0x00000020   Code   RO         1691    .text.DL_SYSCTL_setMFPCLKSource  ti_msp_dl_config.o
    0x00002f58   0x00002f58   0x0000001c   Code   RO         1673    .text.DL_SYSCTL_setSYSOSCFreq  ti_msp_dl_config.o
    0x00002f74   0x00002f74   0x00000018   Code   RO         1683    .text.DL_SYSCTL_setULPCLKDivider  ti_msp_dl_config.o
    0x00002f8c   0x00002f8c   0x00000010   Code   RO         1663    .text.DL_SYSCTL_startFCC  ti_msp_dl_config.o
    0x00002f9c   0x00002f9c   0x0000004c   Code   RO         2865    .text.DL_SYSCTL_switchMCLKfromSYSOSCtoHSCLK  dl_sysctl_mspm0g1x0x_g3x0x.o
    0x00002fe8   0x00002fe8   0x0000000c   Code   RO         1697    .text.DL_SYSTICK_enable  ti_msp_dl_config.o
    0x00002ff4   0x00002ff4   0x00000028   Code   RO         1695    .text.DL_SYSTICK_init  ti_msp_dl_config.o
    0x0000301c   0x0000301c   0x00000014   Code   RO          172    .text.DL_Timer_enablePower  zf_common_clock.o
    0x00003030   0x00003030   0x00000010   Code   RO          170    .text.DL_Timer_reset  zf_common_clock.o
    0x00003040   0x00003040   0x00000018   Code   RO          145    .text.DL_UART_clearInterruptStatus  isr.o
    0x00003058   0x00003058   0x00000016   Code   RO         2774    .text.DL_UART_disable  dl_uart.o
    0x0000306e   0x0000306e   0x00000016   Code   RO          707    .text.DL_UART_enable  zf_driver_uart.o
    0x00003084   0x00003084   0x00000014   Code   RO          176    .text.DL_UART_enablePower  zf_common_clock.o
    0x00003098   0x00003098   0x00000012   Code   RO          143    .text.DL_UART_getPendingInterrupt  isr.o
    0x000030aa   0x000030aa   0x00000002   PAD
    0x000030ac   0x000030ac   0x00000048   Code   RO         2772    .text.DL_UART_init  dl_uart.o
    0x000030f4   0x000030f4   0x00000014   Code   RO          677    .text.DL_UART_isBusy  zf_driver_uart.o
    0x00003108   0x00003108   0x00000014   Code   RO          687    .text.DL_UART_isRXFIFOEmpty  zf_driver_uart.o
    0x0000311c   0x0000311c   0x00000014   Code   RO          689    .text.DL_UART_receiveData  zf_driver_uart.o
    0x00003130   0x00003130   0x00000014   Code   RO          174    .text.DL_UART_reset  zf_common_clock.o
    0x00003144   0x00003144   0x0000004c   Code   RO          705    .text.DL_UART_setBaudRateDivisor  zf_driver_uart.o
    0x00003190   0x00003190   0x00000024   Code   RO         2778    .text.DL_UART_setClockConfig  dl_uart.o
    0x000031b4   0x000031b4   0x0000001e   Code   RO          703    .text.DL_UART_setOversampling  zf_driver_uart.o
    0x000031d2   0x000031d2   0x00000016   Code   RO          679    .text.DL_UART_transmitData  zf_driver_uart.o
    0x000031e8   0x000031e8   0x00000034   Code   RO         2829    .text.DL_VREF_configReference  dl_vref.o
    0x0000321c   0x0000321c   0x00000014   Code   RO          188    .text.DL_VREF_enablePower  zf_common_clock.o
    0x00003230   0x00003230   0x00000018   Code   RO         1653    .text.DL_VREF_enablePower  ti_msp_dl_config.o
    0x00003248   0x00003248   0x00000010   Code   RO          186    .text.DL_VREF_reset  zf_common_clock.o
    0x00003258   0x00003258   0x00000018   Code   RO         1649    .text.DL_VREF_reset  ti_msp_dl_config.o
    0x00003270   0x00003270   0x0000010c   Code   RO          153    .text.GROUP1_IRQHandler  isr.o
    0x0000337c   0x0000337c   0x00000030   Code   RO         1639    .text.SYSCFG_DL_GPIO_init  ti_msp_dl_config.o
    0x000033ac   0x000033ac   0x000000b0   Code   RO         1659    .text.SYSCFG_DL_SYSCTL_SYSPLL_init  ti_msp_dl_config.o
    0x0000345c   0x0000345c   0x00000094   Code   RO         1641    .text.SYSCFG_DL_SYSCTL_init  ti_msp_dl_config.o
    0x000034f0   0x000034f0   0x0000000e   Code   RO         1645    .text.SYSCFG_DL_SYSTICK_init  ti_msp_dl_config.o
    0x000034fe   0x000034fe   0x00000002   PAD
    0x00003500   0x00003500   0x00000010   Code   RO         1643    .text.SYSCFG_DL_VREF_init  ti_msp_dl_config.o
    0x00003510   0x00003510   0x00000018   Code   RO         1635    .text.SYSCFG_DL_init  ti_msp_dl_config.o
    0x00003528   0x00003528   0x00000044   Code   RO         1637    .text.SYSCFG_DL_initPower  ti_msp_dl_config.o
    0x0000356c   0x0000356c   0x00000010   Code   RO          127    .text.TIMA0_IRQHandler  isr.o
    0x0000357c   0x0000357c   0x00000010   Code   RO          129    .text.TIMA1_IRQHandler  isr.o
    0x0000358c   0x0000358c   0x00000010   Code   RO          131    .text.TIMG0_IRQHandler  isr.o
    0x0000359c   0x0000359c   0x00000010   Code   RO          139    .text.TIMG12_IRQHandler  isr.o
    0x000035ac   0x000035ac   0x00000010   Code   RO          133    .text.TIMG6_IRQHandler  isr.o
    0x000035bc   0x000035bc   0x00000010   Code   RO          135    .text.TIMG7_IRQHandler  isr.o
    0x000035cc   0x000035cc   0x00000018   Code   RO          137    .text.TIMG8_IRQHandler  isr.o
    0x000035e4   0x000035e4   0x00000054   Code   RO          141    .text.UART0_IRQHandler  isr.o
    0x00003638   0x00003638   0x0000005c   Code   RO          147    .text.UART1_IRQHandler  isr.o
    0x00003694   0x00003694   0x00000050   Code   RO          149    .text.UART2_IRQHandler  isr.o
    0x000036e4   0x000036e4   0x00000058   Code   RO          151    .text.UART3_IRQHandler  isr.o
    0x0000373c   0x0000373c   0x0000002c   Code   RO          334    .text.__NVIC_EnableIRQ  zf_common_interrupt.o
    0x00003768   0x00003768   0x00000008   Code   RO          205    .text._sys_exit     zf_common_debug.o
    0x00003770   0x00003770   0x00000158   Code   RO          474    .text.afio_init     zf_driver_gpio.o
    0x000038c8   0x000038c8   0x0000014c   Code   RO          109    .text.car_bluetooth_query_command  main.o
    0x00003a14   0x00003a14   0x00000012   Code   RO          111    .text.car_debug_write  main.o
    0x00003a26   0x00003a26   0x0000001a   Code   RO          103    .text.car_log_write  main.o
    0x00003a40   0x00003a40   0x00000084   Code   RO          105    .text.car_oled_fill  main.o
    0x00003ac4   0x00003ac4   0x000000c0   Code   RO          101    .text.car_oled_init  main.o
    0x00003b84   0x00003b84   0x00000134   Code   RO          107    .text.car_oled_show_string  main.o
    0x00003cb8   0x00003cb8   0x00000024   Code   RO          113    .text.car_oled_write_command  main.o
    0x00003cdc   0x00003cdc   0x0000001e   Code   RO          162    .text.clock_init    zf_common_clock.o
    0x00003cfa   0x00003cfa   0x00000002   PAD
    0x00003cfc   0x00003cfc   0x0000014c   Code   RO          164    .text.clock_reset   zf_common_clock.o
    0x00003e48   0x00003e48   0x00000068   Code   RO          215    .text.debug_assert_handler  zf_common_debug.o
    0x00003eb0   0x00003eb0   0x0000003e   Code   RO          221    .text.debug_delay   zf_common_debug.o
    0x00003eee   0x00003eee   0x00000002   PAD
    0x00003ef0   0x00003ef0   0x00000024   Code   RO          203    .text.debug_interrupr_handler  zf_common_debug.o
    0x00003f14   0x00003f14   0x0000034c   Code   RO          219    .text.debug_output  zf_common_debug.o
    0x00004260   0x00004260   0x00000002   Code   RO          217    .text.debug_protective_handler  zf_common_debug.o
    0x00004262   0x00004262   0x0000000a   Code   RO          445    .text.exti_callbakc_defalut  zf_driver_exti.o
    0x0000426c   0x0000426c   0x00000140   Code   RO          451    .text.exti_init     zf_driver_exti.o
    0x000043ac   0x000043ac   0x000000a8   Code   RO          255    .text.fifo_head_offset  zf_common_fifo.o
    0x00004454   0x00004454   0x000003a8   Code   RO          257    .text.fifo_write_buffer  zf_common_fifo.o
    0x000047fc   0x000047fc   0x00000034   Code   RO          468    .text.gpio_get_level  zf_driver_gpio.o
    0x00004830   0x00004830   0x000001c8   Code   RO          464    .text.gpio_init     zf_driver_gpio.o
    0x000049f8   0x000049f8   0x00000032   Code   RO          462    .text.gpio_set_a0_a1_output  zf_driver_gpio.o
    0x00004a2a   0x00004a2a   0x00000002   PAD
    0x00004a2c   0x00004a2c   0x0000006c   Code   RO          466    .text.gpio_set_level  zf_driver_gpio.o
    0x00004a98   0x00004a98   0x00000016   Code   RO          332    .text.interrupt_enable  zf_common_interrupt.o
    0x00004aae   0x00004aae   0x00000002   PAD
    0x00004ab0   0x00004ab0   0x00000020   Code   RO          330    .text.interrupt_global_disable  zf_common_interrupt.o
    0x00004ad0   0x00004ad0   0x00000002   Code   RO          344    .text.interrupt_init  zf_common_interrupt.o
    0x00004ad2   0x00004ad2   0x0000002e   Code   RO           88    .text.line_follow_abs_i16  line_follow.o
    0x00004b00   0x00004b00   0x00000030   Code   RO           82    .text.line_follow_init  line_follow.o
    0x00004b30   0x00004b30   0x00000048   Code   RO           90    .text.line_follow_limit  line_follow.o
    0x00004b78   0x00004b78   0x00000038   Code   RO           86    .text.line_follow_set_sharp_targets  line_follow.o
    0x00004bb0   0x00004bb0   0x00000334   Code   RO           84    .text.line_follow_update  line_follow.o
    0x00004ee4   0x00004ee4   0x0000003e   Code   RO           68    .text.line_sensor_init  line_sensor.o
    0x00004f22   0x00004f22   0x00000002   PAD
    0x00004f24   0x00004f24   0x000000bc   Code   RO           70    .text.line_sensor_read  line_sensor.o
    0x00004fe0   0x00004fe0   0x00000032   Code   RO           72    .text.line_sensor_select  line_sensor.o
    0x00005012   0x00005012   0x00000002   PAD
    0x00005014   0x00005014   0x000006b8   Code   RO           99    .text.main          main.o
    0x000056cc   0x000056cc   0x0000000a   Code   RO          486    .text.pit_callbakc_defalut  zf_driver_pit.o
    0x000056d6   0x000056d6   0x00000002   PAD
    0x000056d8   0x000056d8   0x000001fc   Code   RO          513    .text.pwm_init      zf_driver_pwm.o
    0x000058d4   0x000058d4   0x00000114   Code   RO          511    .text.pwm_set_duty  zf_driver_pwm.o
    0x000059e8   0x000059e8   0x00000088   Code   RO          577    .text.soft_iic_init  zf_driver_soft_iic.o
    0x00005a70   0x00005a70   0x00000118   Code   RO          531    .text.soft_iic_send_data  zf_driver_soft_iic.o
    0x00005b88   0x00005b88   0x000000d0   Code   RO          523    .text.soft_iic_start  zf_driver_soft_iic.o
    0x00005c58   0x00005c58   0x000000d4   Code   RO          525    .text.soft_iic_stop  zf_driver_soft_iic.o
    0x00005d2c   0x00005d2c   0x00000100   Code   RO          529    .text.soft_iic_wait_ack  zf_driver_soft_iic.o
    0x00005e2c   0x00005e2c   0x00000068   Code   RO          537    .text.soft_iic_write_8bit_array  zf_driver_soft_iic.o
    0x00005e94   0x00005e94   0x00000022   Code   RO           49    .text.speed_pid_init  speed_pid.o
    0x00005eb6   0x00005eb6   0x00000044   Code   RO           57    .text.speed_pid_limit  speed_pid.o
    0x00005efa   0x00005efa   0x0000001c   Code   RO           51    .text.speed_pid_reset  speed_pid.o
    0x00005f16   0x00005f16   0x00000064   Code   RO           53    .text.speed_pid_set_target  speed_pid.o
    0x00005f7a   0x00005f7a   0x00000002   PAD
    0x00005f7c   0x00005f7c   0x00000044   Code   RO           59    .text.speed_pid_sign  speed_pid.o
    0x00005fc0   0x00005fc0   0x0000013c   Code   RO           55    .text.speed_pid_update  speed_pid.o
    0x000060fc   0x000060fc   0x00000002   Code   RO          436    .text.system_delay_init  zf_driver_delay.o
    0x000060fe   0x000060fe   0x00000002   PAD
    0x00006100   0x00006100   0x00000048   Code   RO          432    .text.system_delay_ms  zf_driver_delay.o
    0x00006148   0x00006148   0x0000003c   Code   RO          434    .text.system_delay_us  zf_driver_delay.o
    0x00006184   0x00006184   0x000000a2   Code   RO            8    .text.tb6612_apply  tb6612.o
    0x00006226   0x00006226   0x00000002   PAD
    0x00006228   0x00006228   0x0000005c   Code   RO            2    .text.tb6612_init   tb6612.o
    0x00006284   0x00006284   0x00000050   Code   RO           12    .text.tb6612_limit_duty  tb6612.o
    0x000062d4   0x000062d4   0x00000048   Code   RO            6    .text.tb6612_set_motor  tb6612.o
    0x0000631c   0x0000631c   0x0000001a   Code   RO            4    .text.tb6612_stop_all  tb6612.o
    0x00006336   0x00006336   0x00000002   PAD
    0x00006338   0x00006338   0x00000028   Code   RO          650    .text.timer_clock_enable  zf_driver_timer.o
    0x00006360   0x00006360   0x0000005c   Code   RO          648    .text.timer_funciton_check  zf_driver_timer.o
    0x000063bc   0x000063bc   0x00000002   Code   RO         1348    .text.type_default_callback  zf_device_type.o
    0x000063be   0x000063be   0x0000000a   Code   RO          673    .text.uart_callbakc_defalut  zf_driver_uart.o
    0x000063c8   0x000063c8   0x00000120   Code   RO          701    .text.uart_init     zf_driver_uart.o
    0x000064e8   0x000064e8   0x00000058   Code   RO          691    .text.uart_query_byte  zf_driver_uart.o
    0x00006540   0x00006540   0x00000060   Code   RO          683    .text.uart_write_string  zf_driver_uart.o
    0x000065a0   0x000065a0   0x00000024   Code   RO           35    .text.wheel_encoder_clear  wheel_encoder.o
    0x000065c4   0x000065c4   0x00000010   Code   RO           27    .text.wheel_encoder_clear_all  wheel_encoder.o
    0x000065d4   0x000065d4   0x0000006c   Code   RO           23    .text.wheel_encoder_edge_callback  wheel_encoder.o
    0x00006640   0x00006640   0x00000018   Code   RO           29    .text.wheel_encoder_get_count  wheel_encoder.o
    0x00006658   0x00006658   0x0000006c   Code   RO           21    .text.wheel_encoder_init  wheel_encoder.o
    0x000066c4   0x000066c4   0x00000052   Code   RO           25    .text.wheel_encoder_read_state  wheel_encoder.o
    0x00006716   0x00006716   0x00000030   Code   RO         3282    i.__ARM_common_ll_muluu  c_p.l(btod.o)
    0x00006746   0x00006746   0x00000002   PAD
    0x00006748   0x00006748   0x0000002c   Code   RO         3257    i.__ARM_fpclassify  m_ps.l(fpclassify.o)
    0x00006774   0x00006774   0x00000016   Code   RO         2952    i._dgeq             fz_ps.l(dcmp.o)
    0x0000678a   0x0000678a   0x0000001a   Code   RO         2954    i._dleq             fz_ps.l(dcmp.o)
    0x000067a4   0x000067a4   0x00000016   Code   RO         2994    i._feq              fz_ps.l(fcmp.o)
    0x000067ba   0x000067ba   0x00000016   Code   RO         2995    i._fgeq             fz_ps.l(fcmp.o)
    0x000067d0   0x000067d0   0x0000001a   Code   RO         2997    i._fleq             fz_ps.l(fcmp.o)
    0x000067ea   0x000067ea   0x00000016   Code   RO         2998    i._fls              fz_ps.l(fcmp.o)
    0x00006800   0x00006800   0x0000000e   Code   RO         3106    i._is_digit         c_p.l(__printf_wp.o)
    0x0000680e   0x0000680e   0x00000002   PAD
    0x00006810   0x00006810   0x0000002c   Code   RO         3287    locale$$code        c_p.l(lc_numeric_c.o)
    0x0000683c   0x0000683c   0x0000002c   Code   RO         3317    locale$$code        c_p.l(lc_ctype_c.o)
    0x00006868   0x00006868   0x00000064   Code   RO         3141    x$fpl$dgeqf         fz_ps.l(dgef.o)
    0x000068cc   0x000068cc   0x00000064   Code   RO         3143    x$fpl$dleqf         fz_ps.l(dlef.o)
    0x00006930   0x00006930   0x0000008c   Code   RO         2982    x$fpl$fadd          fz_ps.l(faddsub.o)
    0x000069bc   0x000069bc   0x00000054   Code   RO         3145    x$fpl$feqf          fz_ps.l(feqf.o)
    0x00006a10   0x00006a10   0x00000054   Code   RO         3147    x$fpl$fgeqf         fz_ps.l(fgef.o)
    0x00006a64   0x00006a64   0x00000054   Code   RO         3149    x$fpl$fleqf         fz_ps.l(flef.o)
    0x00006ab8   0x00006ab8   0x000000b0   Code   RO         3021    x$fpl$fmul          fz_ps.l(fmul.o)
    0x00006b68   0x00006b68   0x000000d0   Code   RO         2984    x$fpl$fsub          fz_ps.l(faddsub.o)
    0x00006c38   0x00006c38   0x00000010   Code   RO         3155    x$fpl$printf1       fz_ps.l(printf1.o)
    0x00006c48   0x00006c48   0x00000010   Code   RO         3157    x$fpl$printf2       fz_ps.l(printf2.o)
    0x00006c58   0x00006c58   0x00000000   Code   RO         3163    x$fpl$usenofp       fz_ps.l(usenofp.o)
    0x00006c58   0x00006c58   0x00000080   Data   RO         2970    .constdata          fz_ps.l(ddiv.o)
    0x00006cd8   0x00006cd8   0x00000040   Data   RO         3013    .constdata          fz_ps.l(fdiv.o)
    0x00006d18   0x00006d18   0x00000008   Data   RO         3065    .constdata          c_p.l(_printf_wctomb.o)
    0x00006d20   0x00006d20   0x00000028   Data   RO         3094    .constdata          c_p.l(_printf_hex_int_ll_ptr.o)
    0x00006d48   0x00006d48   0x00000011   Data   RO         3114    .constdata          c_p.l(__printf_flags_ss_wp.o)
    0x00006d59   0x00006d59   0x00000026   Data   RO         3238    .constdata          c_p.l(_printf_fp_hex.o)
    0x00006d7f   0x00006d7f   0x00000001   PAD
    0x00006d80   0x00006d80   0x00000094   Data   RO         3277    .constdata          c_p.l(bigflt0.o)
    0x00006e14   0x00006e14   0x00000228   Data   RO          278    .rodata.ascii_font_6x8  zf_common_font.o
    0x0000703c   0x0000703c   0x00000003   Data   RO         1702    .rodata.gLFCLKConfig  ti_msp_dl_config.o
    0x0000703f   0x0000703f   0x00000001   PAD
    0x00007040   0x00007040   0x00000028   Data   RO         1701    .rodata.gSYSPLLConfig  ti_msp_dl_config.o
    0x00007068   0x00007068   0x0000000c   Data   RO         1703    .rodata.gVREFConfig  ti_msp_dl_config.o
    0x00007074   0x00007074   0x0000003c   Data   RO          477    .rodata.gpio_iomux_index  zf_driver_gpio.o
    0x000070b0   0x000070b0   0x00000010   Data   RO           74    .rodata.line_sensor_read.weight  line_sensor.o
    0x000070c0   0x000070c0   0x00000010   Data   RO           41    .rodata.quadrature_transition  wheel_encoder.o
    0x000070d0   0x000070d0   0x00000354   Data   RO          115    .rodata.str1.1      main.o
    0x00007424   0x00007424   0x00000066   Data   RO          238    .rodata.str1.1      zf_common_debug.o
    0x0000748a   0x0000748a   0x0000002b   Data   RO          269    .rodata.str1.1      zf_common_fifo.o
    0x000074b5   0x000074b5   0x0000002b   Data   RO          478    .rodata.str1.1      zf_driver_gpio.o
    0x000074e0   0x000074e0   0x0000002a   Data   RO          515    .rodata.str1.1      zf_driver_pwm.o
    0x0000750a   0x0000750a   0x0000002f   Data   RO          579    .rodata.str1.1      zf_driver_soft_iic.o
    0x00007539   0x00007539   0x0000002b   Data   RO          714    .rodata.str1.1      zf_driver_uart.o
    0x00007564   0x00007564   0x0000001c   Data   RO          663    .rodata.timer_reg   zf_driver_timer.o
    0x00007580   0x00007580   0x00000002   Data   RO          717    .rodata.uart_init.uart_clock_config  zf_driver_uart.o
    0x00007582   0x00007582   0x0000000a   Data   RO          718    .rodata.uart_init.uart_default_config  zf_driver_uart.o
    0x0000758c   0x0000758c   0x00000004   PAD
    0x00007590   0x00007590   0x00000020   Data   RO         3447    Region$$Table       anon$$obj.o
    0x000075b0   0x000075b0   0x0000001c   Data   RO         3286    locale$$data        c_p.l(lc_numeric_c.o)
    0x000075cc   0x000075cc   0x00000110   Data   RO         3316    locale$$data        c_p.l(lc_ctype_c.o)


    Execution Region RW_IRAM2 (Exec base: 0x20200000, Load base: 0x000076e0, Size: 0x00001660, Max: 0x00008000, ABSOLUTE)

    Exec Addr    Load Addr    Size         Type   Attr      Idx    E Section Name        Object

    0x20200000   0x000076e0   0x00000080   Data   RW          453    .data.exti_callback_list  zf_driver_exti.o
    0x20200080   0x00007760   0x00000008   Data   RW          476    .data.gpio_group    zf_driver_gpio.o
    0x20200088   0x00007768   0x0000001c   Data   RW          502    .data.pit_callback_ptr_list  zf_driver_pit.o
    0x202000a4   0x00007784   0x00000010   Data   RW          712    .data.uart_callback_list  zf_driver_uart.o
    0x202000b4   0x00007794   0x00000010   Data   RW          713    .data.uart_list     zf_driver_uart.o
    0x202000c4   0x000077a4   0x00000008   Data   RW           37    .data.wheel_encoder_callback_context  wheel_encoder.o
    0x202000cc   0x000077ac   0x00000004   Data   RW         1361    .data.wireless_module_uart_handler  zf_device_type.o
    0x202000d0   0x000077b0   0x00000001   Data   RW          236    .data.zf_debug_assert_enable  zf_common_debug.o
    0x202000d1   0x000077b1   0x00000007   PAD
    0x202000d8        -       0x00000060   Zero   RW         3262    .bss                c_p.l(libspace.o)
    0x20200138        -       0x00000010   Zero   RW          117    .bss.car_bluetooth_query_command.command  main.o
    0x20200148        -       0x00000001   Zero   RW          118    .bss.car_bluetooth_query_command.command_length  main.o
    0x20200149        -       0x00000001   Zero   RW          237    .bss.debug_assert_handler.assert_nest_index  zf_common_debug.o
    0x2020014a   0x000077b1   0x00000002   PAD
    0x2020014c        -       0x00000014   Zero   RW          239    .bss.debug_output_info  zf_common_debug.o
    0x20200160        -       0x00000001   Zero   RW          233    .bss.debug_uart_data  zf_common_debug.o
    0x20200161        -       0x00000016   Zero   RW          234    .bss.debug_uart_fifo  zf_common_debug.o
    0x20200177   0x000077b1   0x00000001   PAD
    0x20200178        -       0x00000080   Zero   RW          454    .bss.exti_callback_ptr_list  zf_driver_exti.o
    0x202001f8        -       0x00000004   Zero   RW          346    .bss.interrupt_nest_count  zf_common_interrupt.o
    0x202001fc        -       0x00000010   Zero   RW          116    .bss.oled_iic       main.o
    0x2020020c        -       0x0000001c   Zero   RW          501    .bss.pit_callback_list  zf_driver_pit.o
    0x20200228        -       0x00000007   Zero   RW          662    .bss.timer_function_state  zf_driver_timer.o
    0x2020022f   0x000077b1   0x00000001   PAD
    0x20200230        -       0x00000010   Zero   RW          711    .bss.uart_callback_ptr_list  zf_driver_uart.o
    0x20200240        -       0x00000008   Zero   RW           39    .bss.wheel_encoder_count  wheel_encoder.o
    0x20200248        -       0x00000010   Zero   RW           40    .bss.wheel_encoder_edge_count  wheel_encoder.o
    0x20200258        -       0x00000002   Zero   RW           38    .bss.wheel_encoder_previous_state  wheel_encoder.o
    0x2020025a        -       0x00000001   Zero   RW          235    .bss.zf_debug_init_flag  zf_common_debug.o
    0x2020025b   0x000077b1   0x00000005   PAD
    0x20200260        -       0x00000400   Zero   RW         1626    HEAP                startup_mspm0g350x_uvision.o
    0x20200660        -       0x00001000   Zero   RW         1625    STACK               startup_mspm0g350x_uvision.o



  Load Region LR_BCR (Base: 0x41c00000, Size: 0x00000000, Max: 0x00000100, ABSOLUTE)

    Execution Region BCR_CONFIG (Exec base: 0x41c00000, Load base: 0x41c00000, Size: 0x00000000, Max: 0x00000080, ABSOLUTE)

    **** No section assigned to this execution region ****



  Load Region LR_BSL (Base: 0x41c00100, Size: 0x00000000, Max: 0x00000100, ABSOLUTE)

    Execution Region BSL_CONFIG (Exec base: 0x41c00100, Load base: 0x41c00100, Size: 0x00000000, Max: 0x00000080, ABSOLUTE)

    **** No section assigned to this execution region ****


==============================================================================

Image component sizes


      Code (inc. data)   RO Data    RW Data    ZI Data      Debug   Object Name

        20          0          0          0          0        650   dl_common.o
       764         60          0          0          0      10950   dl_sysctl_mspm0g1x0x_g3x0x.o
       170          8          0          0          0      10762   dl_uart.o
        52          4          0          0          0       2556   dl_vref.o
       774         72          0          0          0       5486   isr.o
      1042         40          0          0          0       3134   line_follow.o
       300          4         16          0          0       2306   line_sensor.o
      2764        200        852          0         33       8503   main.o
       614         20          0          0          0       2093   speed_pid.o
        48         22        192          0       5120        760   startup_mspm0g350x_uvision.o
       432         28          0          0          0       5822   tb6612.o
      1058         92         55          0          0      17287   ti_msp_dl_config.o
       374         24         16          8         26       3372   wheel_encoder.o
       594         84          0          0          0      11233   zf_common_clock.o
      1056         48        102          1         45       7888   zf_common_debug.o
      1104          4         43          0          0       5765   zf_common_fifo.o
         0          0        552          0          0        744   zf_common_font.o
       100          8          0          0          4       3631   zf_common_interrupt.o
         2          0          0          4          0       1967   zf_device_type.o
       134         16          0          0          0       1204   zf_driver_delay.o
       330         28          0        128        128       3793   zf_driver_exti.o
      1010        216        103          8          0       6967   zf_driver_gpio.o
        10          0          0         28         28       6622   zf_driver_pit.o
       784         64         42          0          0       9177   zf_driver_pwm.o
      1196         28         47          0          0       9003   zf_driver_soft_iic.o
       132         12         28          0          7       5202   zf_driver_timer.o
       732         52         55         32         16      12149   zf_driver_uart.o

    ----------------------------------------------------------------------
     15622       1134       2140        212       5420     159026   Object Totals
         0          0         32          0          0          0   (incl. Generated)
        26          0          5          3         13          0   (incl. Padding)

    ----------------------------------------------------------------------

      Code (inc. data)   RO Data    RW Data    ZI Data      Debug   Library Member Name

         8          0          0          0          0         68   __main.o
       392          6         17          0          0         76   __printf_flags_ss_wp.o
        14          0          0          0          0         60   __printf_wp.o
         0          0          0          0          0          0   __rtentry.o
        12          0          0          0          0          0   __rtentry2.o
         6          0          0          0          0          0   __rtentry4.o
        86         10          0          0          0          0   __scatter.o
        26          0          0          0          0          0   __scatter_copy.o
        28          0          0          0          0          0   __scatter_zi.o
        66          0          0          0          0         76   _c16rtomb.o
        10          0          0          0          0          0   _printf_a.o
        10          0          0          0          0          0   _printf_c.o
        46          0          0          0          0        100   _printf_char.o
        48          6          0          0          0         88   _printf_char_common.o
        38          0          0          0          0         60   _printf_charcount.o
        10          0          0          0          0          0   _printf_d.o
       108         18          0          0          0         76   _printf_dec.o
        10          0          0          0          0          0   _printf_e.o
        10          0          0          0          0          0   _printf_f.o
      1044         12          0          0          0        116   _printf_fp_dec.o
       728         10         38          0          0         84   _printf_fp_hex.o
       136         16          0          0          0         76   _printf_fp_infnan.o
        10          0          0          0          0          0   _printf_g.o
       152          4         40          0          0        148   _printf_hex_int_ll_ptr.o
        10          0          0          0          0          0   _printf_i.o
       176          0          0          0          0         84   _printf_intcommon.o
        10          0          0          0          0          0   _printf_l.o
        10          0          0          0          0          0   _printf_lc.o
        10          0          0          0          0          0   _printf_ll.o
        10          0          0          0          0          0   _printf_lld.o
        10          0          0          0          0          0   _printf_lli.o
        10          0          0          0          0          0   _printf_llo.o
        10          0          0          0          0          0   _printf_llu.o
        10          0          0          0          0          0   _printf_llx.o
       112         18          0          0          0         76   _printf_longlong_dec.o
        10          0          0          0          0          0   _printf_ls.o
        10          0          0          0          0          0   _printf_n.o
        10          0          0          0          0          0   _printf_o.o
       112         10          0          0          0        112   _printf_oct_int_ll.o
        10          0          0          0          0          0   _printf_p.o
        78          0          0          0          0        100   _printf_pad.o
         2          0          0          0          0          0   _printf_percent.o
         4          0          0          0          0          0   _printf_percent_end.o
        10          0          0          0          0          0   _printf_s.o
        82          0          0          0          0         72   _printf_str.o
        36          0          0          0          0         76   _printf_truncate.o
        10          0          0          0          0          0   _printf_u.o
        46          0          0          0          0        100   _printf_wchar.o
       188          6          8          0          0         80   _printf_wctomb.o
        10          0          0          0          0          0   _printf_x.o
        10          0          0          0          0         60   _sputc.o
       364          4          0          0          0         92   aeabi_sdiv.o
       216          6        148          0          0         80   bigflt0.o
      1456         30          0          0          0        336   btod.o
        16          0          0          0          0         68   exit.o
         6          0          0          0          0        136   heapauxi.o
        44         10        272          0          0         76   lc_ctype_c.o
        44         10         28          0          0         76   lc_numeric_c.o
         2          0          0          0          0          0   libinit.o
        30          0          0          0          0          0   libinit2.o
         2          0          0          0          0          0   libshutdown.o
         2          0          0          0          0          0   libshutdown2.o
         8          4          0          0         96         68   libspace.o
       122          0          0          0          0         72   lludiv10.o
        16          4          0          0          0         76   rt_ctype_table.o
         8          4          0          0          0         68   rt_locale_intlibspace.o
        64          0          0          0          0        108   rt_memclr.o
       186          0          0          0          0        144   rt_memcpy.o
         2          0          0          0          0          0   rtexit.o
        10          0          0          0          0          0   rtexit2.o
        40          0          0          0          0         60   rtudiv10.o
        44          4          0          0          0         84   sprintf.o
       136          4          0          0          0         72   strcmp.o
        68          6          0          0          0         72   strlen.o
        62          0          0          0          0         80   sys_stackheap_outer.o
        46          0          0          0          0         60   cmpret.o
       856         20          0          0          0        208   daddsub.o
        48          0          0          0          0        136   dcmp.o
       160          6          0          0          0         76   dcmpin.o
      1096         26        128          0          0        112   ddiv.o
       108         10          0          0          0         72   dfixi.o
        88          0          0          0          0         92   dflti.o
       100          4          0          0          0         92   dgef.o
       100          4          0          0          0         92   dlef.o
       584         26          0          0          0         84   dmul.o
        20          6          0          0          0         68   dnan2.o
       348          8          0          0          0        160   faddsub.o
        92          0          0          0          0        272   fcmp.o
       100          4          0          0          0         68   fcmpin.o
       352         10         64          0          0         92   fdiv.o
        84          4          0          0          0         76   feqf.o
        76          0          0          0          0         68   ffixi.o
        48          0          0          0          0         60   ffixui.o
        94          0          0          0          0         92   fflti.o
        84          4          0          0          0         76   fgef.o
        84          4          0          0          0         76   flef.o
       176          4          0          0          0         80   fmul.o
        16          6          0          0          0         68   fnan2.o
        16          4          0          0          0         76   printf1.o
        16          4          0          0          0         76   printf2.o
        94          0          0          0          0         68   retnan.o
         0          0          0          0          0          0   usenofp.o
        44          4          0          0          0         60   fpclassify.o

    ----------------------------------------------------------------------
     11922        364        744          0         96       6116   Library Totals
        40          4          1          0          0          0   (incl. Padding)

    ----------------------------------------------------------------------

      Code (inc. data)   RO Data    RW Data    ZI Data      Debug   Library Name

      6952        202        551          0         96       3556   c_p.l
      4886        154        192          0          0       2500   fz_ps.l
        44          4          0          0          0         60   m_ps.l

    ----------------------------------------------------------------------
     11922        364        744          0         96       6116   Library Totals

    ----------------------------------------------------------------------

==============================================================================


      Code (inc. data)   RO Data    RW Data    ZI Data      Debug   

     27544       1498       2884        212       5516     161614   Grand Totals
     27544       1498       2884        212       5516     161614   ELF Image Totals
     27544       1498       2884        212          0          0   ROM Totals

==============================================================================

    Total RO  Size (Code + RO Data)                30428 (  29.71kB)
    Total RW  Size (RW Data + ZI Data)              5728 (   5.59kB)
    Total ROM Size (Code + RO Data + RW Data)      30640 (  29.92kB)

==============================================================================

