Component: Arm Compiler for Embedded 6.24 Tool: armlink [5f371500]

==============================================================================

Section Cross References

    tb6612.o(.text.tb6612_init) refers to zf_driver_gpio.o(.text.gpio_init) for gpio_init
    tb6612.o(.text.tb6612_init) refers to zf_driver_pwm.o(.text.pwm_init) for pwm_init
    tb6612.o(.text.tb6612_init) refers to tb6612.o(.text.tb6612_stop_all) for tb6612_stop_all
    tb6612.o(.ARM.exidx.text.tb6612_init) refers to tb6612.o(.text.tb6612_init) for [Anonymous Symbol]
    tb6612.o(.text.tb6612_stop_all) refers to tb6612.o(.text.tb6612_set_motor) for tb6612_set_motor
    tb6612.o(.ARM.exidx.text.tb6612_stop_all) refers to tb6612.o(.text.tb6612_stop_all) for [Anonymous Symbol]
    tb6612.o(.text.tb6612_set_motor) refers to tb6612.o(.text.tb6612_apply) for tb6612_apply
    tb6612.o(.ARM.exidx.text.tb6612_set_motor) refers to tb6612.o(.text.tb6612_set_motor) for [Anonymous Symbol]
    tb6612.o(.text.tb6612_apply) refers to tb6612.o(.text.tb6612_limit_duty) for tb6612_limit_duty
    tb6612.o(.text.tb6612_apply) refers to zf_driver_gpio.o(.text.gpio_set_level) for gpio_set_level
    tb6612.o(.text.tb6612_apply) refers to zf_driver_pwm.o(.text.pwm_set_duty) for pwm_set_duty
    tb6612.o(.ARM.exidx.text.tb6612_apply) refers to tb6612.o(.text.tb6612_apply) for [Anonymous Symbol]
    tb6612.o(.text.tb6612_stop_motor) refers to tb6612.o(.text.tb6612_set_motor) for tb6612_set_motor
    tb6612.o(.ARM.exidx.text.tb6612_stop_motor) refers to tb6612.o(.text.tb6612_stop_motor) for [Anonymous Symbol]
    tb6612.o(.ARM.exidx.text.tb6612_limit_duty) refers to tb6612.o(.text.tb6612_limit_duty) for [Anonymous Symbol]
    wheel_encoder.o(.text.wheel_encoder_init) refers to zf_driver_exti.o(.text.exti_init) for exti_init
    wheel_encoder.o(.text.wheel_encoder_init) refers to wheel_encoder.o(.text.wheel_encoder_read_state) for wheel_encoder_read_state
    wheel_encoder.o(.text.wheel_encoder_init) refers to wheel_encoder.o(.text.wheel_encoder_clear_all) for wheel_encoder_clear_all
    wheel_encoder.o(.text.wheel_encoder_init) refers to wheel_encoder.o(.text.wheel_encoder_edge_callback) for wheel_encoder_edge_callback
    wheel_encoder.o(.text.wheel_encoder_init) refers to wheel_encoder.o(.data.wheel_encoder_callback_context) for [Anonymous Symbol]
    wheel_encoder.o(.text.wheel_encoder_init) refers to wheel_encoder.o(.bss.wheel_encoder_previous_state) for [Anonymous Symbol]
    wheel_encoder.o(.ARM.exidx.text.wheel_encoder_init) refers to wheel_encoder.o(.text.wheel_encoder_init) for [Anonymous Symbol]
    wheel_encoder.o(.text.wheel_encoder_edge_callback) refers to wheel_encoder.o(.text.wheel_encoder_read_state) for wheel_encoder_read_state
    wheel_encoder.o(.text.wheel_encoder_edge_callback) refers to wheel_encoder.o(.bss.wheel_encoder_edge_count) for [Anonymous Symbol]
    wheel_encoder.o(.text.wheel_encoder_edge_callback) refers to wheel_encoder.o(.bss.wheel_encoder_previous_state) for [Anonymous Symbol]
    wheel_encoder.o(.text.wheel_encoder_edge_callback) refers to wheel_encoder.o(.rodata.quadrature_transition) for [Anonymous Symbol]
    wheel_encoder.o(.text.wheel_encoder_edge_callback) refers to wheel_encoder.o(.bss.wheel_encoder_count) for [Anonymous Symbol]
    wheel_encoder.o(.ARM.exidx.text.wheel_encoder_edge_callback) refers to wheel_encoder.o(.text.wheel_encoder_edge_callback) for [Anonymous Symbol]
    wheel_encoder.o(.text.wheel_encoder_read_state) refers to zf_driver_gpio.o(.text.gpio_get_level) for gpio_get_level
    wheel_encoder.o(.ARM.exidx.text.wheel_encoder_read_state) refers to wheel_encoder.o(.text.wheel_encoder_read_state) for [Anonymous Symbol]
    wheel_encoder.o(.text.wheel_encoder_clear_all) refers to wheel_encoder.o(.text.wheel_encoder_clear) for wheel_encoder_clear
    wheel_encoder.o(.ARM.exidx.text.wheel_encoder_clear_all) refers to wheel_encoder.o(.text.wheel_encoder_clear_all) for [Anonymous Symbol]
    wheel_encoder.o(.text.wheel_encoder_get_count) refers to wheel_encoder.o(.bss.wheel_encoder_count) for [Anonymous Symbol]
    wheel_encoder.o(.ARM.exidx.text.wheel_encoder_get_count) refers to wheel_encoder.o(.text.wheel_encoder_get_count) for [Anonymous Symbol]
    wheel_encoder.o(.text.wheel_encoder_get_edge_count) refers to wheel_encoder.o(.bss.wheel_encoder_edge_count) for [Anonymous Symbol]
    wheel_encoder.o(.ARM.exidx.text.wheel_encoder_get_edge_count) refers to wheel_encoder.o(.text.wheel_encoder_get_edge_count) for [Anonymous Symbol]
    wheel_encoder.o(.text.wheel_encoder_get_state) refers to wheel_encoder.o(.text.wheel_encoder_read_state) for wheel_encoder_read_state
    wheel_encoder.o(.ARM.exidx.text.wheel_encoder_get_state) refers to wheel_encoder.o(.text.wheel_encoder_get_state) for [Anonymous Symbol]
    wheel_encoder.o(.text.wheel_encoder_clear) refers to wheel_encoder.o(.bss.wheel_encoder_count) for [Anonymous Symbol]
[...]
    [Anonymous Symbol]                       0x0000487c   Section        0  zf_driver_soft_iic.o(.text.soft_iic_send_data)
    __arm_cp.4_0                             0x00004994   Number         4  zf_driver_soft_iic.o(.text.soft_iic_send_data)
    __arm_cp.4_1                             0x00004998   Number         4  zf_driver_soft_iic.o(.text.soft_iic_send_data)
    __arm_cp.4_2                             0x0000499c   Number         4  zf_driver_soft_iic.o(.text.soft_iic_send_data)
    [Anonymous Symbol]                       0x000049a0   Section        0  zf_driver_soft_iic.o(.text.soft_iic_start)
    __arm_cp.0_1                             0x00004a70   Number         4  zf_driver_soft_iic.o(.text.soft_iic_start)
    __arm_cp.0_2                             0x00004a74   Number         4  zf_driver_soft_iic.o(.text.soft_iic_start)
    [Anonymous Symbol]                       0x00004a78   Section        0  zf_driver_soft_iic.o(.text.soft_iic_stop)
    __arm_cp.1_0                             0x00004b48   Number         4  zf_driver_soft_iic.o(.text.soft_iic_stop)
    __arm_cp.1_1                             0x00004b4c   Number         4  zf_driver_soft_iic.o(.text.soft_iic_stop)
    __arm_cp.1_2                             0x00004b50   Number         4  zf_driver_soft_iic.o(.text.soft_iic_stop)
    [Anonymous Symbol]                       0x00004b54   Section        0  zf_driver_soft_iic.o(.text.soft_iic_wait_ack)
    __arm_cp.3_0                             0x00004c48   Number         4  zf_driver_soft_iic.o(.text.soft_iic_wait_ack)
    __arm_cp.3_1                             0x00004c4c   Number         4  zf_driver_soft_iic.o(.text.soft_iic_wait_ack)
    __arm_cp.3_2                             0x00004c50   Number         4  zf_driver_soft_iic.o(.text.soft_iic_wait_ack)
    [Anonymous Symbol]                       0x00004c54   Section        0  zf_driver_soft_iic.o(.text.soft_iic_write_8bit_register)
    __arm_cp.10_0                            0x00004ca8   Number         4  zf_driver_soft_iic.o(.text.soft_iic_write_8bit_register)
    [Anonymous Symbol]                       0x00004cac   Section        0  zf_driver_delay.o(.text.system_delay_init)
    [Anonymous Symbol]                       0x00004cb0   Section        0  zf_driver_delay.o(.text.system_delay_ms)
    __arm_cp.0_0                             0x00004cf4   Number         4  zf_driver_delay.o(.text.system_delay_ms)
    __arm_cp.0_1                             0x00004cf8   Number         4  zf_driver_delay.o(.text.system_delay_ms)
    __arm_cp.0_2                             0x00004cfc   Number         4  zf_driver_delay.o(.text.system_delay_ms)
    __arm_cp.0_3                             0x00004d00   Number         4  zf_driver_delay.o(.text.system_delay_ms)
    type_default_callback                    0x00004d05   Thumb Code     2  zf_device_type.o(.text.type_default_callback)
    [Anonymous Symbol]                       0x00004d04   Section        0  zf_device_type.o(.text.type_default_callback)
    uart_callbakc_defalut                    0x00004d07   Thumb Code    10  zf_driver_uart.o(.text.uart_callbakc_defalut)
    [Anonymous Symbol]                       0x00004d06   Section        0  zf_driver_uart.o(.text.uart_callbakc_defalut)
    [Anonymous Symbol]                       0x00004d10   Section        0  zf_driver_uart.o(.text.uart_init)
    __arm_cp.14_1                            0x00004e18   Number         4  zf_driver_uart.o(.text.uart_init)
    __arm_cp.14_2                            0x00004e1c   Number         4  zf_driver_uart.o(.text.uart_init)
    __arm_cp.14_3                            0x00004e20   Number         4  zf_driver_uart.o(.text.uart_init)
    __arm_cp.14_4                            0x00004e24   Number         4  zf_driver_uart.o(.text.uart_init)
    __arm_cp.14_5                            0x00004e28   Number         4  zf_driver_uart.o(.text.uart_init)
    __arm_cp.14_6                            0x00004e2c   Number         4  zf_driver_uart.o(.text.uart_init)
    [Anonymous Symbol]                       0x00004e30   Section        0  zf_driver_uart.o(.text.uart_query_byte)
    [Anonymous Symbol]                       0x00004e88   Section        0  zf_driver_uart.o(.text.uart_write_string)
    __arm_cp.5_0                             0x00004ee0   Number         4  zf_driver_uart.o(.text.uart_write_string)
    __arm_cp.5_1                             0x00004ee4   Number         4  zf_driver_uart.o(.text.uart_write_string)
    i.__ARM_common_ll_muluu                  0x00004ee8   Section        0  btod.o(i.__ARM_common_ll_muluu)
    i.__ARM_fpclassify                       0x00004f18   Section        0  fpclassify.o(i.__ARM_fpclassify)
    i._dgeq                                  0x00004f44   Section        0  dcmp.o(i._dgeq)
    i._dleq                                  0x00004f5a   Section        0  dcmp.o(i._dleq)
    i._is_digit                              0x00004f74   Section        0  __printf_wp.o(i._is_digit)
    locale$$code                             0x00004f84   Section       44  lc_numeric_c.o(locale$$code)
    locale$$code                             0x00004fb0   Section       44  lc_ctype_c.o(locale$$code)
    x$fpl$dgeqf                              0x00004fdc   Section      100  dgef.o(x$fpl$dgeqf)
    x$fpl$dleqf                              0x00005040   Section      100  dlef.o(x$fpl$dleqf)
    x$fpl$printf1                            0x000050a4   Section       16  printf1.o(x$fpl$printf1)
    x$fpl$printf2                            0x000050b4   Section       16  printf2.o(x$fpl$printf2)
    ddiv_reciptbl                            0x000050c4   Data         128  ddiv.o(.constdata)
    .constdata                               0x000050c4   Section      128  ddiv.o(.constdata)
    x$fpl$usenofp                            0x000050c4   Section        0  usenofp.o(x$fpl$usenofp)
    initial_mbstate                          0x00005144   Data           8  _printf_wctomb.o(.constdata)
    .constdata                               0x00005144   Section        8  _printf_wctomb.o(.constdata)
    uc_hextab                                0x0000514c   Data          20  _printf_hex_int_ll_ptr.o(.constdata)
    .constdata                               0x0000514c   Section       40  _printf_hex_int_ll_ptr.o(.constdata)
    lc_hextab                                0x00005160   Data          20  _printf_hex_int_ll_ptr.o(.constdata)
    maptable                                 0x00005174   Data          17  __printf_flags_ss_wp.o(.constdata)
    .constdata                               0x00005174   Section       17  __printf_flags_ss_wp.o(.constdata)
    lc_hextab                                0x00005185   Data          19  _printf_fp_hex.o(.constdata)
    .constdata                               0x00005185   Section       38  _printf_fp_hex.o(.constdata)
    uc_hextab                                0x00005198   Data          19  _printf_fp_hex.o(.constdata)
    tenpwrs_x                                0x000051ac   Data          60  bigflt0.o(.constdata)
    .constdata                               0x000051ac   Section      148  bigflt0.o(.constdata)
    tenpwrs_i                                0x000051e8   Data          64  bigflt0.o(.constdata)
    gLFCLKConfig                             0x00005240   Data           3  ti_msp_dl_config.o(.rodata.gLFCLKConfig)
    [Anonymous Symbol]                       0x00005240   Section        0  ti_msp_dl_config.o(.rodata.gLFCLKConfig)
    gSYSPLLConfig                            0x00005244   Data          40  ti_msp_dl_config.o(.rodata.gSYSPLLConfig)
    [Anonymous Symbol]                       0x00005244   Section        0  ti_msp_dl_config.o(.rodata.gSYSPLLConfig)
    gVREFConfig                              0x0000526c   Data          12  ti_msp_dl_config.o(.rodata.gVREFConfig)
    [Anonymous Symbol]                       0x0000526c   Section        0  ti_msp_dl_config.o(.rodata.gVREFConfig)
    [Anonymous Symbol]                       0x000052b4   Section        0  main.o(.rodata.str1.1)
    [Anonymous Symbol]                       0x00005332   Section        0  zf_common_debug.o(.rodata.str1.1)
    [Anonymous Symbol]                       0x00005398   Section        0  zf_common_fifo.o(.rodata.str1.1)
    [Anonymous Symbol]                       0x000053c3   Section        0  zf_driver_gpio.o(.rodata.str1.1)
    [Anonymous Symbol]                       0x000053ee   Section        0  zf_driver_soft_iic.o(.rodata.str1.1)
    [Anonymous Symbol]                       0x0000541d   Section        0  zf_driver_uart.o(.rodata.str1.1)
    uart_init.uart_clock_config              0x00005448   Data           2  zf_driver_uart.o(.rodata.uart_init.uart_clock_config)
    [Anonymous Symbol]                       0x00005448   Section        0  zf_driver_uart.o(.rodata.uart_init.uart_clock_config)
    uart_init.uart_default_config            0x0000544a   Data          10  zf_driver_uart.o(.rodata.uart_init.uart_default_config)
    [Anonymous Symbol]                       0x0000544a   Section        0  zf_driver_uart.o(.rodata.uart_init.uart_default_config)
    locale$$data                             0x00005478   Section       28  lc_numeric_c.o(locale$$data)
    __lcnum_c_name                           0x0000547c   Data           2  lc_numeric_c.o(locale$$data)
    __lcnum_c_start                          0x00005484   Data           0  lc_numeric_c.o(locale$$data)
    __lcnum_c_point                          0x00005490   Data           0  lc_numeric_c.o(locale$$data)
    __lcnum_c_thousands                      0x00005492   Data           0  lc_numeric_c.o(locale$$data)
    __lcnum_c_grouping                       0x00005493   Data           0  lc_numeric_c.o(locale$$data)
    __lcnum_c_end                            0x00005494   Data           0  lc_numeric_c.o(locale$$data)
    locale$$data                             0x00005494   Section      272  lc_ctype_c.o(locale$$data)
    __lcctype_c_name                         0x00005498   Data           2  lc_ctype_c.o(locale$$data)
    __lcctype_c_start                        0x000054a0   Data           0  lc_ctype_c.o(locale$$data)
    __lcctype_c_end                          0x000055a4   Data           0  lc_ctype_c.o(locale$$data)
    uart_list                                0x202000b4   Data          16  zf_driver_uart.o(.data.uart_list)
    [Anonymous Symbol]                       0x202000b4   Section        0  zf_driver_uart.o(.data.uart_list)
    zf_debug_assert_enable                   0x202000c8   Data           1  zf_common_debug.o(.data.zf_debug_assert_enable)
    [Anonymous Symbol]                       0x202000c8   Section        0  zf_common_debug.o(.data.zf_debug_assert_enable)
    .bss                                     0x202000d0   Section       96  libspace.o(.bss)
    debug_assert_handler.assert_nest_index   0x20200130   Data           1  zf_common_debug.o(.bss.debug_assert_handler.assert_nest_index)
    [Anonymous Symbol]                       0x20200130   Section        0  zf_common_debug.o(.bss.debug_assert_handler.assert_nest_index)
    debug_output_info                        0x20200134   Data          20  zf_common_debug.o(.bss.debug_output_info)
    [Anonymous Symbol]                       0x20200134   Section        0  zf_common_debug.o(.bss.debug_output_info)
    interrupt_nest_count                     0x202001e0   Data           4  zf_common_interrupt.o(.bss.interrupt_nest_count)
    [Anonymous Symbol]                       0x202001e0   Section        0  zf_common_interrupt.o(.bss.interrupt_nest_count)
    mpu_iic                                  0x202001e4   Data          16  main.o(.bss.mpu_iic)
    [Anonymous Symbol]                       0x202001e4   Section        0  main.o(.bss.mpu_iic)
    zf_debug_init_flag                       0x20200220   Data           1  zf_common_debug.o(.bss.zf_debug_init_flag)
    [Anonymous Symbol]                       0x20200220   Section        0  zf_common_debug.o(.bss.zf_debug_init_flag)
    Heap_Mem                                 0x20200228   Data        1024  startup_mspm0g350x_uvision.o(HEAP)
    HEAP                                     0x20200228   Section     1024  startup_mspm0g350x_uvision.o(HEAP)
    Stack_Mem                                0x20200628   Data        4096  startup_mspm0g350x_uvision.o(STACK)
    STACK                                    0x20200628   Section     4096  startup_mspm0g350x_uvision.o(STACK)
    __initial_sp                             0x20201628   Data           0  startup_mspm0g350x_uvision.o(STACK)

    Global Symbols

    Symbol Name                              Value     Ov Type        Size  Object(Section)

    BuildAttributes$$THM_ISAv3M$S$PE$A:L22$X:L11$S22$IEEE1$IW$~IW$USESV6$~STKCKD$USESV7$~SHL$OTIME$ROPI$IEEEX$EBA8$UX$STANDARDLIB$REQ8$PRES8$EABIv2 0x00000000   Number         0  anon$$obj.o ABSOLUTE
    __Vectors                                0x00000000   Data           4  startup_mspm0g350x_uvision.o(RESET)
    _printf_flags                            0x00000000   Number         0  printf_stubs.o ABSOLUTE
    _printf_return_value                     0x00000000   Number         0  printf_stubs.o ABSOLUTE
    _printf_sizespec                         0x00000000   Number         0  printf_stubs.o ABSOLUTE
    _printf_widthprec                        0x00000000   Number         0  printf_stubs.o ABSOLUTE
    __ARM_exceptions_init                     - Undefined Weak Reference
    __alloca_initialize                       - Undefined Weak Reference
    __arm_preinit_                            - Undefined Weak Reference
    __arm_relocate_pie_                       - Undefined Weak Reference
    __cpp_initialize__aeabi_                  - Undefined Weak Reference
    __cxa_finalize                            - Undefined Weak Reference
    __sigvec_lookup                           - Undefined Weak Reference
    _atexit_init                              - Undefined Weak Reference
    _call_atexit_fns                          - Undefined Weak Reference
    _clock_init                               - Undefined Weak Reference
    _fp_trap_init                             - Undefined Weak Reference
    _fp_trap_shutdown                         - Undefined Weak Reference
    _get_lc_collate                           - Undefined Weak Reference
    _get_lc_monetary                          - Undefined Weak Reference
    _get_lc_time                              - Undefined Weak Reference
    _getenv_init                              - Undefined Weak Reference
    _handle_redirection                       - Undefined Weak Reference
    _init_alloc                               - Undefined Weak Reference
    _init_user_alloc                          - Undefined Weak Reference
    _initio                                   - Undefined Weak Reference
    _printf_mbtowc                            - Undefined Weak Reference
    _printf_wc                                - Undefined Weak Reference
    _rand_init                                - Undefined Weak Reference
    _signal_finish                            - Undefined Weak Reference
    _signal_init                              - Undefined Weak Reference
    _terminate_alloc                          - Undefined Weak Reference
    _terminate_user_alloc                     - Undefined Weak Reference
    _terminateio                              - Undefined Weak Reference
    __Vectors_End                            0x000000c0   Data           0  startup_mspm0g350x_uvision.o(RESET)
    __Vectors_Size                           0x000000c0   Number         0  startup_mspm0g350x_uvision.o ABSOLUTE
    __main                                   0x000000c1   Thumb Code     8  __main.o(!!!main)
    __scatterload                            0x000000c9   Thumb Code     0  __scatter.o(!!!scatter)
    __scatterload_rt2                        0x000000c9   Thumb Code    74  __scatter.o(!!!scatter)
    __scatterload_rt2_thumb_only             0x000000c9   Thumb Code     0  __scatter.o(!!!scatter)
    __scatterload_loop                       0x000000d3   Thumb Code     0  __scatter.o(!!!scatter)
    __scatterload_copy                       0x00000121   Thumb Code    26  __scatter_copy.o(!!handler_copy)
    __scatterload_null                       0x00000141   Thumb Code     2  __scatter.o(!!handler_null)
    __scatterload_zeroinit                   0x00000149   Thumb Code    28  __scatter_zi.o(!!handler_zi)
    _printf_percent                          0x00000165   Thumb Code     0  _printf_percent.o(.ARM.Collect$$_printf_percent$$00000000)
    _printf_n                                0x00000167   Thumb Code     0  _printf_n.o(.ARM.Collect$$_printf_percent$$00000001)
    _printf_p                                0x00000171   Thumb Code     0  _printf_p.o(.ARM.Collect$$_printf_percent$$00000002)
    _printf_f                                0x0000017b   Thumb Code     0  _printf_f.o(.ARM.Collect$$_printf_percent$$00000003)
    _printf_e                                0x00000185   Thumb Code     0  _printf_e.o(.ARM.Collect$$_printf_percent$$00000004)
    _printf_g                                0x0000018f   Thumb Code     0  _printf_g.o(.ARM.Collect$$_printf_percent$$00000005)
    _printf_a                                0x00000199   Thumb Code     0  _printf_a.o(.ARM.Collect$$_printf_percent$$00000006)
    _printf_ll                               0x000001a3   Thumb Code     0  _printf_ll.o(.ARM.Collect$$_printf_percent$$00000007)
    _printf_i                                0x000001ad   Thumb Code     0  _printf_i.o(.ARM.Collect$$_printf_percent$$00000008)
    _printf_d                                0x000001b7   Thumb Code     0  _printf_d.o(.ARM.Collect$$_printf_percent$$00000009)
    _printf_u                                0x000001c1   Thumb Code     0  _printf_u.o(.ARM.Collect$$_printf_percent$$0000000A)
    _printf_o                                0x000001cb   Thumb Code     0  _printf_o.o(.ARM.Collect$$_printf_percent$$0000000B)
    _printf_x                                0x000001d5   Thumb Code     0  _printf_x.o(.ARM.Collect$$_printf_percent$$0000000C)
    _printf_lli                              0x000001df   Thumb Code     0  _printf_lli.o(.ARM.Collect$$_printf_percent$$0000000D)
    _printf_lld                              0x000001e9   Thumb Code     0  _printf_lld.o(.ARM.Collect$$_printf_percent$$0000000E)
    _printf_llu                              0x000001f3   Thumb Code     0  _printf_llu.o(.ARM.Collect$$_printf_percent$$0000000F)
    _printf_llo                              0x000001fd   Thumb Code     0  _printf_llo.o(.ARM.Collect$$_printf_percent$$00000010)
    _printf_llx                              0x00000207   Thumb Code     0  _printf_llx.o(.ARM.Collect$$_printf_percent$$00000011)
    _printf_l                                0x00000211   Thumb Code     0  _printf_l.o(.ARM.Collect$$_printf_percent$$00000012)
    _printf_c                                0x0000021b   Thumb Code     0  _printf_c.o(.ARM.Collect$$_printf_percent$$00000013)
    _printf_s                                0x00000225   Thumb Code     0  _printf_s.o(.ARM.Collect$$_printf_percent$$00000014)
    _printf_lc                               0x0000022f   Thumb Code     0  _printf_lc.o(.ARM.Collect$$_printf_percent$$00000015)
    _printf_ls                               0x00000239   Thumb Code     0  _printf_ls.o(.ARM.Collect$$_printf_percent$$00000016)
    _printf_percent_end                      0x00000243   Thumb Code     0  _printf_percent_end.o(.ARM.Collect$$_printf_percent$$00000017)
    __rt_lib_init                            0x00000247   Thumb Code     0  libinit.o(.ARM.Collect$$libinit$$00000000)
    __rt_lib_init_fp_1                       0x00000249   Thumb Code     0  libinit2.o(.ARM.Collect$$libinit$$00000002)
    __rt_lib_init_heap_1                     0x00000249   Thumb Code     0  libinit2.o(.ARM.Collect$$libinit$$0000000C)
    __rt_lib_init_lc_common                  0x00000249   Thumb Code     0  libinit2.o(.ARM.Collect$$libinit$$00000011)
    __rt_lib_init_preinit_1                  0x00000249   Thumb Code     0  libinit2.o(.ARM.Collect$$libinit$$00000006)
    __rt_lib_init_rand_1                     0x00000249   Thumb Code     0  libinit2.o(.ARM.Collect$$libinit$$00000010)
    __rt_lib_init_relocate_pie_1             0x00000249   Thumb Code     0  libinit2.o(.ARM.Collect$$libinit$$00000004)
    __rt_lib_init_user_alloc_1               0x00000249   Thumb Code     0  libinit2.o(.ARM.Collect$$libinit$$0000000E)
    __rt_lib_init_lc_collate_1               0x0000024f   Thumb Code     0  libinit2.o(.ARM.Collect$$libinit$$00000013)
    __rt_lib_init_lc_ctype_2                 0x0000024f   Thumb Code     0  libinit2.o(.ARM.Collect$$libinit$$00000014)
    __rt_lib_init_lc_ctype_1                 0x0000025b   Thumb Code     0  libinit2.o(.ARM.Collect$$libinit$$00000015)
    __rt_lib_init_lc_monetary_1              0x0000025b   Thumb Code     0  libinit2.o(.ARM.Collect$$libinit$$00000017)
    __rt_lib_init_lc_numeric_2               0x0000025b   Thumb Code     0  libinit2.o(.ARM.Collect$$libinit$$00000018)
    __rt_lib_init_alloca_1                   0x00000265   Thumb Code     0  libinit2.o(.ARM.Collect$$libinit$$00000030)
    __rt_lib_init_argv_1                     0x00000265   Thumb Code     0  libinit2.o(.ARM.Collect$$libinit$$0000002E)
    __rt_lib_init_atexit_1                   0x00000265   Thumb Code     0  libinit2.o(.ARM.Collect$$libinit$$0000001D)
    __rt_lib_init_clock_1                    0x00000265   Thumb Code     0  libinit2.o(.ARM.Collect$$libinit$$00000023)
    __rt_lib_init_cpp_1                      0x00000265   Thumb Code     0  libinit2.o(.ARM.Collect$$libinit$$00000034)
    __rt_lib_init_exceptions_1               0x00000265   Thumb Code     0  libinit2.o(.ARM.Collect$$libinit$$00000032)
    __rt_lib_init_fp_trap_1                  0x00000265   Thumb Code     0  libinit2.o(.ARM.Collect$$libinit$$00000021)
    __rt_lib_init_getenv_1                   0x00000265   Thumb Code     0  libinit2.o(.ARM.Collect$$libinit$$00000025)
    __rt_lib_init_lc_numeric_1               0x00000265   Thumb Code     0  libinit2.o(.ARM.Collect$$libinit$$00000019)
    __rt_lib_init_lc_time_1                  0x00000265   Thumb Code     0  libinit2.o(.ARM.Collect$$libinit$$0000001B)
    __rt_lib_init_return                     0x00000265   Thumb Code     0  libinit2.o(.ARM.Collect$$libinit$$00000035)
    __rt_lib_init_signal_1                   0x00000265   Thumb Code     0  libinit2.o(.ARM.Collect$$libinit$$0000001F)
    __rt_lib_init_stdio_1                    0x00000265   Thumb Code     0  libinit2.o(.ARM.Collect$$libinit$$00000027)
    __rt_lib_shutdown                        0x00000267   Thumb Code     0  libshutdown.o(.ARM.Collect$$libshutdown$$00000000)
    __rt_lib_shutdown_cpp_1                  0x00000269   Thumb Code     0  libshutdown2.o(.ARM.Collect$$libshutdown$$00000002)
    __rt_lib_shutdown_fp_trap_1              0x00000269   Thumb Code     0  libshutdown2.o(.ARM.Collect$$libshutdown$$00000007)
    __rt_lib_shutdown_heap_1                 0x00000269   Thumb Code     0  libshutdown2.o(.ARM.Collect$$libshutdown$$0000000F)
    __rt_lib_shutdown_return                 0x00000269   Thumb Code     0  libshutdown2.o(.ARM.Collect$$libshutdown$$00000010)
    __rt_lib_shutdown_signal_1               0x00000269   Thumb Code     0  libshutdown2.o(.ARM.Collect$$libshutdown$$0000000A)
    __rt_lib_shutdown_stdio_1                0x00000269   Thumb Code     0  libshutdown2.o(.ARM.Collect$$libshutdown$$00000004)
    __rt_lib_shutdown_user_alloc_1           0x00000269   Thumb Code     0  libshutdown2.o(.ARM.Collect$$libshutdown$$0000000C)
    __rt_entry                               0x0000026b   Thumb Code     0  __rtentry.o(.ARM.Collect$$rtentry$$00000000)
    __rt_entry_presh_1                       0x0000026b   Thumb Code     0  __rtentry2.o(.ARM.Collect$$rtentry$$00000002)
    __rt_entry_sh                            0x0000026b   Thumb Code     0  __rtentry4.o(.ARM.Collect$$rtentry$$00000004)
    __rt_entry_li                            0x00000271   Thumb Code     0  __rtentry2.o(.ARM.Collect$$rtentry$$0000000A)
    __rt_entry_postsh_1                      0x00000271   Thumb Code     0  __rtentry2.o(.ARM.Collect$$rtentry$$00000009)
    __rt_entry_main                          0x00000275   Thumb Code     0  __rtentry2.o(.ARM.Collect$$rtentry$$0000000D)
    __rt_entry_postli_1                      0x00000275   Thumb Code     0  __rtentry2.o(.ARM.Collect$$rtentry$$0000000C)
    __rt_exit                                0x0000027d   Thumb Code     0  rtexit.o(.ARM.Collect$$rtexit$$00000000)
    __rt_exit_ls                             0x0000027f   Thumb Code     0  rtexit2.o(.ARM.Collect$$rtexit$$00000003)
    __rt_exit_prels_1                        0x0000027f   Thumb Code     0  rtexit2.o(.ARM.Collect$$rtexit$$00000002)
    __rt_exit_exit                           0x00000283   Thumb Code     0  rtexit2.o(.ARM.Collect$$rtexit$$00000004)
    __aeabi_memcpy4                          0x00000289   Thumb Code    56  rt_memcpy.o(.emb_text)
    __aeabi_memcpy8                          0x00000289   Thumb Code     0  rt_memcpy.o(.emb_text)
    Reset_Handler                            0x000002c1   Thumb Code     4  startup_mspm0g350x_uvision.o(.text)
    NMI_Handler                              0x000002c5   Thumb Code     2  startup_mspm0g350x_uvision.o(.text)
    HardFault_Handler                        0x000002c7   Thumb Code     2  startup_mspm0g350x_uvision.o(.text)
    SVC_Handler                              0x000002c9   Thumb Code     2  startup_mspm0g350x_uvision.o(.text)
    PendSV_Handler                           0x000002cb   Thumb Code     2  startup_mspm0g350x_uvision.o(.text)
    SysTick_Handler                          0x000002cd   Thumb Code     2  startup_mspm0g350x_uvision.o(.text)
    ADC0_IRQHandler                          0x000002cf   Thumb Code     0  startup_mspm0g350x_uvision.o(.text)
    ADC1_IRQHandler                          0x000002cf   Thumb Code     0  startup_mspm0g350x_uvision.o(.text)
    AES_IRQHandler                           0x000002cf   Thumb Code     0  startup_mspm0g350x_uvision.o(.text)
    CANFD0_IRQHandler                        0x000002cf   Thumb Code     0  startup_mspm0g350x_uvision.o(.text)
    DAC0_IRQHandler                          0x000002cf   Thumb Code     0  startup_mspm0g350x_uvision.o(.text)
    DMA_IRQHandler                           0x000002cf   Thumb Code     0  startup_mspm0g350x_uvision.o(.text)
    Default_Handler                          0x000002cf   Thumb Code     2  startup_mspm0g350x_uvision.o(.text)
    GROUP0_IRQHandler                        0x000002cf   Thumb Code     0  startup_mspm0g350x_uvision.o(.text)
    I2C0_IRQHandler                          0x000002cf   Thumb Code     0  startup_mspm0g350x_uvision.o(.text)
    I2C1_IRQHandler                          0x000002cf   Thumb Code     0  startup_mspm0g350x_uvision.o(.text)
    RTC_IRQHandler                           0x000002cf   Thumb Code     0  startup_mspm0g350x_uvision.o(.text)
    SPI0_IRQHandler                          0x000002cf   Thumb Code     0  startup_mspm0g350x_uvision.o(.text)
    SPI1_IRQHandler                          0x000002cf   Thumb Code     0  startup_mspm0g350x_uvision.o(.text)
    __user_initial_stackheap                 0x000002d1   Thumb Code    10  startup_mspm0g350x_uvision.o(.text)
    sprintf                                  0x000002f1   Thumb Code    40  sprintf.o(.text)
    strlen                                   0x0000031d   Thumb Code    62  strlen.o(.text)
    __aeabi_memcpy                           0x00000361   Thumb Code   130  rt_memcpy.o(.text)
    __rt_memcpy                              0x00000361   Thumb Code     0  rt_memcpy.o(.text)
    _memset_w                                0x000003e3   Thumb Code    26  rt_memclr.o(.text)
    _memset                                  0x000003fd   Thumb Code    30  rt_memclr.o(.text)
    __aeabi_memclr                           0x0000041b   Thumb Code     4  rt_memclr.o(.text)
    __rt_memclr                              0x0000041b   Thumb Code     0  rt_memclr.o(.text)
    __aeabi_memclr4                          0x0000041f   Thumb Code     0  rt_memclr.o(.text)
    __aeabi_memclr8                          0x0000041f   Thumb Code     0  rt_memclr.o(.text)
    __rt_memclr_w                            0x0000041f   Thumb Code     4  rt_memclr.o(.text)
    __aeabi_uidiv                            0x00000425   Thumb Code     0  aeabi_sdiv.o(.text)
    __aeabi_uidivmod                         0x00000425   Thumb Code    20  aeabi_sdiv.o(.text)
    __aeabi_idiv                             0x00000439   Thumb Code     0  aeabi_sdiv.o(.text)
    __aeabi_idivmod                          0x00000439   Thumb Code   338  aeabi_sdiv.o(.text)
    __use_two_region_memory                  0x00000591   Thumb Code     2  heapauxi.o(.text)
    __rt_heap_escrow$2region                 0x00000593   Thumb Code     2  heapauxi.o(.text)
    __rt_heap_expand$2region                 0x00000595   Thumb Code     2  heapauxi.o(.text)
    __adddf3                                 0x00000891   Thumb Code     0  daddsub.o(.text)
    __aeabi_dadd                             0x00000891   Thumb Code     0  daddsub.o(.text)
    _dadd                                    0x00000891   Thumb Code    26  daddsub.o(.text)
    __aeabi_dsub                             0x000008ab   Thumb Code     0  daddsub.o(.text)
    __subdf3                                 0x000008ab   Thumb Code     0  daddsub.o(.text)
    _dsub                                    0x000008ab   Thumb Code    22  daddsub.o(.text)
    __aeabi_drsub                            0x000008c1   Thumb Code     0  daddsub.o(.text)
    _drsb                                    0x000008c1   Thumb Code    28  daddsub.o(.text)
    __aeabi_ddiv                             0x000008f1   Thumb Code     0  ddiv.o(.text)
    __divdf3                                 0x000008f1   Thumb Code     0  ddiv.o(.text)
    _ddiv                                    0x000008f1   Thumb Code  1072  ddiv.o(.text)
    _drdiv                                   0x00000d21   Thumb Code    20  ddiv.o(.text)
    __aeabi_d2iz                             0x00000d39   Thumb Code     0  dfixi.o(.text)
    _dfix                                    0x00000d39   Thumb Code    98  dfixi.o(.text)
    __aeabi_i2d_normalise                    0x00000da5   Thumb Code    66  dflti.o(.text)
    __aeabi_i2d                              0x00000de7   Thumb Code    16  dflti.o(.text)
    _dflt                                    0x00000de7   Thumb Code     0  dflti.o(.text)
    __aeabi_ui2d                             0x00000df7   Thumb Code     6  dflti.o(.text)
    _dfltu                                   0x00000df7   Thumb Code     0  dflti.o(.text)
    __aeabi_dmul                             0x00000dfd   Thumb Code     0  dmul.o(.text)
    __muldf3                                 0x00000dfd   Thumb Code     0  dmul.o(.text)
    _dmul                                    0x00000dfd   Thumb Code   558  dmul.o(.text)
    _printf_pre_padding                      0x00001045   Thumb Code    44  _printf_pad.o(.text)
    _printf_post_padding                     0x00001071   Thumb Code    34  _printf_pad.o(.text)
    _printf_truncate_signed                  0x00001093   Thumb Code    18  _printf_truncate.o(.text)
    _printf_truncate_unsigned                0x000010a5   Thumb Code    18  _printf_truncate.o(.text)
    _printf_str                              0x000010b7   Thumb Code    82  _printf_str.o(.text)
    _printf_int_dec                          0x00001109   Thumb Code    90  _printf_dec.o(.text)
    _printf_charcount                        0x00001175   Thumb Code    38  _printf_charcount.o(.text)
    _printf_char_common                      0x000011a7   Thumb Code    32  _printf_char_common.o(.text)
    _sputc                                   0x000011cd   Thumb Code    10  _sputc.o(.text)
    _printf_wctomb                           0x000011d9   Thumb Code   182  _printf_wctomb.o(.text)
    _printf_longlong_dec                     0x00001295   Thumb Code    94  _printf_longlong_dec.o(.text)
    _printf_longlong_oct                     0x00001305   Thumb Code    68  _printf_oct_int_ll.o(.text)
    _printf_int_oct                          0x00001349   Thumb Code    24  _printf_oct_int_ll.o(.text)
    _printf_ll_oct                           0x00001361   Thumb Code    10  _printf_oct_int_ll.o(.text)
    _printf_longlong_hex                     0x00001375   Thumb Code    88  _printf_hex_int_ll_ptr.o(.text)
    _printf_int_hex                          0x000013cd   Thumb Code    28  _printf_hex_int_ll_ptr.o(.text)
    _printf_ll_hex                           0x000013e9   Thumb Code    10  _printf_hex_int_ll_ptr.o(.text)
    _printf_hex_ptr                          0x000013f3   Thumb Code    22  _printf_hex_int_ll_ptr.o(.text)
    __printf                                 0x0000140d   Thumb Code   386  __printf_flags_ss_wp.o(.text)
    _ll_udiv10                               0x00001595   Thumb Code   122  lludiv10.o(.text)
    _printf_int_common                       0x0000160f   Thumb Code   176  _printf_intcommon.o(.text)
    _printf_fp_dec_real                      0x0000185d   Thumb Code   620  _printf_fp_dec.o(.text)
    _printf_fp_hex_real                      0x00001ad5   Thumb Code   718  _printf_fp_hex.o(.text)
    _printf_cs_common                        0x00001dad   Thumb Code    22  _printf_char.o(.text)
    _printf_char                             0x00001dc3   Thumb Code    16  _printf_char.o(.text)
    _printf_string                           0x00001dd3   Thumb Code     8  _printf_char.o(.text)
    _printf_lcs_common                       0x00001ddb   Thumb Code    22  _printf_wchar.o(.text)
    _printf_wchar                            0x00001df1   Thumb Code    16  _printf_wchar.o(.text)
    _printf_wstring                          0x00001e01   Thumb Code     8  _printf_wchar.o(.text)
    _c16rtomb                                0x00001e09   Thumb Code    66  _c16rtomb.o(.text)
    _wcrtomb                                 0x00001e09   Thumb Code     0  _c16rtomb.o(.text)
    __rt_udiv10                              0x00001e4b   Thumb Code    40  rtudiv10.o(.text)
    __fpl_dcmp_InfNaN                        0x00001e75   Thumb Code   154  dcmpin.o(.text)
    __user_libspace                          0x00001f15   Thumb Code     8  libspace.o(.text)
    __user_perproc_libspace                  0x00001f15   Thumb Code     0  libspace.o(.text)
    __user_perthread_libspace                0x00001f15   Thumb Code     0  libspace.o(.text)
    __user_setup_stackheap                   0x00001f1d   Thumb Code    62  sys_stackheap_outer.o(.text)
    __rt_ctype_table                         0x00001f5d   Thumb Code    16  rt_ctype_table.o(.text)
    __rt_locale                              0x00001f6d   Thumb Code     8  rt_locale_intlibspace.o(.text)
    _printf_fp_infnan                        0x00001f75   Thumb Code   120  _printf_fp_infnan.o(.text)
    _btod_etento                             0x00001ffd   Thumb Code   210  bigflt0.o(.text)
    _btod_d2e                                0x000020d5   Thumb Code    64  btod.o(.text)
    _btod_emul                               0x00002509   Thumb Code    28  btod.o(.text)
    _btod_emuld                              0x00002525   Thumb Code   144  btod.o(.text)
    _btod_ediv                               0x000025b5   Thumb Code    26  btod.o(.text)
    _btod_edivd                              0x000025cf   Thumb Code   124  btod.o(.text)
    exit                                     0x00002655   Thumb Code    16  exit.o(.text)
    __fpl_cmpreturn                          0x00002665   Thumb Code    46  cmpret.o(.text)
    __fpl_dcheck_NaN2                        0x00002695   Thumb Code    14  dnan2.o(.text)
    strcmp                                   0x000026a9   Thumb Code   132  strcmp.o(.text)
    __fpl_return_NaN                         0x00002731   Thumb Code    94  retnan.o(.text)
    DL_Common_delayCycles                    0x000027dd   Thumb Code    20  dl_common.o(.text.DL_Common_delayCycles)
    DL_SYSCTL_configFCC                      0x00002951   Thumb Code    36  dl_sysctl_mspm0g1x0x_g3x0x.o(.text.DL_SYSCTL_configFCC)
    DL_SYSCTL_configSYSPLL                   0x00002975   Thumb Code   200  dl_sysctl_mspm0g1x0x_g3x0x.o(.text.DL_SYSCTL_configSYSPLL)
    DL_SYSCTL_setHFCLKSourceHFXTParams       0x00002b85   Thumb Code    96  dl_sysctl_mspm0g1x0x_g3x0x.o(.text.DL_SYSCTL_setHFCLKSourceHFXTParams)
    DL_SYSCTL_setLFCLKSourceLFXT             0x00002c35   Thumb Code    68  dl_sysctl_mspm0g1x0x_g3x0x.o(.text.DL_SYSCTL_setLFCLKSourceLFXT)
    DL_SYSCTL_switchMCLKfromSYSOSCtoHSCLK    0x00002ced   Thumb Code    72  dl_sysctl_mspm0g1x0x_g3x0x.o(.text.DL_SYSCTL_switchMCLKfromSYSOSCtoHSCLK)
    DL_UART_init                             0x00002dfd   Thumb Code    68  dl_uart.o(.text.DL_UART_init)
    DL_UART_setClockConfig                   0x00002ee1   Thumb Code    32  dl_uart.o(.text.DL_UART_setClockConfig)
    DL_VREF_configReference                  0x00002f39   Thumb Code    48  dl_vref.o(.text.DL_VREF_configReference)
    GROUP1_IRQHandler                        0x00002fc1   Thumb Code   252  isr.o(.text.GROUP1_IRQHandler)
    SYSCFG_DL_GPIO_init                      0x000030cd   Thumb Code    48  ti_msp_dl_config.o(.text.SYSCFG_DL_GPIO_init)
    SYSCFG_DL_SYSCTL_SYSPLL_init             0x000030fd   Thumb Code   168  ti_msp_dl_config.o(.text.SYSCFG_DL_SYSCTL_SYSPLL_init)
    SYSCFG_DL_SYSCTL_init                    0x000031ad   Thumb Code   140  ti_msp_dl_config.o(.text.SYSCFG_DL_SYSCTL_init)
    SYSCFG_DL_SYSTICK_init                   0x00003241   Thumb Code    14  ti_msp_dl_config.o(.text.SYSCFG_DL_SYSTICK_init)
    SYSCFG_DL_VREF_init                      0x00003251   Thumb Code    12  ti_msp_dl_config.o(.text.SYSCFG_DL_VREF_init)
    SYSCFG_DL_init                           0x00003261   Thumb Code    24  ti_msp_dl_config.o(.text.SYSCFG_DL_init)
    SYSCFG_DL_initPower                      0x00003279   Thumb Code    56  ti_msp_dl_config.o(.text.SYSCFG_DL_initPower)
    TIMA0_IRQHandler                         0x000032bd   Thumb Code    16  isr.o(.text.TIMA0_IRQHandler)
    TIMA1_IRQHandler                         0x000032cd   Thumb Code    16  isr.o(.text.TIMA1_IRQHandler)
    TIMG0_IRQHandler                         0x000032dd   Thumb Code    16  isr.o(.text.TIMG0_IRQHandler)
    TIMG12_IRQHandler                        0x000032ed   Thumb Code    16  isr.o(.text.TIMG12_IRQHandler)
    TIMG6_IRQHandler                         0x000032fd   Thumb Code    16  isr.o(.text.TIMG6_IRQHandler)
    TIMG7_IRQHandler                         0x0000330d   Thumb Code    16  isr.o(.text.TIMG7_IRQHandler)
    TIMG8_IRQHandler                         0x0000331d   Thumb Code    16  isr.o(.text.TIMG8_IRQHandler)
    UART0_IRQHandler                         0x00003335   Thumb Code    76  isr.o(.text.UART0_IRQHandler)
    UART1_IRQHandler                         0x00003389   Thumb Code    80  isr.o(.text.UART1_IRQHandler)
    UART2_IRQHandler                         0x000033e1   Thumb Code    72  isr.o(.text.UART2_IRQHandler)
    UART3_IRQHandler                         0x0000342d   Thumb Code    72  isr.o(.text.UART3_IRQHandler)
    _sys_exit                                0x00003481   Thumb Code     8  zf_common_debug.o(.text._sys_exit)
    afio_init                                0x00003489   Thumb Code   328  zf_driver_gpio.o(.text.afio_init)
    clock_init                               0x000035e1   Thumb Code    30  zf_common_clock.o(.text.clock_init)
    debug_assert_handler                     0x0000374d   Thumb Code    92  zf_common_debug.o(.text.debug_assert_handler)
    debug_interrupr_handler                  0x000037f5   Thumb Code    28  zf_common_debug.o(.text.debug_interrupr_handler)
    fifo_write_buffer                        0x00003c19   Thumb Code   932  zf_common_fifo.o(.text.fifo_write_buffer)
    gpio_get_level                           0x00003fc1   Thumb Code    52  zf_driver_gpio.o(.text.gpio_get_level)
    gpio_init                                0x00003ff5   Thumb Code   424  zf_driver_gpio.o(.text.gpio_init)
    gpio_set_a0_a1_output                    0x000041bd   Thumb Code    50  zf_driver_gpio.o(.text.gpio_set_a0_a1_output)
    gpio_set_level                           0x000041f1   Thumb Code   100  zf_driver_gpio.o(.text.gpio_set_level)
    interrupt_global_disable                 0x0000425d   Thumb Code    28  zf_common_interrupt.o(.text.interrupt_global_disable)
    interrupt_init                           0x0000427d   Thumb Code     2  zf_common_interrupt.o(.text.interrupt_init)
    main                                     0x00004281   Thumb Code   308  main.o(.text.main)
    soft_iic_init                            0x00004489   Thumb Code   128  zf_driver_soft_iic.o(.text.soft_iic_init)
    soft_iic_read_8bit_register              0x00004511   Thumb Code   112  zf_driver_soft_iic.o(.text.soft_iic_read_8bit_register)
    soft_iic_read_8bit_registers             0x00004581   Thumb Code   144  zf_driver_soft_iic.o(.text.soft_iic_read_8bit_registers)
    soft_iic_read_data                       0x00004615   Thumb Code   340  zf_driver_soft_iic.o(.text.soft_iic_read_data)
    soft_iic_send_ack                        0x00004769   Thumb Code   272  zf_driver_soft_iic.o(.text.soft_iic_send_ack)
    soft_iic_send_data                       0x0000487d   Thumb Code   280  zf_driver_soft_iic.o(.text.soft_iic_send_data)
    soft_iic_start                           0x000049a1   Thumb Code   208  zf_driver_soft_iic.o(.text.soft_iic_start)
    soft_iic_stop                            0x00004a79   Thumb Code   208  zf_driver_soft_iic.o(.text.soft_iic_stop)
    soft_iic_wait_ack                        0x00004b55   Thumb Code   244  zf_driver_soft_iic.o(.text.soft_iic_wait_ack)
    soft_iic_write_8bit_register             0x00004c55   Thumb Code    84  zf_driver_soft_iic.o(.text.soft_iic_write_8bit_register)
    system_delay_init                        0x00004cad   Thumb Code     2  zf_driver_delay.o(.text.system_delay_init)
    system_delay_ms                          0x00004cb1   Thumb Code    68  zf_driver_delay.o(.text.system_delay_ms)
    uart_init                                0x00004d11   Thumb Code   264  zf_driver_uart.o(.text.uart_init)
    uart_query_byte                          0x00004e31   Thumb Code    88  zf_driver_uart.o(.text.uart_query_byte)
    uart_write_string                        0x00004e89   Thumb Code    88  zf_driver_uart.o(.text.uart_write_string)
    __ARM_common_ll_muluu                    0x00004ee9   Thumb Code    48  btod.o(i.__ARM_common_ll_muluu)
    __ARM_fpclassify                         0x00004f19   Thumb Code    40  fpclassify.o(i.__ARM_fpclassify)
    __aeabi_dcmpge                           0x00004f45   Thumb Code     0  dcmp.o(i._dgeq)
    _dgeq                                    0x00004f45   Thumb Code    22  dcmp.o(i._dgeq)
    __aeabi_dcmple                           0x00004f5b   Thumb Code     0  dcmp.o(i._dleq)
    _dleq                                    0x00004f5b   Thumb Code    26  dcmp.o(i._dleq)
    _is_digit                                0x00004f75   Thumb Code    14  __printf_wp.o(i._is_digit)
    _get_lc_numeric                          0x00004f85   Thumb Code    44  lc_numeric_c.o(locale$$code)
    _get_lc_ctype                            0x00004fb1   Thumb Code    44  lc_ctype_c.o(locale$$code)
    _dcmpge                                  0x00004fdd   Thumb Code    94  dgef.o(x$fpl$dgeqf)
    __aeabi_cdcmple                          0x00005041   Thumb Code     0  dlef.o(x$fpl$dleqf)
    _dcmple                                  0x00005041   Thumb Code    94  dlef.o(x$fpl$dleqf)
    _printf_fp_dec                           0x000050a5   Thumb Code    16  printf1.o(x$fpl$printf1)
    _printf_fp_hex                           0x000050b5   Thumb Code    16  printf2.o(x$fpl$printf2)
    __I$use$fp                               0x000050c4   Number         0  usenofp.o(x$fpl$usenofp)
    gpio_iomux_index                         0x00005278   Data          60  zf_driver_gpio.o(.rodata.gpio_iomux_index)
    Region$$Table$$Base                      0x00005458   Number         0  anon$$obj.o(Region$$Table)
    Region$$Table$$Limit                     0x00005478   Number         0  anon$$obj.o(Region$$Table)
    __ctype                                  0x000054a1   Data           0  lc_ctype_c.o(locale$$data)
    exti_callback_list                       0x20200000   Data         128  zf_driver_exti.o(.data.exti_callback_list)
    gpio_group                               0x20200080   Data           8  zf_driver_gpio.o(.data.gpio_group)
    pit_callback_ptr_list                    0x20200088   Data          28  zf_driver_pit.o(.data.pit_callback_ptr_list)
    uart_callback_list                       0x202000a4   Data          16  zf_driver_uart.o(.data.uart_callback_list)
    wireless_module_uart_handler             0x202000c4   Data           4  zf_device_type.o(.data.wireless_module_uart_handler)
    __libspace_start                         0x202000d0   Data          96  libspace.o(.bss)
    __temporary_stack_top$libspace           0x20200130   Data           0  libspace.o(.bss)
    debug_uart_data                          0x20200148   Data           1  zf_common_debug.o(.bss.debug_uart_data)
    debug_uart_fifo                          0x20200149   Data          22  zf_common_debug.o(.bss.debug_uart_fifo)
    exti_callback_ptr_list                   0x20200160   Data         128  zf_driver_exti.o(.bss.exti_callback_ptr_list)
    pit_callback_list                        0x202001f4   Data          28  zf_driver_pit.o(.bss.pit_callback_list)
    uart_callback_ptr_list                   0x20200210   Data          16  zf_driver_uart.o(.bss.uart_callback_ptr_list)



==============================================================================

Memory Map of the image

  Image Entry point : 0x000000c1

  Load Region LR_IROM1 (Base: 0x00000000, Size: 0x00005678, Max: 0x00020000, ABSOLUTE)

    Execution Region ER_IROM1 (Exec base: 0x00000000, Load base: 0x00000000, Size: 0x000055a4, Max: 0x00020000, ABSOLUTE)

    Exec Addr    Load Addr    Size         Type   Attr      Idx    E Section Name        Object

    0x00000000   0x00000000   0x000000c0   Data   RO         1722    RESET               startup_mspm0g350x_uvision.o
    0x000000c0   0x000000c0   0x00000008   Code   RO         3034  * !!!main             c_p.l(__main.o)
    0x000000c8   0x000000c8   0x00000054   Code   RO         3543    !!!scatter          c_p.l(__scatter.o)
    0x0000011c   0x0000011c   0x00000004   PAD
    0x00000120   0x00000120   0x0000001a   Code   RO         3547    !!handler_copy      c_p.l(__scatter_copy.o)
    0x0000013a   0x0000013a   0x00000006   PAD
    0x00000140   0x00000140   0x00000002   Code   RO         3544    !!handler_null      c_p.l(__scatter.o)
    0x00000142   0x00000142   0x00000006   PAD
    0x00000148   0x00000148   0x0000001c   Code   RO         3549    !!handler_zi        c_p.l(__scatter_zi.o)
    0x00000164   0x00000164   0x00000002   Code   RO         3222    .ARM.Collect$$_printf_percent$$00000000  c_p.l(_printf_percent.o)
    0x00000166   0x00000166   0x0000000a   Code   RO         3211    .ARM.Collect$$_printf_percent$$00000001  c_p.l(_printf_n.o)
    0x00000170   0x00000170   0x0000000a   Code   RO         3213    .ARM.Collect$$_printf_percent$$00000002  c_p.l(_printf_p.o)
    0x0000017a   0x0000017a   0x0000000a   Code   RO         3218    .ARM.Collect$$_printf_percent$$00000003  c_p.l(_printf_f.o)
    0x00000184   0x00000184   0x0000000a   Code   RO         3219    .ARM.Collect$$_printf_percent$$00000004  c_p.l(_printf_e.o)
    0x0000018e   0x0000018e   0x0000000a   Code   RO         3220    .ARM.Collect$$_printf_percent$$00000005  c_p.l(_printf_g.o)
    0x00000198   0x00000198   0x0000000a   Code   RO         3221    .ARM.Collect$$_printf_percent$$00000006  c_p.l(_printf_a.o)
    0x000001a2   0x000001a2   0x0000000a   Code   RO         3226    .ARM.Collect$$_printf_percent$$00000007  c_p.l(_printf_ll.o)
    0x000001ac   0x000001ac   0x0000000a   Code   RO         3215    .ARM.Collect$$_printf_percent$$00000008  c_p.l(_printf_i.o)
    0x000001b6   0x000001b6   0x0000000a   Code   RO         3216    .ARM.Collect$$_printf_percent$$00000009  c_p.l(_printf_d.o)
    0x000001c0   0x000001c0   0x0000000a   Code   RO         3217    .ARM.Collect$$_printf_percent$$0000000A  c_p.l(_printf_u.o)
    0x000001ca   0x000001ca   0x0000000a   Code   RO         3214    .ARM.Collect$$_printf_percent$$0000000B  c_p.l(_printf_o.o)
    0x000001d4   0x000001d4   0x0000000a   Code   RO         3212    .ARM.Collect$$_printf_percent$$0000000C  c_p.l(_printf_x.o)
    0x000001de   0x000001de   0x0000000a   Code   RO         3223    .ARM.Collect$$_printf_percent$$0000000D  c_p.l(_printf_lli.o)
    0x000001e8   0x000001e8   0x0000000a   Code   RO         3224    .ARM.Collect$$_printf_percent$$0000000E  c_p.l(_printf_lld.o)
    0x000001f2   0x000001f2   0x0000000a   Code   RO         3225    .ARM.Collect$$_printf_percent$$0000000F  c_p.l(_printf_llu.o)
    0x000001fc   0x000001fc   0x0000000a   Code   RO         3230    .ARM.Collect$$_printf_percent$$00000010  c_p.l(_printf_llo.o)
    0x00000206   0x00000206   0x0000000a   Code   RO         3231    .ARM.Collect$$_printf_percent$$00000011  c_p.l(_printf_llx.o)
    0x00000210   0x00000210   0x0000000a   Code   RO         3227    .ARM.Collect$$_printf_percent$$00000012  c_p.l(_printf_l.o)
    0x0000021a   0x0000021a   0x0000000a   Code   RO         3209    .ARM.Collect$$_printf_percent$$00000013  c_p.l(_printf_c.o)
    0x00000224   0x00000224   0x0000000a   Code   RO         3210    .ARM.Collect$$_printf_percent$$00000014  c_p.l(_printf_s.o)
    0x0000022e   0x0000022e   0x0000000a   Code   RO         3228    .ARM.Collect$$_printf_percent$$00000015  c_p.l(_printf_lc.o)
    0x00000238   0x00000238   0x0000000a   Code   RO         3229    .ARM.Collect$$_printf_percent$$00000016  c_p.l(_printf_ls.o)
    0x00000242   0x00000242   0x00000004   Code   RO         3339    .ARM.Collect$$_printf_percent$$00000017  c_p.l(_printf_percent_end.o)
    0x00000246   0x00000246   0x00000002   Code   RO         3393    .ARM.Collect$$libinit$$00000000  c_p.l(libinit.o)
    0x00000248   0x00000248   0x00000000   Code   RO         3419    .ARM.Collect$$libinit$$00000002  c_p.l(libinit2.o)
    0x00000248   0x00000248   0x00000000   Code   RO         3421    .ARM.Collect$$libinit$$00000004  c_p.l(libinit2.o)
    0x00000248   0x00000248   0x00000000   Code   RO         3423    .ARM.Collect$$libinit$$00000006  c_p.l(libinit2.o)
    0x00000248   0x00000248   0x00000000   Code   RO         3426    .ARM.Collect$$libinit$$0000000C  c_p.l(libinit2.o)
    0x00000248   0x00000248   0x00000000   Code   RO         3428    .ARM.Collect$$libinit$$0000000E  c_p.l(libinit2.o)
    0x00000248   0x00000248   0x00000000   Code   RO         3430    .ARM.Collect$$libinit$$00000010  c_p.l(libinit2.o)
    0x00000248   0x00000248   0x00000006   Code   RO         3431    .ARM.Collect$$libinit$$00000011  c_p.l(libinit2.o)
    0x0000024e   0x0000024e   0x00000000   Code   RO         3433    .ARM.Collect$$libinit$$00000013  c_p.l(libinit2.o)
    0x0000024e   0x0000024e   0x0000000c   Code   RO         3434    .ARM.Collect$$libinit$$00000014  c_p.l(libinit2.o)
    0x0000025a   0x0000025a   0x00000000   Code   RO         3435    .ARM.Collect$$libinit$$00000015  c_p.l(libinit2.o)
    0x0000025a   0x0000025a   0x00000000   Code   RO         3437    .ARM.Collect$$libinit$$00000017  c_p.l(libinit2.o)
    0x0000025a   0x0000025a   0x0000000a   Code   RO         3438    .ARM.Collect$$libinit$$00000018  c_p.l(libinit2.o)
    0x00000264   0x00000264   0x00000000   Code   RO         3439    .ARM.Collect$$libinit$$00000019  c_p.l(libinit2.o)
    0x00000264   0x00000264   0x00000000   Code   RO         3441    .ARM.Collect$$libinit$$0000001B  c_p.l(libinit2.o)
    0x00000264   0x00000264   0x00000000   Code   RO         3443    .ARM.Collect$$libinit$$0000001D  c_p.l(libinit2.o)
    0x00000264   0x00000264   0x00000000   Code   RO         3445    .ARM.Collect$$libinit$$0000001F  c_p.l(libinit2.o)
    0x00000264   0x00000264   0x00000000   Code   RO         3447    .ARM.Collect$$libinit$$00000021  c_p.l(libinit2.o)
    0x00000264   0x00000264   0x00000000   Code   RO         3449    .ARM.Collect$$libinit$$00000023  c_p.l(libinit2.o)
    0x00000264   0x00000264   0x00000000   Code   RO         3451    .ARM.Collect$$libinit$$00000025  c_p.l(libinit2.o)
    0x00000264   0x00000264   0x00000000   Code   RO         3453    .ARM.Collect$$libinit$$00000027  c_p.l(libinit2.o)
    0x00000264   0x00000264   0x00000000   Code   RO         3457    .ARM.Collect$$libinit$$0000002E  c_p.l(libinit2.o)
    0x00000264   0x00000264   0x00000000   Code   RO         3459    .ARM.Collect$$libinit$$00000030  c_p.l(libinit2.o)
    0x00000264   0x00000264   0x00000000   Code   RO         3461    .ARM.Collect$$libinit$$00000032  c_p.l(libinit2.o)
    0x00000264   0x00000264   0x00000000   Code   RO         3463    .ARM.Collect$$libinit$$00000034  c_p.l(libinit2.o)
    0x00000264   0x00000264   0x00000002   Code   RO         3464    .ARM.Collect$$libinit$$00000035  c_p.l(libinit2.o)
    0x00000266   0x00000266   0x00000002   Code   RO         3496    .ARM.Collect$$libshutdown$$00000000  c_p.l(libshutdown.o)
    0x00000268   0x00000268   0x00000000   Code   RO         3527    .ARM.Collect$$libshutdown$$00000002  c_p.l(libshutdown2.o)
    0x00000268   0x00000268   0x00000000   Code   RO         3529    .ARM.Collect$$libshutdown$$00000004  c_p.l(libshutdown2.o)
    0x00000268   0x00000268   0x00000000   Code   RO         3532    .ARM.Collect$$libshutdown$$00000007  c_p.l(libshutdown2.o)
    0x00000268   0x00000268   0x00000000   Code   RO         3535    .ARM.Collect$$libshutdown$$0000000A  c_p.l(libshutdown2.o)
    0x00000268   0x00000268   0x00000000   Code   RO         3537    .ARM.Collect$$libshutdown$$0000000C  c_p.l(libshutdown2.o)
    0x00000268   0x00000268   0x00000000   Code   RO         3540    .ARM.Collect$$libshutdown$$0000000F  c_p.l(libshutdown2.o)
    0x00000268   0x00000268   0x00000002   Code   RO         3541    .ARM.Collect$$libshutdown$$00000010  c_p.l(libshutdown2.o)
    0x0000026a   0x0000026a   0x00000000   Code   RO         3132    .ARM.Collect$$rtentry$$00000000  c_p.l(__rtentry.o)
    0x0000026a   0x0000026a   0x00000000   Code   RO         3301    .ARM.Collect$$rtentry$$00000002  c_p.l(__rtentry2.o)
    0x0000026a   0x0000026a   0x00000006   Code   RO         3313    .ARM.Collect$$rtentry$$00000004  c_p.l(__rtentry4.o)
    0x00000270   0x00000270   0x00000000   Code   RO         3303    .ARM.Collect$$rtentry$$00000009  c_p.l(__rtentry2.o)
    0x00000270   0x00000270   0x00000004   Code   RO         3304    .ARM.Collect$$rtentry$$0000000A  c_p.l(__rtentry2.o)
    0x00000274   0x00000274   0x00000000   Code   RO         3306    .ARM.Collect$$rtentry$$0000000C  c_p.l(__rtentry2.o)
    0x00000274   0x00000274   0x00000008   Code   RO         3307    .ARM.Collect$$rtentry$$0000000D  c_p.l(__rtentry2.o)
    0x0000027c   0x0000027c   0x00000002   Code   RO         3403    .ARM.Collect$$rtexit$$00000000  c_p.l(rtexit.o)
    0x0000027e   0x0000027e   0x00000000   Code   RO         3468    .ARM.Collect$$rtexit$$00000002  c_p.l(rtexit2.o)
    0x0000027e   0x0000027e   0x00000004   Code   RO         3469    .ARM.Collect$$rtexit$$00000003  c_p.l(rtexit2.o)
    0x00000282   0x00000282   0x00000006   Code   RO         3470    .ARM.Collect$$rtexit$$00000004  c_p.l(rtexit2.o)
    0x00000288   0x00000288   0x00000038   Code   RO         3018    .emb_text           c_p.l(rt_memcpy.o)
    0x000002c0   0x000002c0   0x00000030   Code   RO         1723    .text               startup_mspm0g350x_uvision.o
    0x000002f0   0x000002f0   0x0000002c   Code   RO         3004    .text               c_p.l(sprintf.o)
    0x0000031c   0x0000031c   0x00000044   Code   RO         3014    .text               c_p.l(strlen.o)
    0x00000360   0x00000360   0x00000082   Code   RO         3019    .text               c_p.l(rt_memcpy.o)
    0x000003e2   0x000003e2   0x00000040   Code   RO         3026    .text               c_p.l(rt_memclr.o)
    0x00000422   0x00000422   0x00000002   PAD
    0x00000424   0x00000424   0x0000016c   Code   RO         3028    .text               c_p.l(aeabi_sdiv.o)
    0x00000590   0x00000590   0x00000006   Code   RO         3032    .text               c_p.l(heapauxi.o)
    0x00000596   0x00000596   0x00000002   PAD
    0x00000598   0x00000598   0x00000358   Code   RO         3036    .text               fz_ps.l(daddsub.o)
    0x000008f0   0x000008f0   0x00000448   Code   RO         3062    .text               fz_ps.l(ddiv.o)
    0x00000d38   0x00000d38   0x0000006c   Code   RO         3065    .text               fz_ps.l(dfixi.o)
    0x00000da4   0x00000da4   0x00000058   Code   RO         3069    .text               fz_ps.l(dflti.o)
    0x00000dfc   0x00000dfc   0x00000248   Code   RO         3071    .text               fz_ps.l(dmul.o)
    0x00001044   0x00001044   0x0000004e   Code   RO         3141    .text               c_p.l(_printf_pad.o)
    0x00001092   0x00001092   0x00000024   Code   RO         3143    .text               c_p.l(_printf_truncate.o)
    0x000010b6   0x000010b6   0x00000052   Code   RO         3145    .text               c_p.l(_printf_str.o)
    0x00001108   0x00001108   0x0000006c   Code   RO         3147    .text               c_p.l(_printf_dec.o)
    0x00001174   0x00001174   0x00000026   Code   RO         3149    .text               c_p.l(_printf_charcount.o)
    0x0000119a   0x0000119a   0x00000002   PAD
    0x0000119c   0x0000119c   0x00000030   Code   RO         3151    .text               c_p.l(_printf_char_common.o)
    0x000011cc   0x000011cc   0x0000000a   Code   RO         3153    .text               c_p.l(_sputc.o)
    0x000011d6   0x000011d6   0x00000002   PAD
    0x000011d8   0x000011d8   0x000000bc   Code   RO         3157    .text               c_p.l(_printf_wctomb.o)
    0x00001294   0x00001294   0x00000070   Code   RO         3160    .text               c_p.l(_printf_longlong_dec.o)
    0x00001304   0x00001304   0x00000070   Code   RO         3166    .text               c_p.l(_printf_oct_int_ll.o)
    0x00001374   0x00001374   0x00000098   Code   RO         3186    .text               c_p.l(_printf_hex_int_ll_ptr.o)
    0x0000140c   0x0000140c   0x00000188   Code   RO         3206    .text               c_p.l(__printf_flags_ss_wp.o)
    0x00001594   0x00001594   0x0000007a   Code   RO         3322    .text               c_p.l(lludiv10.o)
    0x0000160e   0x0000160e   0x000000b0   Code   RO         3324    .text               c_p.l(_printf_intcommon.o)
    0x000016be   0x000016be   0x00000002   PAD
    0x000016c0   0x000016c0   0x00000414   Code   RO         3326    .text               c_p.l(_printf_fp_dec.o)
    0x00001ad4   0x00001ad4   0x000002d8   Code   RO         3330    .text               c_p.l(_printf_fp_hex.o)
    0x00001dac   0x00001dac   0x0000002e   Code   RO         3335    .text               c_p.l(_printf_char.o)
    0x00001dda   0x00001dda   0x0000002e   Code   RO         3337    .text               c_p.l(_printf_wchar.o)
    0x00001e08   0x00001e08   0x00000042   Code   RO         3340    .text               c_p.l(_c16rtomb.o)
    0x00001e4a   0x00001e4a   0x00000028   Code   RO         3342    .text               c_p.l(rtudiv10.o)
    0x00001e72   0x00001e72   0x00000002   PAD
    0x00001e74   0x00001e74   0x000000a0   Code   RO         3344    .text               fz_ps.l(dcmpin.o)
    0x00001f14   0x00001f14   0x00000008   Code   RO         3354    .text               c_p.l(libspace.o)
    0x00001f1c   0x00001f1c   0x0000003e   Code   RO         3357    .text               c_p.l(sys_stackheap_outer.o)
    0x00001f5a   0x00001f5a   0x00000002   PAD
    0x00001f5c   0x00001f5c   0x00000010   Code   RO         3360    .text               c_p.l(rt_ctype_table.o)
    0x00001f6c   0x00001f6c   0x00000008   Code   RO         3365    .text               c_p.l(rt_locale_intlibspace.o)
    0x00001f74   0x00001f74   0x00000088   Code   RO         3367    .text               c_p.l(_printf_fp_infnan.o)
    0x00001ffc   0x00001ffc   0x000000d8   Code   RO         3369    .text               c_p.l(bigflt0.o)
    0x000020d4   0x000020d4   0x00000580   Code   RO         3372    .text               c_p.l(btod.o)
    0x00002654   0x00002654   0x00000010   Code   RO         3382    .text               c_p.l(exit.o)
    0x00002664   0x00002664   0x0000002e   Code   RO         3394    .text               fz_ps.l(cmpret.o)
    0x00002692   0x00002692   0x00000002   PAD
    0x00002694   0x00002694   0x00000014   Code   RO         3396    .text               fz_ps.l(dnan2.o)
    0x000026a8   0x000026a8   0x00000088   Code   RO         3416    .text               c_p.l(strcmp.o)
    0x00002730   0x00002730   0x0000005e   Code   RO         3465    .text               fz_ps.l(retnan.o)
    0x0000278e   0x0000278e   0x00000002   PAD
    0x00002790   0x00002790   0x00000014   Code   RO          279    .text.DL_ADC12_enablePower  zf_common_clock.o
    0x000027a4   0x000027a4   0x00000010   Code   RO          277    .text.DL_ADC12_reset  zf_common_clock.o
    0x000027b4   0x000027b4   0x0000001c   Code   RO         2948    .text.DL_CORE_configInstruction  dl_sysctl_mspm0g1x0x_g3x0x.o
    0x000027d0   0x000027d0   0x0000000c   Code   RO         2946    .text.DL_CORE_getInstructionConfig  dl_sysctl_mspm0g1x0x_g3x0x.o
    0x000027dc   0x000027dc   0x00000014   Code   RO         1859    .text.DL_Common_delayCycles  dl_common.o
    0x000027f0   0x000027f0   0x00000028   Code   RO          804    .text.DL_Common_updateReg  zf_driver_uart.o
    0x00002818   0x00002818   0x00000028   Code   RO         1794    .text.DL_Common_updateReg  ti_msp_dl_config.o
    0x00002840   0x00002840   0x00000028   Code   RO         2871    .text.DL_Common_updateReg  dl_uart.o
    0x00002868   0x00002868   0x00000028   Code   RO         2944    .text.DL_Common_updateReg  dl_sysctl_mspm0g1x0x_g3x0x.o
    0x00002890   0x00002890   0x00000014   Code   RO          263    .text.DL_GPIO_enablePower  zf_common_clock.o
    0x000028a4   0x000028a4   0x00000014   Code   RO         1746    .text.DL_GPIO_enablePower  ti_msp_dl_config.o
    0x000028b8   0x000028b8   0x00000030   Code   RO         1752    .text.DL_GPIO_initDigitalInputFeatures  ti_msp_dl_config.o
    0x000028e8   0x000028e8   0x00000018   Code   RO         1750    .text.DL_GPIO_initPeripheralAnalogFunction  ti_msp_dl_config.o
    0x00002900   0x00002900   0x00000010   Code   RO          261    .text.DL_GPIO_reset  zf_common_clock.o
    0x00002910   0x00002910   0x00000010   Code   RO         1742    .text.DL_GPIO_reset  ti_msp_dl_config.o
    0x00002920   0x00002920   0x00000018   Code   RO          275    .text.DL_SPI_enablePower  zf_common_clock.o
    0x00002938   0x00002938   0x00000018   Code   RO          273    .text.DL_SPI_reset  zf_common_clock.o
    0x00002950   0x00002950   0x00000024   Code   RO         2980    .text.DL_SYSCTL_configFCC  dl_sysctl_mspm0g1x0x_g3x0x.o
    0x00002974   0x00002974   0x000000e0   Code   RO         2938    .text.DL_SYSCTL_configSYSPLL  dl_sysctl_mspm0g1x0x_g3x0x.o
    0x00002a54   0x00002a54   0x00000010   Code   RO         2978    .text.DL_SYSCTL_disableHFCLKStartupMonitor  dl_sysctl_mspm0g1x0x_g3x0x.o
    0x00002a64   0x00002a64   0x0000000c   Code   RO         1770    .text.DL_SYSCTL_disableHFXT  ti_msp_dl_config.o
    0x00002a70   0x00002a70   0x0000000c   Code   RO         2968    .text.DL_SYSCTL_disableHFXT  dl_sysctl_mspm0g1x0x_g3x0x.o
    0x00002a7c   0x00002a7c   0x00000010   Code   RO         1772    .text.DL_SYSCTL_disableSYSPLL  ti_msp_dl_config.o
    0x00002a8c   0x00002a8c   0x00000010   Code   RO         2940    .text.DL_SYSCTL_disableSYSPLL  dl_sysctl_mspm0g1x0x_g3x0x.o
    0x00002a9c   0x00002a9c   0x00000010   Code   RO         2974    .text.DL_SYSCTL_enableHFCLKStartupMonitor  dl_sysctl_mspm0g1x0x_g3x0x.o
    0x00002aac   0x00002aac   0x00000010   Code   RO         1782    .text.DL_SYSCTL_enableMFCLK  ti_msp_dl_config.o
    0x00002abc   0x00002abc   0x00000010   Code   RO         1784    .text.DL_SYSCTL_enableMFPCLK  ti_msp_dl_config.o
    0x00002acc   0x00002acc   0x00000010   Code   RO         1774    .text.DL_SYSCTL_enableSYSPLL  ti_msp_dl_config.o
    0x00002adc   0x00002adc   0x00000010   Code   RO         2950    .text.DL_SYSCTL_enableSYSPLL  dl_sysctl_mspm0g1x0x_g3x0x.o
    0x00002aec   0x00002aec   0x00000008   Code   RO         1776    .text.DL_SYSCTL_getClockStatus  ti_msp_dl_config.o
    0x00002af4   0x00002af4   0x0000000c   Code   RO         2942    .text.DL_SYSCTL_getClockStatus  dl_sysctl_mspm0g1x0x_g3x0x.o
    0x00002b00   0x00002b00   0x00000010   Code   RO         1760    .text.DL_SYSCTL_isFCCDone  ti_msp_dl_config.o
    0x00002b10   0x00002b10   0x0000000c   Code   RO         1762    .text.DL_SYSCTL_readFCC  ti_msp_dl_config.o
    0x00002b1c   0x00002b1c   0x00000018   Code   RO         1764    .text.DL_SYSCTL_setBORThreshold  ti_msp_dl_config.o
    0x00002b34   0x00002b34   0x00000018   Code   RO         1756    .text.DL_SYSCTL_setFCCPeriods  ti_msp_dl_config.o
    0x00002b4c   0x00002b4c   0x0000001c   Code   RO         1766    .text.DL_SYSCTL_setFlashWaitState  ti_msp_dl_config.o
    0x00002b68   0x00002b68   0x0000001c   Code   RO         1780    .text.DL_SYSCTL_setHFCLKDividerForMFPCLK  ti_msp_dl_config.o
    0x00002b84   0x00002b84   0x00000064   Code   RO         2976    .text.DL_SYSCTL_setHFCLKSourceHFXTParams  dl_sysctl_mspm0g1x0x_g3x0x.o
    0x00002be8   0x00002be8   0x0000001c   Code   RO         2970    .text.DL_SYSCTL_setHFXTFrequencyRange  dl_sysctl_mspm0g1x0x_g3x0x.o
    0x00002c04   0x00002c04   0x00000018   Code   RO         2972    .text.DL_SYSCTL_setHFXTStartupTime  dl_sysctl_mspm0g1x0x_g3x0x.o
    0x00002c1c   0x00002c1c   0x00000018   Code   RO         2962    .text.DL_SYSCTL_setHSCLKSource  dl_sysctl_mspm0g1x0x_g3x0x.o
    0x00002c34   0x00002c34   0x00000054   Code   RO         2952    .text.DL_SYSCTL_setLFCLKSourceLFXT  dl_sysctl_mspm0g1x0x_g3x0x.o
    0x00002c88   0x00002c88   0x00000020   Code   RO         1786    .text.DL_SYSCTL_setMFPCLKSource  ti_msp_dl_config.o
    0x00002ca8   0x00002ca8   0x0000001c   Code   RO         1768    .text.DL_SYSCTL_setSYSOSCFreq  ti_msp_dl_config.o
    0x00002cc4   0x00002cc4   0x00000018   Code   RO         1778    .text.DL_SYSCTL_setULPCLKDivider  ti_msp_dl_config.o
    0x00002cdc   0x00002cdc   0x00000010   Code   RO         1758    .text.DL_SYSCTL_startFCC  ti_msp_dl_config.o
    0x00002cec   0x00002cec   0x0000004c   Code   RO         2960    .text.DL_SYSCTL_switchMCLKfromSYSOSCtoHSCLK  dl_sysctl_mspm0g1x0x_g3x0x.o
    0x00002d38   0x00002d38   0x0000000c   Code   RO         1792    .text.DL_SYSTICK_enable  ti_msp_dl_config.o
    0x00002d44   0x00002d44   0x00000028   Code   RO         1790    .text.DL_SYSTICK_init  ti_msp_dl_config.o
    0x00002d6c   0x00002d6c   0x00000014   Code   RO          267    .text.DL_Timer_enablePower  zf_common_clock.o
    0x00002d80   0x00002d80   0x00000010   Code   RO          265    .text.DL_Timer_reset  zf_common_clock.o
    0x00002d90   0x00002d90   0x00000018   Code   RO          240    .text.DL_UART_clearInterruptStatus  isr.o
    0x00002da8   0x00002da8   0x00000016   Code   RO         2869    .text.DL_UART_disable  dl_uart.o
    0x00002dbe   0x00002dbe   0x00000016   Code   RO          802    .text.DL_UART_enable  zf_driver_uart.o
    0x00002dd4   0x00002dd4   0x00000014   Code   RO          271    .text.DL_UART_enablePower  zf_common_clock.o
    0x00002de8   0x00002de8   0x00000012   Code   RO          238    .text.DL_UART_getPendingInterrupt  isr.o
    0x00002dfa   0x00002dfa   0x00000002   PAD
    0x00002dfc   0x00002dfc   0x00000048   Code   RO         2867    .text.DL_UART_init  dl_uart.o
    0x00002e44   0x00002e44   0x00000014   Code   RO          772    .text.DL_UART_isBusy  zf_driver_uart.o
    0x00002e58   0x00002e58   0x00000014   Code   RO          782    .text.DL_UART_isRXFIFOEmpty  zf_driver_uart.o
    0x00002e6c   0x00002e6c   0x00000014   Code   RO          784    .text.DL_UART_receiveData  zf_driver_uart.o
    0x00002e80   0x00002e80   0x00000014   Code   RO          269    .text.DL_UART_reset  zf_common_clock.o
    0x00002e94   0x00002e94   0x0000004c   Code   RO          800    .text.DL_UART_setBaudRateDivisor  zf_driver_uart.o
    0x00002ee0   0x00002ee0   0x00000024   Code   RO         2873    .text.DL_UART_setClockConfig  dl_uart.o
    0x00002f04   0x00002f04   0x0000001e   Code   RO          798    .text.DL_UART_setOversampling  zf_driver_uart.o
    0x00002f22   0x00002f22   0x00000016   Code   RO          774    .text.DL_UART_transmitData  zf_driver_uart.o
    0x00002f38   0x00002f38   0x00000034   Code   RO         2924    .text.DL_VREF_configReference  dl_vref.o
    0x00002f6c   0x00002f6c   0x00000014   Code   RO          283    .text.DL_VREF_enablePower  zf_common_clock.o
    0x00002f80   0x00002f80   0x00000018   Code   RO         1748    .text.DL_VREF_enablePower  ti_msp_dl_config.o
    0x00002f98   0x00002f98   0x00000010   Code   RO          281    .text.DL_VREF_reset  zf_common_clock.o
    0x00002fa8   0x00002fa8   0x00000018   Code   RO         1744    .text.DL_VREF_reset  ti_msp_dl_config.o
    0x00002fc0   0x00002fc0   0x0000010c   Code   RO          248    .text.GROUP1_IRQHandler  isr.o
    0x000030cc   0x000030cc   0x00000030   Code   RO         1734    .text.SYSCFG_DL_GPIO_init  ti_msp_dl_config.o
    0x000030fc   0x000030fc   0x000000b0   Code   RO         1754    .text.SYSCFG_DL_SYSCTL_SYSPLL_init  ti_msp_dl_config.o
    0x000031ac   0x000031ac   0x00000094   Code   RO         1736    .text.SYSCFG_DL_SYSCTL_init  ti_msp_dl_config.o
    0x00003240   0x00003240   0x0000000e   Code   RO         1740    .text.SYSCFG_DL_SYSTICK_init  ti_msp_dl_config.o
    0x0000324e   0x0000324e   0x00000002   PAD
    0x00003250   0x00003250   0x00000010   Code   RO         1738    .text.SYSCFG_DL_VREF_init  ti_msp_dl_config.o
    0x00003260   0x00003260   0x00000018   Code   RO         1730    .text.SYSCFG_DL_init  ti_msp_dl_config.o
    0x00003278   0x00003278   0x00000044   Code   RO         1732    .text.SYSCFG_DL_initPower  ti_msp_dl_config.o
    0x000032bc   0x000032bc   0x00000010   Code   RO          222    .text.TIMA0_IRQHandler  isr.o
    0x000032cc   0x000032cc   0x00000010   Code   RO          224    .text.TIMA1_IRQHandler  isr.o
    0x000032dc   0x000032dc   0x00000010   Code   RO          226    .text.TIMG0_IRQHandler  isr.o
    0x000032ec   0x000032ec   0x00000010   Code   RO          234    .text.TIMG12_IRQHandler  isr.o
    0x000032fc   0x000032fc   0x00000010   Code   RO          228    .text.TIMG6_IRQHandler  isr.o
    0x0000330c   0x0000330c   0x00000010   Code   RO          230    .text.TIMG7_IRQHandler  isr.o
    0x0000331c   0x0000331c   0x00000018   Code   RO          232    .text.TIMG8_IRQHandler  isr.o
    0x00003334   0x00003334   0x00000054   Code   RO          236    .text.UART0_IRQHandler  isr.o
    0x00003388   0x00003388   0x00000058   Code   RO          242    .text.UART1_IRQHandler  isr.o
    0x000033e0   0x000033e0   0x0000004c   Code   RO          244    .text.UART2_IRQHandler  isr.o
    0x0000342c   0x0000342c   0x00000054   Code   RO          246    .text.UART3_IRQHandler  isr.o
    0x00003480   0x00003480   0x00000008   Code   RO          300    .text._sys_exit     zf_common_debug.o
    0x00003488   0x00003488   0x00000158   Code   RO          569    .text.afio_init     zf_driver_gpio.o
    0x000035e0   0x000035e0   0x0000001e   Code   RO          257    .text.clock_init    zf_common_clock.o
    0x000035fe   0x000035fe   0x00000002   PAD
    0x00003600   0x00003600   0x0000014c   Code   RO          259    .text.clock_reset   zf_common_clock.o
    0x0000374c   0x0000374c   0x00000068   Code   RO          310    .text.debug_assert_handler  zf_common_debug.o
    0x000037b4   0x000037b4   0x0000003e   Code   RO          316    .text.debug_delay   zf_common_debug.o
    0x000037f2   0x000037f2   0x00000002   PAD
    0x000037f4   0x000037f4   0x00000024   Code   RO          298    .text.debug_interrupr_handler  zf_common_debug.o
    0x00003818   0x00003818   0x0000034c   Code   RO          314    .text.debug_output  zf_common_debug.o
    0x00003b64   0x00003b64   0x00000002   Code   RO          312    .text.debug_protective_handler  zf_common_debug.o
    0x00003b66   0x00003b66   0x0000000a   Code   RO          540    .text.exti_callbakc_defalut  zf_driver_exti.o
    0x00003b70   0x00003b70   0x000000a8   Code   RO          350    .text.fifo_head_offset  zf_common_fifo.o
    0x00003c18   0x00003c18   0x000003a8   Code   RO          352    .text.fifo_write_buffer  zf_common_fifo.o
    0x00003fc0   0x00003fc0   0x00000034   Code   RO          563    .text.gpio_get_level  zf_driver_gpio.o
    0x00003ff4   0x00003ff4   0x000001c8   Code   RO          559    .text.gpio_init     zf_driver_gpio.o
    0x000041bc   0x000041bc   0x00000032   Code   RO          557    .text.gpio_set_a0_a1_output  zf_driver_gpio.o
    0x000041ee   0x000041ee   0x00000002   PAD
    0x000041f0   0x000041f0   0x0000006c   Code   RO          561    .text.gpio_set_level  zf_driver_gpio.o
    0x0000425c   0x0000425c   0x00000020   Code   RO          425    .text.interrupt_global_disable  zf_common_interrupt.o
    0x0000427c   0x0000427c   0x00000002   Code   RO          439    .text.interrupt_init  zf_common_interrupt.o
    0x0000427e   0x0000427e   0x00000002   PAD
    0x00004280   0x00004280   0x00000154   Code   RO          206    .text.main          main.o
    0x000043d4   0x000043d4   0x00000094   Code   RO          208    .text.mpu6050_init  main.o
    0x00004468   0x00004468   0x0000000a   Code   RO          581    .text.pit_callbakc_defalut  zf_driver_pit.o
    0x00004472   0x00004472   0x00000014   Code   RO          210    .text.read_be16     main.o
    0x00004486   0x00004486   0x00000002   PAD
    0x00004488   0x00004488   0x00000088   Code   RO          672    .text.soft_iic_init  zf_driver_soft_iic.o
    0x00004510   0x00004510   0x00000070   Code   RO          654    .text.soft_iic_read_8bit_register  zf_driver_soft_iic.o
    0x00004580   0x00004580   0x00000094   Code   RO          656    .text.soft_iic_read_8bit_registers  zf_driver_soft_iic.o
    0x00004614   0x00004614   0x00000154   Code   RO          628    .text.soft_iic_read_data  zf_driver_soft_iic.o
    0x00004768   0x00004768   0x00000114   Code   RO          622    .text.soft_iic_send_ack  zf_driver_soft_iic.o
    0x0000487c   0x0000487c   0x00000124   Code   RO          626    .text.soft_iic_send_data  zf_driver_soft_iic.o
    0x000049a0   0x000049a0   0x000000d8   Code   RO          618    .text.soft_iic_start  zf_driver_soft_iic.o
    0x00004a78   0x00004a78   0x000000dc   Code   RO          620    .text.soft_iic_stop  zf_driver_soft_iic.o
    0x00004b54   0x00004b54   0x00000100   Code   RO          624    .text.soft_iic_wait_ack  zf_driver_soft_iic.o
    0x00004c54   0x00004c54   0x00000058   Code   RO          638    .text.soft_iic_write_8bit_register  zf_driver_soft_iic.o
    0x00004cac   0x00004cac   0x00000002   Code   RO          531    .text.system_delay_init  zf_driver_delay.o
    0x00004cae   0x00004cae   0x00000002   PAD
    0x00004cb0   0x00004cb0   0x00000054   Code   RO          527    .text.system_delay_ms  zf_driver_delay.o
    0x00004d04   0x00004d04   0x00000002   Code   RO         1443    .text.type_default_callback  zf_device_type.o
    0x00004d06   0x00004d06   0x0000000a   Code   RO          768    .text.uart_callbakc_defalut  zf_driver_uart.o
    0x00004d10   0x00004d10   0x00000120   Code   RO          796    .text.uart_init     zf_driver_uart.o
    0x00004e30   0x00004e30   0x00000058   Code   RO          786    .text.uart_query_byte  zf_driver_uart.o
    0x00004e88   0x00004e88   0x00000060   Code   RO          778    .text.uart_write_string  zf_driver_uart.o
    0x00004ee8   0x00004ee8   0x00000030   Code   RO         3375    i.__ARM_common_ll_muluu  c_p.l(btod.o)
    0x00004f18   0x00004f18   0x0000002c   Code   RO         3350    i.__ARM_fpclassify  m_ps.l(fpclassify.o)
    0x00004f44   0x00004f44   0x00000016   Code   RO         3045    i._dgeq             fz_ps.l(dcmp.o)
    0x00004f5a   0x00004f5a   0x0000001a   Code   RO         3047    i._dleq             fz_ps.l(dcmp.o)
    0x00004f74   0x00004f74   0x0000000e   Code   RO         3199    i._is_digit         c_p.l(__printf_wp.o)
    0x00004f82   0x00004f82   0x00000002   PAD
    0x00004f84   0x00004f84   0x0000002c   Code   RO         3380    locale$$code        c_p.l(lc_numeric_c.o)
    0x00004fb0   0x00004fb0   0x0000002c   Code   RO         3410    locale$$code        c_p.l(lc_ctype_c.o)
    0x00004fdc   0x00004fdc   0x00000064   Code   RO         3234    x$fpl$dgeqf         fz_ps.l(dgef.o)
    0x00005040   0x00005040   0x00000064   Code   RO         3236    x$fpl$dleqf         fz_ps.l(dlef.o)
    0x000050a4   0x000050a4   0x00000010   Code   RO         3248    x$fpl$printf1       fz_ps.l(printf1.o)
    0x000050b4   0x000050b4   0x00000010   Code   RO         3250    x$fpl$printf2       fz_ps.l(printf2.o)
    0x000050c4   0x000050c4   0x00000000   Code   RO         3256    x$fpl$usenofp       fz_ps.l(usenofp.o)
    0x000050c4   0x000050c4   0x00000080   Data   RO         3063    .constdata          fz_ps.l(ddiv.o)
    0x00005144   0x00005144   0x00000008   Data   RO         3158    .constdata          c_p.l(_printf_wctomb.o)
    0x0000514c   0x0000514c   0x00000028   Data   RO         3187    .constdata          c_p.l(_printf_hex_int_ll_ptr.o)
    0x00005174   0x00005174   0x00000011   Data   RO         3207    .constdata          c_p.l(__printf_flags_ss_wp.o)
    0x00005185   0x00005185   0x00000026   Data   RO         3331    .constdata          c_p.l(_printf_fp_hex.o)
    0x000051ab   0x000051ab   0x00000001   PAD
    0x000051ac   0x000051ac   0x00000094   Data   RO         3370    .constdata          c_p.l(bigflt0.o)
    0x00005240   0x00005240   0x00000003   Data   RO         1797    .rodata.gLFCLKConfig  ti_msp_dl_config.o
    0x00005243   0x00005243   0x00000001   PAD
    0x00005244   0x00005244   0x00000028   Data   RO         1796    .rodata.gSYSPLLConfig  ti_msp_dl_config.o
    0x0000526c   0x0000526c   0x0000000c   Data   RO         1798    .rodata.gVREFConfig  ti_msp_dl_config.o
    0x00005278   0x00005278   0x0000003c   Data   RO          572    .rodata.gpio_iomux_index  zf_driver_gpio.o
    0x000052b4   0x000052b4   0x0000007e   Data   RO          212    .rodata.str1.1      main.o
    0x00005332   0x00005332   0x00000066   Data   RO          333    .rodata.str1.1      zf_common_debug.o
    0x00005398   0x00005398   0x0000002b   Data   RO          364    .rodata.str1.1      zf_common_fifo.o
    0x000053c3   0x000053c3   0x0000002b   Data   RO          573    .rodata.str1.1      zf_driver_gpio.o
    0x000053ee   0x000053ee   0x0000002f   Data   RO          674    .rodata.str1.1      zf_driver_soft_iic.o
    0x0000541d   0x0000541d   0x0000002b   Data   RO          809    .rodata.str1.1      zf_driver_uart.o
    0x00005448   0x00005448   0x00000002   Data   RO          812    .rodata.uart_init.uart_clock_config  zf_driver_uart.o
    0x0000544a   0x0000544a   0x0000000a   Data   RO          813    .rodata.uart_init.uart_default_config  zf_driver_uart.o
    0x00005454   0x00005454   0x00000004   PAD
    0x00005458   0x00005458   0x00000020   Data   RO         3542    Region$$Table       anon$$obj.o
    0x00005478   0x00005478   0x0000001c   Data   RO         3379    locale$$data        c_p.l(lc_numeric_c.o)
    0x00005494   0x00005494   0x00000110   Data   RO         3409    locale$$data        c_p.l(lc_ctype_c.o)


    Execution Region RW_IRAM2 (Exec base: 0x20200000, Load base: 0x000055a8, Size: 0x00001628, Max: 0x00008000, ABSOLUTE)

    Exec Addr    Load Addr    Size         Type   Attr      Idx    E Section Name        Object

    0x20200000   0x000055a8   0x00000080   Data   RW          548    .data.exti_callback_list  zf_driver_exti.o
    0x20200080   0x00005628   0x00000008   Data   RW          571    .data.gpio_group    zf_driver_gpio.o
    0x20200088   0x00005630   0x0000001c   Data   RW          597    .data.pit_callback_ptr_list  zf_driver_pit.o
    0x202000a4   0x0000564c   0x00000010   Data   RW          807    .data.uart_callback_list  zf_driver_uart.o
    0x202000b4   0x0000565c   0x00000010   Data   RW          808    .data.uart_list     zf_driver_uart.o
    0x202000c4   0x0000566c   0x00000004   Data   RW         1456    .data.wireless_module_uart_handler  zf_device_type.o
    0x202000c8   0x00005670   0x00000001   Data   RW          331    .data.zf_debug_assert_enable  zf_common_debug.o
    0x202000c9   0x00005671   0x00000007   PAD
    0x202000d0        -       0x00000060   Zero   RW         3355    .bss                c_p.l(libspace.o)
    0x20200130        -       0x00000001   Zero   RW          332    .bss.debug_assert_handler.assert_nest_index  zf_common_debug.o
    0x20200131   0x00005671   0x00000003   PAD
    0x20200134        -       0x00000014   Zero   RW          334    .bss.debug_output_info  zf_common_debug.o
    0x20200148        -       0x00000001   Zero   RW          328    .bss.debug_uart_data  zf_common_debug.o
    0x20200149        -       0x00000016   Zero   RW          329    .bss.debug_uart_fifo  zf_common_debug.o
    0x2020015f   0x00005671   0x00000001   PAD
    0x20200160        -       0x00000080   Zero   RW          549    .bss.exti_callback_ptr_list  zf_driver_exti.o
    0x202001e0        -       0x00000004   Zero   RW          441    .bss.interrupt_nest_count  zf_common_interrupt.o
    0x202001e4        -       0x00000010   Zero   RW          213    .bss.mpu_iic        main.o
    0x202001f4        -       0x0000001c   Zero   RW          596    .bss.pit_callback_list  zf_driver_pit.o
    0x20200210        -       0x00000010   Zero   RW          806    .bss.uart_callback_ptr_list  zf_driver_uart.o
    0x20200220        -       0x00000001   Zero   RW          330    .bss.zf_debug_init_flag  zf_common_debug.o
    0x20200221   0x00005671   0x00000007   PAD
    0x20200228        -       0x00000400   Zero   RW         1721    HEAP                startup_mspm0g350x_uvision.o
    0x20200628        -       0x00001000   Zero   RW         1720    STACK               startup_mspm0g350x_uvision.o



  Load Region LR_BCR (Base: 0x41c00000, Size: 0x00000000, Max: 0x00000100, ABSOLUTE)

    Execution Region BCR_CONFIG (Exec base: 0x41c00000, Load base: 0x41c00000, Size: 0x00000000, Max: 0x00000080, ABSOLUTE)

    **** No section assigned to this execution region ****



  Load Region LR_BSL (Base: 0x41c00100, Size: 0x00000000, Max: 0x00000100, ABSOLUTE)

    Execution Region BSL_CONFIG (Exec base: 0x41c00100, Load base: 0x41c00100, Size: 0x00000000, Max: 0x00000080, ABSOLUTE)

    **** No section assigned to this execution region ****


==============================================================================

Image component sizes


      Code (inc. data)   RO Data    RW Data    ZI Data      Debug   Object Name

        20          0          0          0          0        651   dl_common.o
       764         60          0          0          0      10951   dl_sysctl_mspm0g1x0x_g3x0x.o
       170          8          0          0          0      10763   dl_uart.o
        52          4          0          0          0       2557   dl_vref.o
       762         60          0          0          0       5487   isr.o
       508         36        126          0         16       3271   main.o
        48         22        192          0       5120        764   startup_mspm0g350x_uvision.o
      1058         92         55          0          0      17288   ti_msp_dl_config.o
       594         84          0          0          0      11234   zf_common_clock.o
      1056         48        102          1         45       7889   zf_common_debug.o
      1104          4         43          0          0       5766   zf_common_fifo.o
        34          4          0          0          4       3632   zf_common_interrupt.o
         2          0          0          4          0       1968   zf_device_type.o
        86         16          0          0          0       1205   zf_driver_delay.o
        10          0          0        128        128       3794   zf_driver_exti.o
      1010        216        103          8          0       6968   zf_driver_gpio.o
        10          0          0         28         28       6623   zf_driver_pit.o
      2084         64         47          0          0       9004   zf_driver_soft_iic.o
       732         52         55         32         16      12150   zf_driver_uart.o

    ----------------------------------------------------------------------
     10120        770        760        204       5372     121965   Object Totals
         0          0         32          0          0          0   (incl. Generated)
        16          0          5          3         15          0   (incl. Padding)

    ----------------------------------------------------------------------

      Code (inc. data)   RO Data    RW Data    ZI Data      Debug   Library Member Name

         8          0          0          0          0         68   __main.o
       392          6         17          0          0         76   __printf_flags_ss_wp.o
        14          0          0          0          0         60   __printf_wp.o
         0          0          0          0          0          0   __rtentry.o
        12          0          0          0          0          0   __rtentry2.o
         6          0          0          0          0          0   __rtentry4.o
        86         10          0          0          0          0   __scatter.o
        26          0          0          0          0          0   __scatter_copy.o
        28          0          0          0          0          0   __scatter_zi.o
        66          0          0          0          0         76   _c16rtomb.o
        10          0          0          0          0          0   _printf_a.o
        10          0          0          0          0          0   _printf_c.o
        46          0          0          0          0        100   _printf_char.o
        48          6          0          0          0         88   _printf_char_common.o
        38          0          0          0          0         60   _printf_charcount.o
        10          0          0          0          0          0   _printf_d.o
       108         18          0          0          0         76   _printf_dec.o
        10          0          0          0          0          0   _printf_e.o
        10          0          0          0          0          0   _printf_f.o
      1044         12          0          0          0        116   _printf_fp_dec.o
       728         10         38          0          0         84   _printf_fp_hex.o
       136         16          0          0          0         76   _printf_fp_infnan.o
        10          0          0          0          0          0   _printf_g.o
       152          4         40          0          0        148   _printf_hex_int_ll_ptr.o
        10          0          0          0          0          0   _printf_i.o
       176          0          0          0          0         84   _printf_intcommon.o
        10          0          0          0          0          0   _printf_l.o
        10          0          0          0          0          0   _printf_lc.o
        10          0          0          0          0          0   _printf_ll.o
        10          0          0          0          0          0   _printf_lld.o
        10          0          0          0          0          0   _printf_lli.o
        10          0          0          0          0          0   _printf_llo.o
        10          0          0          0          0          0   _printf_llu.o
        10          0          0          0          0          0   _printf_llx.o
       112         18          0          0          0         76   _printf_longlong_dec.o
        10          0          0          0          0          0   _printf_ls.o
        10          0          0          0          0          0   _printf_n.o
        10          0          0          0          0          0   _printf_o.o
       112         10          0          0          0        112   _printf_oct_int_ll.o
        10          0          0          0          0          0   _printf_p.o
        78          0          0          0          0        100   _printf_pad.o
         2          0          0          0          0          0   _printf_percent.o
         4          0          0          0          0          0   _printf_percent_end.o
        10          0          0          0          0          0   _printf_s.o
        82          0          0          0          0         72   _printf_str.o
        36          0          0          0          0         76   _printf_truncate.o
        10          0          0          0          0          0   _printf_u.o
        46          0          0          0          0        100   _printf_wchar.o
       188          6          8          0          0         80   _printf_wctomb.o
        10          0          0          0          0          0   _printf_x.o
        10          0          0          0          0         60   _sputc.o
       364          4          0          0          0         92   aeabi_sdiv.o
       216          6        148          0          0         80   bigflt0.o
      1456         30          0          0          0        336   btod.o
        16          0          0          0          0         68   exit.o
         6          0          0          0          0        136   heapauxi.o
        44         10        272          0          0         76   lc_ctype_c.o
        44         10         28          0          0         76   lc_numeric_c.o
         2          0          0          0          0          0   libinit.o
        30          0          0          0          0          0   libinit2.o
         2          0          0          0          0          0   libshutdown.o
         2          0          0          0          0          0   libshutdown2.o
         8          4          0          0         96         68   libspace.o
       122          0          0          0          0         72   lludiv10.o
        16          4          0          0          0         76   rt_ctype_table.o
         8          4          0          0          0         68   rt_locale_intlibspace.o
        64          0          0          0          0        108   rt_memclr.o
       186          0          0          0          0        144   rt_memcpy.o
         2          0          0          0          0          0   rtexit.o
        10          0          0          0          0          0   rtexit2.o
        40          0          0          0          0         60   rtudiv10.o
        44          4          0          0          0         84   sprintf.o
       136          4          0          0          0         72   strcmp.o
        68          6          0          0          0         72   strlen.o
        62          0          0          0          0         80   sys_stackheap_outer.o
        46          0          0          0          0         60   cmpret.o
       856         20          0          0          0        208   daddsub.o
        48          0          0          0          0        136   dcmp.o
       160          6          0          0          0         76   dcmpin.o
      1096         26        128          0          0        112   ddiv.o
       108         10          0          0          0         72   dfixi.o
        88          0          0          0          0         92   dflti.o
       100          4          0          0          0         92   dgef.o
       100          4          0          0          0         92   dlef.o
       584         26          0          0          0         84   dmul.o
        20          6          0          0          0         68   dnan2.o
        16          4          0          0          0         76   printf1.o
        16          4          0          0          0         76   printf2.o
        94          0          0          0          0         68   retnan.o
         0          0          0          0          0          0   usenofp.o
        44          4          0          0          0         60   fpclassify.o

    ----------------------------------------------------------------------
     10364        320        680          0         96       4928   Library Totals
        36          4          1          0          0          0   (incl. Padding)

    ----------------------------------------------------------------------

      Code (inc. data)   RO Data    RW Data    ZI Data      Debug   Library Name

      6952        202        551          0         96       3556   c_p.l
      3332        110        128          0          0       1312   fz_ps.l
        44          4          0          0          0         60   m_ps.l

    ----------------------------------------------------------------------
     10364        320        680          0         96       4928   Library Totals

    ----------------------------------------------------------------------

==============================================================================


      Code (inc. data)   RO Data    RW Data    ZI Data      Debug   

     20484       1090       1440        204       5468     124257   Grand Totals
     20484       1090       1440        204       5468     124257   ELF Image Totals
     20484       1090       1440        204          0          0   ROM Totals

==============================================================================

    Total RO  Size (Code + RO Data)                21924 (  21.41kB)
    Total RW  Size (RW Data + ZI Data)              5672 (   5.54kB)
    Total ROM Size (Code + RO Data + RW Data)      22128 (  21.61kB)

==============================================================================

